============================= test session starts =============================
platform win32 -- Python 3.12.8, pytest-8.3.4, pluggy-1.5.0 -- C:\Users\frc40\Documents\Robot Code\Reefscape2025\.venv\Scripts\python.exe
cachedir: .pytest_cache
hypothesis profile 'default' -> database=DirectoryBasedExampleDatabase(WindowsPath('C:/Users/frc40/Documents/Robot Code/Reefscape2025/tests/.hypothesis/examples'))
rootdir: C:\Users\frc40\Documents\Robot Code\Reefscape2025
configfile: pyproject.toml
plugins: hypothesis-6.124.5, integration-0.2.3, reraise-2.1.2, typeguard-4.3.0
collecting ... collected 11 items

pyfrc_test.py::test_disabled PASSED                                      [  9%]
pyfrc_test.py::test_operator_control PASSED                              [ 18%]
test_scalers.py::test_deadzone PASSED                                    [ 27%]
test_scalers.py::test_deadzone_zero_threshold PASSED                     [ 36%]
test_scalers.py::test_exponential PASSED                                 [ 45%]
test_scalers.py::test_scale_value PASSED                                 [ 54%]
fuzz_test.py::test_fuzz[Blue3] PASSED                                    [ 63%]
fuzz_test.py::test_fuzz[Red2] PASSED                                     [ 72%]
fuzz_test.py::test_fuzz_test PASSED                                      [ 81%]
autonomous_test.py::test_all_autonomous[Red] FAILED                      [ 90%]
autonomous_test.py::test_all_autonomous[Blue] FAILED                     [100%]

================================== FAILURES ===================================
__________________________ test_all_autonomous[Red] ___________________________

item = <Function test_all_autonomous[Red]>

    @pytest.hookimpl(hookwrapper=True, tryfirst=True)
    def pytest_runtest_call(item: Item):
        result = yield
        if hasattr(item, "funcargs") and "reraise" in item.funcargs:
            reraise = item.funcargs["reraise"]
    
            # Override any non-re-raised exception in the main thread by calling `reraise()`
            if result.excinfo is None or not hasattr(
                result.excinfo[1], "_is_from_pytest_reraise"
            ):
>               reraise()

..\.venv\Lib\site-packages\pytest_reraise\reraise.py:136: 
_ _ _ _ _ _ _ _ _ _ _ _ _ _ _ _ _ _ _ _ _ _ _ _ _ _ _ _ _ _ _ _ _ _ _ _ _ _ _ _
..\.venv\Lib\site-packages\pytest_reraise\reraise.py:72: in __call__
    raise e
..\.venv\Lib\site-packages\pyfrc\test_support\controller.py:42: in _robot_thread
    robot.startCompetition()
..\.venv\Lib\site-packages\magicbot\magicrobot.py:376: in startCompetition
    self.autonomous()
..\.venv\Lib\site-packages\magicbot\magicrobot.py:409: in autonomous
    self._automodes.run(
..\.venv\Lib\site-packages\robotpy_ext\autonomous\selector.py:291: in run
    on_exception()
..\.venv\Lib\site-packages\robotpy_ext\autonomous\selector.py:289: in run
    self._on_iteration(timer.get())
..\.venv\Lib\site-packages\robotpy_ext\autonomous\selector.py:384: in _on_iteration
    self.active_mode.on_iteration(time_elapsed)
..\.venv\Lib\site-packages\magicbot\state_machine.py:680: in on_iteration
    self.execute()
..\.venv\Lib\site-packages\magicbot\state_machine.py:611: in execute
    self.next_state(state.next_state)
_ _ _ _ _ _ _ _ _ _ _ _ _ _ _ _ _ _ _ _ _ _ _ _ _ _ _ _ _ _ _ _ _ _ _ _ _ _ _ _

self = <autonomous.choreo.AutonPlace5 object at 0x00000205CEA8C3B0>
state = 'place_coral'

    def next_state(self, state: StateRef) -> None:
        """Call this function to transition to the next state
    
        :param state: Name of the state to transition to
    
        .. note:: This should only be called from one of the state functions
        """
        if isinstance(state, _State):
            state = state.name
    
>       state_data = self.__states[state]
E       KeyError: 'place_coral'

..\.venv\Lib\site-packages\magicbot\state_machine.py:531: KeyError
---------------------------- Captured stdout setup ----------------------------
Not loading CameraServerShared
---------------------------- Captured stdout call -----------------------------
set pose called -- force location
set pose called -- force location
set pose called -- force location
set pose called -- force location
waiting...
waiting...
waiting...
waiting...
waiting...
waiting...
waiting...
waiting...
waiting...
waiting...
waiting...
waiting...
waiting...
waiting...
waiting...
waiting...
waiting...
waiting...
waiting...
waiting...
waiting...
waiting...
waiting...
waiting...
waiting...
waiting...
waiting...
waiting...
waiting...
waiting...
waiting...
waiting...
waiting...
waiting...
waiting...
waiting...
waiting...
waiting...
waiting...
waiting...
waiting...
waiting...
waiting...
waiting...
waiting...
waiting...
waiting...
waiting...
waiting...
waiting...
waiting...
waiting...
waiting...
waiting...
waiting...
waiting...
waiting...
waiting...
waiting...
waiting...
waiting...
waiting...
waiting...
waiting...
waiting...
waiting...
waiting...
waiting...
waiting...
waiting...
waiting...
waiting...
waiting...
waiting...
waiting...
waiting...
waiting...
waiting...
waiting...
waiting...
waiting...
waiting...
waiting...
waiting...
waiting...
waiting...
waiting...
waiting...
waiting...
waiting...
waiting...
waiting...
waiting...
waiting...
waiting...
waiting...
waiting...
waiting...
waiting...
waiting...
---------------------------- Captured stderr call -----------------------------
--- Logging error ---
Traceback (most recent call last):
  File "C:\Users\frc40\AppData\Roaming\uv\python\cpython-3.12.8-windows-x86_64-none\Lib\logging\__init__.py", line 1163, in emit
    stream.write(msg + self.terminator)
OSError: [WinError 6] The handle is invalid
Call stack:
  File "C:\Users\frc40\AppData\Roaming\uv\python\cpython-3.12.8-windows-x86_64-none\Lib\threading.py", line 1032, in _bootstrap
    self._bootstrap_inner()
  File "C:\Users\frc40\AppData\Roaming\uv\python\cpython-3.12.8-windows-x86_64-none\Lib\threading.py", line 1075, in _bootstrap_inner
    self.run()
  File "C:\Users\frc40\AppData\Roaming\uv\python\cpython-3.12.8-windows-x86_64-none\Lib\threading.py", line 1012, in run
    self._target(*self._args, **self._kwargs)
  File "C:\Users\frc40\Documents\Robot Code\Reefscape2025\.venv\Lib\site-packages\pyfrc\test_support\controller.py", line 42, in _robot_thread
    robot.startCompetition()
  File "C:\Users\frc40\Documents\Robot Code\Reefscape2025\.venv\Lib\site-packages\magicbot\magicrobot.py", line 365, in startCompetition
    self.robotInit()
  File "C:\Users\frc40\Documents\Robot Code\Reefscape2025\.venv\Lib\site-packages\pyfrc\test_support\pytest_plugin.py", line 46, in robotInit
    super().robotInit()
  File "C:\Users\frc40\Documents\Robot Code\Reefscape2025\.venv\Lib\site-packages\magicbot\magicrobot.py", line 111, in robotInit
    self._automodes = AutonomousModeSelector("autonomous")
  File "C:\Users\frc40\Documents\Robot Code\Reefscape2025\.venv\Lib\site-packages\robotpy_ext\autonomous\selector.py", line 86, in __init__
    logger.info("Begin initializing autonomous mode switcher")
Message: 'Begin initializing autonomous mode switcher'
Arguments: ()
--- Logging error ---
Traceback (most recent call last):
  File "C:\Users\frc40\AppData\Roaming\uv\python\cpython-3.12.8-windows-x86_64-none\Lib\logging\__init__.py", line 1163, in emit
    stream.write(msg + self.terminator)
OSError: [WinError 6] The handle is invalid
Call stack:
  File "C:\Users\frc40\AppData\Roaming\uv\python\cpython-3.12.8-windows-x86_64-none\Lib\threading.py", line 1032, in _bootstrap
    self._bootstrap_inner()
  File "C:\Users\frc40\AppData\Roaming\uv\python\cpython-3.12.8-windows-x86_64-none\Lib\threading.py", line 1075, in _bootstrap_inner
    self.run()
  File "C:\Users\frc40\AppData\Roaming\uv\python\cpython-3.12.8-windows-x86_64-none\Lib\threading.py", line 1012, in run
    self._target(*self._args, **self._kwargs)
  File "C:\Users\frc40\Documents\Robot Code\Reefscape2025\.venv\Lib\site-packages\pyfrc\test_support\controller.py", line 42, in _robot_thread
    robot.startCompetition()
  File "C:\Users\frc40\Documents\Robot Code\Reefscape2025\.venv\Lib\site-packages\magicbot\magicrobot.py", line 365, in startCompetition
    self.robotInit()
  File "C:\Users\frc40\Documents\Robot Code\Reefscape2025\.venv\Lib\site-packages\pyfrc\test_support\pytest_plugin.py", line 46, in robotInit
    super().robotInit()
  File "C:\Users\frc40\Documents\Robot Code\Reefscape2025\.venv\Lib\site-packages\magicbot\magicrobot.py", line 111, in robotInit
    self._automodes = AutonomousModeSelector("autonomous")
  File "C:\Users\frc40\Documents\Robot Code\Reefscape2025\.venv\Lib\site-packages\robotpy_ext\autonomous\selector.py", line 177, in __init__
    logger.info("Loaded autonomous modes:")
Message: 'Loaded autonomous modes:'
Arguments: ()
--- Logging error ---
Traceback (most recent call last):
  File "C:\Users\frc40\AppData\Roaming\uv\python\cpython-3.12.8-windows-x86_64-none\Lib\logging\__init__.py", line 1163, in emit
    stream.write(msg + self.terminator)
OSError: [WinError 6] The handle is invalid
Call stack:
  File "C:\Users\frc40\AppData\Roaming\uv\python\cpython-3.12.8-windows-x86_64-none\Lib\threading.py", line 1032, in _bootstrap
    self._bootstrap_inner()
  File "C:\Users\frc40\AppData\Roaming\uv\python\cpython-3.12.8-windows-x86_64-none\Lib\threading.py", line 1075, in _bootstrap_inner
    self.run()
  File "C:\Users\frc40\AppData\Roaming\uv\python\cpython-3.12.8-windows-x86_64-none\Lib\threading.py", line 1012, in run
    self._target(*self._args, **self._kwargs)
  File "C:\Users\frc40\Documents\Robot Code\Reefscape2025\.venv\Lib\site-packages\pyfrc\test_support\controller.py", line 42, in _robot_thread
    robot.startCompetition()
  File "C:\Users\frc40\Documents\Robot Code\Reefscape2025\.venv\Lib\site-packages\magicbot\magicrobot.py", line 365, in startCompetition
    self.robotInit()
  File "C:\Users\frc40\Documents\Robot Code\Reefscape2025\.venv\Lib\site-packages\pyfrc\test_support\pytest_plugin.py", line 46, in robotInit
    super().robotInit()
  File "C:\Users\frc40\Documents\Robot Code\Reefscape2025\.venv\Lib\site-packages\magicbot\magicrobot.py", line 111, in robotInit
    self._automodes = AutonomousModeSelector("autonomous")
  File "C:\Users\frc40\Documents\Robot Code\Reefscape2025\.venv\Lib\site-packages\robotpy_ext\autonomous\selector.py", line 184, in __init__
    logger.info(" -> %s", k)
Message: ' -> %s'
Arguments: ('Circle Reef',)
--- Logging error ---
Traceback (most recent call last):
  File "C:\Users\frc40\AppData\Roaming\uv\python\cpython-3.12.8-windows-x86_64-none\Lib\logging\__init__.py", line 1163, in emit
    stream.write(msg + self.terminator)
OSError: [WinError 6] The handle is invalid
Call stack:
  File "C:\Users\frc40\AppData\Roaming\uv\python\cpython-3.12.8-windows-x86_64-none\Lib\threading.py", line 1032, in _bootstrap
    self._bootstrap_inner()
  File "C:\Users\frc40\AppData\Roaming\uv\python\cpython-3.12.8-windows-x86_64-none\Lib\threading.py", line 1075, in _bootstrap_inner
    self.run()
  File "C:\Users\frc40\AppData\Roaming\uv\python\cpython-3.12.8-windows-x86_64-none\Lib\threading.py", line 1012, in run
    self._target(*self._args, **self._kwargs)
  File "C:\Users\frc40\Documents\Robot Code\Reefscape2025\.venv\Lib\site-packages\pyfrc\test_support\controller.py", line 42, in _robot_thread
    robot.startCompetition()
  File "C:\Users\frc40\Documents\Robot Code\Reefscape2025\.venv\Lib\site-packages\magicbot\magicrobot.py", line 365, in startCompetition
    self.robotInit()
  File "C:\Users\frc40\Documents\Robot Code\Reefscape2025\.venv\Lib\site-packages\pyfrc\test_support\pytest_plugin.py", line 46, in robotInit
    super().robotInit()
  File "C:\Users\frc40\Documents\Robot Code\Reefscape2025\.venv\Lib\site-packages\magicbot\magicrobot.py", line 111, in robotInit
    self._automodes = AutonomousModeSelector("autonomous")
  File "C:\Users\frc40\Documents\Robot Code\Reefscape2025\.venv\Lib\site-packages\robotpy_ext\autonomous\selector.py", line 184, in __init__
    logger.info(" -> %s", k)
Message: ' -> %s'
Arguments: ('Move Off Line',)
--- Logging error ---
Traceback (most recent call last):
  File "C:\Users\frc40\AppData\Roaming\uv\python\cpython-3.12.8-windows-x86_64-none\Lib\logging\__init__.py", line 1163, in emit
    stream.write(msg + self.terminator)
OSError: [WinError 6] The handle is invalid
Call stack:
  File "C:\Users\frc40\AppData\Roaming\uv\python\cpython-3.12.8-windows-x86_64-none\Lib\threading.py", line 1032, in _bootstrap
    self._bootstrap_inner()
  File "C:\Users\frc40\AppData\Roaming\uv\python\cpython-3.12.8-windows-x86_64-none\Lib\threading.py", line 1075, in _bootstrap_inner
    self.run()
  File "C:\Users\frc40\AppData\Roaming\uv\python\cpython-3.12.8-windows-x86_64-none\Lib\threading.py", line 1012, in run
    self._target(*self._args, **self._kwargs)
  File "C:\Users\frc40\Documents\Robot Code\Reefscape2025\.venv\Lib\site-packages\pyfrc\test_support\controller.py", line 42, in _robot_thread
    robot.startCompetition()
  File "C:\Users\frc40\Documents\Robot Code\Reefscape2025\.venv\Lib\site-packages\magicbot\magicrobot.py", line 365, in startCompetition
    self.robotInit()
  File "C:\Users\frc40\Documents\Robot Code\Reefscape2025\.venv\Lib\site-packages\pyfrc\test_support\pytest_plugin.py", line 46, in robotInit
    super().robotInit()
  File "C:\Users\frc40\Documents\Robot Code\Reefscape2025\.venv\Lib\site-packages\magicbot\magicrobot.py", line 111, in robotInit
    self._automodes = AutonomousModeSelector("autonomous")
  File "C:\Users\frc40\Documents\Robot Code\Reefscape2025\.venv\Lib\site-packages\robotpy_ext\autonomous\selector.py", line 184, in __init__
    logger.info(" -> %s", k)
Message: ' -> %s'
Arguments: ('Place 2 Coral',)
--- Logging error ---
Traceback (most recent call last):
  File "C:\Users\frc40\AppData\Roaming\uv\python\cpython-3.12.8-windows-x86_64-none\Lib\logging\__init__.py", line 1163, in emit
    stream.write(msg + self.terminator)
OSError: [WinError 6] The handle is invalid
Call stack:
  File "C:\Users\frc40\AppData\Roaming\uv\python\cpython-3.12.8-windows-x86_64-none\Lib\threading.py", line 1032, in _bootstrap
    self._bootstrap_inner()
  File "C:\Users\frc40\AppData\Roaming\uv\python\cpython-3.12.8-windows-x86_64-none\Lib\threading.py", line 1075, in _bootstrap_inner
    self.run()
  File "C:\Users\frc40\AppData\Roaming\uv\python\cpython-3.12.8-windows-x86_64-none\Lib\threading.py", line 1012, in run
    self._target(*self._args, **self._kwargs)
  File "C:\Users\frc40\Documents\Robot Code\Reefscape2025\.venv\Lib\site-packages\pyfrc\test_support\controller.py", line 42, in _robot_thread
    robot.startCompetition()
  File "C:\Users\frc40\Documents\Robot Code\Reefscape2025\.venv\Lib\site-packages\magicbot\magicrobot.py", line 365, in startCompetition
    self.robotInit()
  File "C:\Users\frc40\Documents\Robot Code\Reefscape2025\.venv\Lib\site-packages\pyfrc\test_support\pytest_plugin.py", line 46, in robotInit
    super().robotInit()
  File "C:\Users\frc40\Documents\Robot Code\Reefscape2025\.venv\Lib\site-packages\magicbot\magicrobot.py", line 111, in robotInit
    self._automodes = AutonomousModeSelector("autonomous")
  File "C:\Users\frc40\Documents\Robot Code\Reefscape2025\.venv\Lib\site-packages\robotpy_ext\autonomous\selector.py", line 180, in __init__
    logger.info(" -> %s [Default]", k)
Message: ' -> %s [Default]'
Arguments: ('Place 5 Coral',)
--- Logging error ---
Traceback (most recent call last):
  File "C:\Users\frc40\AppData\Roaming\uv\python\cpython-3.12.8-windows-x86_64-none\Lib\logging\__init__.py", line 1163, in emit
    stream.write(msg + self.terminator)
OSError: [WinError 6] The handle is invalid
Call stack:
  File "C:\Users\frc40\AppData\Roaming\uv\python\cpython-3.12.8-windows-x86_64-none\Lib\threading.py", line 1032, in _bootstrap
    self._bootstrap_inner()
  File "C:\Users\frc40\AppData\Roaming\uv\python\cpython-3.12.8-windows-x86_64-none\Lib\threading.py", line 1075, in _bootstrap_inner
    self.run()
  File "C:\Users\frc40\AppData\Roaming\uv\python\cpython-3.12.8-windows-x86_64-none\Lib\threading.py", line 1012, in run
    self._target(*self._args, **self._kwargs)
  File "C:\Users\frc40\Documents\Robot Code\Reefscape2025\.venv\Lib\site-packages\pyfrc\test_support\controller.py", line 42, in _robot_thread
    robot.startCompetition()
  File "C:\Users\frc40\Documents\Robot Code\Reefscape2025\.venv\Lib\site-packages\magicbot\magicrobot.py", line 365, in startCompetition
    self.robotInit()
  File "C:\Users\frc40\Documents\Robot Code\Reefscape2025\.venv\Lib\site-packages\pyfrc\test_support\pytest_plugin.py", line 46, in robotInit
    super().robotInit()
  File "C:\Users\frc40\Documents\Robot Code\Reefscape2025\.venv\Lib\site-packages\magicbot\magicrobot.py", line 111, in robotInit
    self._automodes = AutonomousModeSelector("autonomous")
  File "C:\Users\frc40\Documents\Robot Code\Reefscape2025\.venv\Lib\site-packages\robotpy_ext\autonomous\selector.py", line 210, in __init__
    logger.info("Autonomous switcher initialized")
Message: 'Autonomous switcher initialized'
Arguments: ()
--- Logging error ---
Traceback (most recent call last):
  File "C:\Users\frc40\AppData\Roaming\uv\python\cpython-3.12.8-windows-x86_64-none\Lib\logging\__init__.py", line 1163, in emit
    stream.write(msg + self.terminator)
OSError: [WinError 6] The handle is invalid
Call stack:
  File "C:\Users\frc40\AppData\Roaming\uv\python\cpython-3.12.8-windows-x86_64-none\Lib\threading.py", line 1032, in _bootstrap
    self._bootstrap_inner()
  File "C:\Users\frc40\AppData\Roaming\uv\python\cpython-3.12.8-windows-x86_64-none\Lib\threading.py", line 1075, in _bootstrap_inner
    self.run()
  File "C:\Users\frc40\AppData\Roaming\uv\python\cpython-3.12.8-windows-x86_64-none\Lib\threading.py", line 1012, in run
    self._target(*self._args, **self._kwargs)
  File "C:\Users\frc40\Documents\Robot Code\Reefscape2025\.venv\Lib\site-packages\pyfrc\test_support\controller.py", line 42, in _robot_thread
    robot.startCompetition()
  File "C:\Users\frc40\Documents\Robot Code\Reefscape2025\.venv\Lib\site-packages\magicbot\magicrobot.py", line 365, in startCompetition
    self.robotInit()
  File "C:\Users\frc40\Documents\Robot Code\Reefscape2025\.venv\Lib\site-packages\pyfrc\test_support\pytest_plugin.py", line 46, in robotInit
    super().robotInit()
  File "C:\Users\frc40\Documents\Robot Code\Reefscape2025\.venv\Lib\site-packages\magicbot\magicrobot.py", line 114, in robotInit
    self._create_components()
  File "C:\Users\frc40\Documents\Robot Code\Reefscape2025\.venv\Lib\site-packages\magicbot\magicrobot.py", line 593, in _create_components
    self.logger.info("Creating magic components")
Message: 'Creating magic components'
Arguments: ()
--- Logging error ---
Traceback (most recent call last):
  File "C:\Users\frc40\AppData\Roaming\uv\python\cpython-3.12.8-windows-x86_64-none\Lib\logging\__init__.py", line 1163, in emit
    stream.write(msg + self.terminator)
OSError: [WinError 6] The handle is invalid
Call stack:
  File "C:\Users\frc40\AppData\Roaming\uv\python\cpython-3.12.8-windows-x86_64-none\Lib\threading.py", line 1032, in _bootstrap
    self._bootstrap_inner()
  File "C:\Users\frc40\AppData\Roaming\uv\python\cpython-3.12.8-windows-x86_64-none\Lib\threading.py", line 1075, in _bootstrap_inner
    self.run()
  File "C:\Users\frc40\AppData\Roaming\uv\python\cpython-3.12.8-windows-x86_64-none\Lib\threading.py", line 1012, in run
    self._target(*self._args, **self._kwargs)
  File "C:\Users\frc40\Documents\Robot Code\Reefscape2025\.venv\Lib\site-packages\pyfrc\test_support\controller.py", line 42, in _robot_thread
    robot.startCompetition()
  File "C:\Users\frc40\Documents\Robot Code\Reefscape2025\.venv\Lib\site-packages\magicbot\magicrobot.py", line 365, in startCompetition
    self.robotInit()
  File "C:\Users\frc40\Documents\Robot Code\Reefscape2025\.venv\Lib\site-packages\pyfrc\test_support\pytest_plugin.py", line 46, in robotInit
    super().robotInit()
  File "C:\Users\frc40\Documents\Robot Code\Reefscape2025\.venv\Lib\site-packages\magicbot\magicrobot.py", line 114, in robotInit
    self._create_components()
  File "C:\Users\frc40\Documents\Robot Code\Reefscape2025\.venv\Lib\site-packages\magicbot\magicrobot.py", line 619, in _create_components
    component = self._create_component(m, ctyp, injectables)
  File "C:\Users\frc40\Documents\Robot Code\Reefscape2025\.venv\Lib\site-packages\magicbot\magicrobot.py", line 702, in _create_component
    self.logger.info("-> %s (class: %s)", name, ctyp.__name__)
Message: '-> %s (class: %s)'
Arguments: ('drive_to_pos', 'DriveToPosition')
--- Logging error ---
Traceback (most recent call last):
  File "C:\Users\frc40\AppData\Roaming\uv\python\cpython-3.12.8-windows-x86_64-none\Lib\logging\__init__.py", line 1163, in emit
    stream.write(msg + self.terminator)
OSError: [WinError 6] The handle is invalid
Call stack:
  File "C:\Users\frc40\AppData\Roaming\uv\python\cpython-3.12.8-windows-x86_64-none\Lib\threading.py", line 1032, in _bootstrap
    self._bootstrap_inner()
  File "C:\Users\frc40\AppData\Roaming\uv\python\cpython-3.12.8-windows-x86_64-none\Lib\threading.py", line 1075, in _bootstrap_inner
    self.run()
  File "C:\Users\frc40\AppData\Roaming\uv\python\cpython-3.12.8-windows-x86_64-none\Lib\threading.py", line 1012, in run
    self._target(*self._args, **self._kwargs)
  File "C:\Users\frc40\Documents\Robot Code\Reefscape2025\.venv\Lib\site-packages\pyfrc\test_support\controller.py", line 42, in _robot_thread
    robot.startCompetition()
  File "C:\Users\frc40\Documents\Robot Code\Reefscape2025\.venv\Lib\site-packages\magicbot\magicrobot.py", line 365, in startCompetition
    self.robotInit()
  File "C:\Users\frc40\Documents\Robot Code\Reefscape2025\.venv\Lib\site-packages\pyfrc\test_support\pytest_plugin.py", line 46, in robotInit
    super().robotInit()
  File "C:\Users\frc40\Documents\Robot Code\Reefscape2025\.venv\Lib\site-packages\magicbot\magicrobot.py", line 114, in robotInit
    self._create_components()
  File "C:\Users\frc40\Documents\Robot Code\Reefscape2025\.venv\Lib\site-packages\magicbot\magicrobot.py", line 619, in _create_components
    component = self._create_component(m, ctyp, injectables)
  File "C:\Users\frc40\Documents\Robot Code\Reefscape2025\.venv\Lib\site-packages\magicbot\magicrobot.py", line 702, in _create_component
    self.logger.info("-> %s (class: %s)", name, ctyp.__name__)
Message: '-> %s (class: %s)'
Arguments: ('gyro', 'GyroComponent')
--- Logging error ---
Traceback (most recent call last):
  File "C:\Users\frc40\AppData\Roaming\uv\python\cpython-3.12.8-windows-x86_64-none\Lib\logging\__init__.py", line 1163, in emit
    stream.write(msg + self.terminator)
OSError: [WinError 6] The handle is invalid
Call stack:
  File "C:\Users\frc40\AppData\Roaming\uv\python\cpython-3.12.8-windows-x86_64-none\Lib\threading.py", line 1032, in _bootstrap
    self._bootstrap_inner()
  File "C:\Users\frc40\AppData\Roaming\uv\python\cpython-3.12.8-windows-x86_64-none\Lib\threading.py", line 1075, in _bootstrap_inner
    self.run()
  File "C:\Users\frc40\AppData\Roaming\uv\python\cpython-3.12.8-windows-x86_64-none\Lib\threading.py", line 1012, in run
    self._target(*self._args, **self._kwargs)
  File "C:\Users\frc40\Documents\Robot Code\Reefscape2025\.venv\Lib\site-packages\pyfrc\test_support\controller.py", line 42, in _robot_thread
    robot.startCompetition()
  File "C:\Users\frc40\Documents\Robot Code\Reefscape2025\.venv\Lib\site-packages\magicbot\magicrobot.py", line 365, in startCompetition
    self.robotInit()
  File "C:\Users\frc40\Documents\Robot Code\Reefscape2025\.venv\Lib\site-packages\pyfrc\test_support\pytest_plugin.py", line 46, in robotInit
    super().robotInit()
  File "C:\Users\frc40\Documents\Robot Code\Reefscape2025\.venv\Lib\site-packages\magicbot\magicrobot.py", line 114, in robotInit
    self._create_components()
  File "C:\Users\frc40\Documents\Robot Code\Reefscape2025\.venv\Lib\site-packages\magicbot\magicrobot.py", line 619, in _create_components
    component = self._create_component(m, ctyp, injectables)
  File "C:\Users\frc40\Documents\Robot Code\Reefscape2025\.venv\Lib\site-packages\magicbot\magicrobot.py", line 702, in _create_component
    self.logger.info("-> %s (class: %s)", name, ctyp.__name__)
Message: '-> %s (class: %s)'
Arguments: ('drivetrain', 'DrivetrainComponent')
--- Logging error ---
Traceback (most recent call last):
  File "C:\Users\frc40\AppData\Roaming\uv\python\cpython-3.12.8-windows-x86_64-none\Lib\logging\__init__.py", line 1163, in emit
    stream.write(msg + self.terminator)
OSError: [WinError 6] The handle is invalid
Call stack:
  File "C:\Users\frc40\AppData\Roaming\uv\python\cpython-3.12.8-windows-x86_64-none\Lib\threading.py", line 1032, in _bootstrap
    self._bootstrap_inner()
  File "C:\Users\frc40\AppData\Roaming\uv\python\cpython-3.12.8-windows-x86_64-none\Lib\threading.py", line 1075, in _bootstrap_inner
    self.run()
  File "C:\Users\frc40\AppData\Roaming\uv\python\cpython-3.12.8-windows-x86_64-none\Lib\threading.py", line 1012, in run
    self._target(*self._args, **self._kwargs)
  File "C:\Users\frc40\Documents\Robot Code\Reefscape2025\.venv\Lib\site-packages\pyfrc\test_support\controller.py", line 42, in _robot_thread
    robot.startCompetition()
  File "C:\Users\frc40\Documents\Robot Code\Reefscape2025\.venv\Lib\site-packages\magicbot\magicrobot.py", line 365, in startCompetition
    self.robotInit()
  File "C:\Users\frc40\Documents\Robot Code\Reefscape2025\.venv\Lib\site-packages\pyfrc\test_support\pytest_plugin.py", line 46, in robotInit
    super().robotInit()
  File "C:\Users\frc40\Documents\Robot Code\Reefscape2025\.venv\Lib\site-packages\magicbot\magicrobot.py", line 114, in robotInit
    self._create_components()
  File "C:\Users\frc40\Documents\Robot Code\Reefscape2025\.venv\Lib\site-packages\magicbot\magicrobot.py", line 619, in _create_components
    component = self._create_component(m, ctyp, injectables)
  File "C:\Users\frc40\Documents\Robot Code\Reefscape2025\.venv\Lib\site-packages\magicbot\magicrobot.py", line 702, in _create_component
    self.logger.info("-> %s (class: %s)", name, ctyp.__name__)
Message: '-> %s (class: %s)'
Arguments: ('vision', 'VisionComponent')
--- Logging error ---
Traceback (most recent call last):
  File "C:\Users\frc40\AppData\Roaming\uv\python\cpython-3.12.8-windows-x86_64-none\Lib\logging\__init__.py", line 1163, in emit
    stream.write(msg + self.terminator)
OSError: [WinError 6] The handle is invalid
Call stack:
  File "C:\Users\frc40\AppData\Roaming\uv\python\cpython-3.12.8-windows-x86_64-none\Lib\threading.py", line 1032, in _bootstrap
    self._bootstrap_inner()
  File "C:\Users\frc40\AppData\Roaming\uv\python\cpython-3.12.8-windows-x86_64-none\Lib\threading.py", line 1075, in _bootstrap_inner
    self.run()
  File "C:\Users\frc40\AppData\Roaming\uv\python\cpython-3.12.8-windows-x86_64-none\Lib\threading.py", line 1012, in run
    self._target(*self._args, **self._kwargs)
  File "C:\Users\frc40\Documents\Robot Code\Reefscape2025\.venv\Lib\site-packages\pyfrc\test_support\controller.py", line 42, in _robot_thread
    robot.startCompetition()
  File "C:\Users\frc40\Documents\Robot Code\Reefscape2025\.venv\Lib\site-packages\magicbot\magicrobot.py", line 365, in startCompetition
    self.robotInit()
  File "C:\Users\frc40\Documents\Robot Code\Reefscape2025\.venv\Lib\site-packages\pyfrc\test_support\pytest_plugin.py", line 46, in robotInit
    super().robotInit()
  File "C:\Users\frc40\Documents\Robot Code\Reefscape2025\.venv\Lib\site-packages\magicbot\magicrobot.py", line 114, in robotInit
    self._create_components()
  File "C:\Users\frc40\Documents\Robot Code\Reefscape2025\.venv\Lib\site-packages\magicbot\magicrobot.py", line 619, in _create_components
    component = self._create_component(m, ctyp, injectables)
  File "C:\Users\frc40\Documents\Robot Code\Reefscape2025\.venv\Lib\site-packages\magicbot\magicrobot.py", line 702, in _create_component
    self.logger.info("-> %s (class: %s)", name, ctyp.__name__)
Message: '-> %s (class: %s)'
Arguments: ('battery_monitor', 'BatteryMonitorComponent')
--- Logging error ---
Traceback (most recent call last):
  File "C:\Users\frc40\AppData\Roaming\uv\python\cpython-3.12.8-windows-x86_64-none\Lib\logging\__init__.py", line 1163, in emit
    stream.write(msg + self.terminator)
OSError: [WinError 6] The handle is invalid
Call stack:
  File "C:\Users\frc40\AppData\Roaming\uv\python\cpython-3.12.8-windows-x86_64-none\Lib\threading.py", line 1032, in _bootstrap
    self._bootstrap_inner()
  File "C:\Users\frc40\AppData\Roaming\uv\python\cpython-3.12.8-windows-x86_64-none\Lib\threading.py", line 1075, in _bootstrap_inner
    self.run()
  File "C:\Users\frc40\AppData\Roaming\uv\python\cpython-3.12.8-windows-x86_64-none\Lib\threading.py", line 1012, in run
    self._target(*self._args, **self._kwargs)
  File "C:\Users\frc40\Documents\Robot Code\Reefscape2025\.venv\Lib\site-packages\pyfrc\test_support\controller.py", line 42, in _robot_thread
    robot.startCompetition()
  File "C:\Users\frc40\Documents\Robot Code\Reefscape2025\.venv\Lib\site-packages\magicbot\magicrobot.py", line 365, in startCompetition
    self.robotInit()
  File "C:\Users\frc40\Documents\Robot Code\Reefscape2025\.venv\Lib\site-packages\pyfrc\test_support\pytest_plugin.py", line 46, in robotInit
    super().robotInit()
  File "C:\Users\frc40\Documents\Robot Code\Reefscape2025\.venv\Lib\site-packages\magicbot\magicrobot.py", line 114, in robotInit
    self._create_components()
  File "C:\Users\frc40\Documents\Robot Code\Reefscape2025\.venv\Lib\site-packages\magicbot\magicrobot.py", line 619, in _create_components
    component = self._create_component(m, ctyp, injectables)
  File "C:\Users\frc40\Documents\Robot Code\Reefscape2025\.venv\Lib\site-packages\magicbot\magicrobot.py", line 702, in _create_component
    self.logger.info("-> %s (class: %s)", name, ctyp.__name__)
Message: '-> %s (class: %s)'
Arguments: ('leds', 'LEDComponent')
--- Logging error ---
Traceback (most recent call last):
  File "C:\Users\frc40\AppData\Roaming\uv\python\cpython-3.12.8-windows-x86_64-none\Lib\logging\__init__.py", line 1163, in emit
    stream.write(msg + self.terminator)
OSError: [WinError 6] The handle is invalid
Call stack:
  File "<frozen runpy>", line 198, in _run_module_as_main
  File "<frozen runpy>", line 88, in _run_code
  File "C:\Users\frc40\Documents\Robot Code\Reefscape2025\.venv\Scripts\robotpy.exe\__main__.py", line 10, in <module>
    sys.exit(main())
  File "C:\Users\frc40\Documents\Robot Code\Reefscape2025\.venv\Lib\site-packages\robotpy\main.py", line 314, in main
    retval = subcommand.run(**kwargs)
  File "C:\Users\frc40\Documents\Robot Code\Reefscape2025\.venv\Lib\site-packages\pyfrc\mains\cli_test.py", line 62, in run
    return self._run_test(
  File "C:\Users\frc40\Documents\Robot Code\Reefscape2025\.venv\Lib\site-packages\pyfrc\mains\cli_test.py", line 115, in _run_test
    retv = pytest.main(
  File "C:\Users\frc40\Documents\Robot Code\Reefscape2025\.venv\Lib\site-packages\_pytest\config\__init__.py", line 175, in main
    ret: ExitCode | int = config.hook.pytest_cmdline_main(config=config)
  File "C:\Users\frc40\Documents\Robot Code\Reefscape2025\.venv\Lib\site-packages\pluggy\_hooks.py", line 513, in __call__
    return self._hookexec(self.name, self._hookimpls.copy(), kwargs, firstresult)
  File "C:\Users\frc40\Documents\Robot Code\Reefscape2025\.venv\Lib\site-packages\pluggy\_manager.py", line 120, in _hookexec
    return self._inner_hookexec(hook_name, methods, kwargs, firstresult)
  File "C:\Users\frc40\Documents\Robot Code\Reefscape2025\.venv\Lib\site-packages\pluggy\_callers.py", line 103, in _multicall
    res = hook_impl.function(*args)
  File "C:\Users\frc40\Documents\Robot Code\Reefscape2025\.venv\Lib\site-packages\_pytest\main.py", line 330, in pytest_cmdline_main
    return wrap_session(config, _main)
  File "C:\Users\frc40\Documents\Robot Code\Reefscape2025\.venv\Lib\site-packages\_pytest\main.py", line 283, in wrap_session
    session.exitstatus = doit(config, session) or 0
  File "C:\Users\frc40\Documents\Robot Code\Reefscape2025\.venv\Lib\site-packages\_pytest\main.py", line 337, in _main
    config.hook.pytest_runtestloop(session=session)
  File "C:\Users\frc40\Documents\Robot Code\Reefscape2025\.venv\Lib\site-packages\pluggy\_hooks.py", line 513, in __call__
    return self._hookexec(self.name, self._hookimpls.copy(), kwargs, firstresult)
  File "C:\Users\frc40\Documents\Robot Code\Reefscape2025\.venv\Lib\site-packages\pluggy\_manager.py", line 120, in _hookexec
    return self._inner_hookexec(hook_name, methods, kwargs, firstresult)
  File "C:\Users\frc40\Documents\Robot Code\Reefscape2025\.venv\Lib\site-packages\pluggy\_callers.py", line 103, in _multicall
    res = hook_impl.function(*args)
  File "C:\Users\frc40\Documents\Robot Code\Reefscape2025\.venv\Lib\site-packages\_pytest\main.py", line 362, in pytest_runtestloop
    item.config.hook.pytest_runtest_protocol(item=item, nextitem=nextitem)
  File "C:\Users\frc40\Documents\Robot Code\Reefscape2025\.venv\Lib\site-packages\pluggy\_hooks.py", line 513, in __call__
    return self._hookexec(self.name, self._hookimpls.copy(), kwargs, firstresult)
  File "C:\Users\frc40\Documents\Robot Code\Reefscape2025\.venv\Lib\site-packages\pluggy\_manager.py", line 120, in _hookexec
    return self._inner_hookexec(hook_name, methods, kwargs, firstresult)
  File "C:\Users\frc40\Documents\Robot Code\Reefscape2025\.venv\Lib\site-packages\pluggy\_callers.py", line 103, in _multicall
    res = hook_impl.function(*args)
  File "C:\Users\frc40\Documents\Robot Code\Reefscape2025\.venv\Lib\site-packages\_pytest\runner.py", line 113, in pytest_runtest_protocol
    runtestprotocol(item, nextitem=nextitem)
  File "C:\Users\frc40\Documents\Robot Code\Reefscape2025\.venv\Lib\site-packages\_pytest\runner.py", line 132, in runtestprotocol
    reports.append(call_and_report(item, "call", log))
  File "C:\Users\frc40\Documents\Robot Code\Reefscape2025\.venv\Lib\site-packages\_pytest\runner.py", line 241, in call_and_report
    call = CallInfo.from_call(
  File "C:\Users\frc40\Documents\Robot Code\Reefscape2025\.venv\Lib\site-packages\_pytest\runner.py", line 341, in from_call
    result: TResult | None = func()
  File "C:\Users\frc40\Documents\Robot Code\Reefscape2025\.venv\Lib\site-packages\_pytest\runner.py", line 242, in <lambda>
    lambda: runtest_hook(item=item, **kwds), when=when, reraise=reraise
  File "C:\Users\frc40\Documents\Robot Code\Reefscape2025\.venv\Lib\site-packages\pluggy\_hooks.py", line 513, in __call__
    return self._hookexec(self.name, self._hookimpls.copy(), kwargs, firstresult)
  File "C:\Users\frc40\Documents\Robot Code\Reefscape2025\.venv\Lib\site-packages\pluggy\_manager.py", line 120, in _hookexec
    return self._inner_hookexec(hook_name, methods, kwargs, firstresult)
  File "C:\Users\frc40\Documents\Robot Code\Reefscape2025\.venv\Lib\site-packages\pluggy\_callers.py", line 103, in _multicall
    res = hook_impl.function(*args)
  File "C:\Users\frc40\Documents\Robot Code\Reefscape2025\.venv\Lib\site-packages\_pytest\runner.py", line 174, in pytest_runtest_call
    item.runtest()
  File "C:\Users\frc40\Documents\Robot Code\Reefscape2025\.venv\Lib\site-packages\_pytest\python.py", line 1627, in runtest
    self.ihook.pytest_pyfunc_call(pyfuncitem=self)
  File "C:\Users\frc40\Documents\Robot Code\Reefscape2025\.venv\Lib\site-packages\pluggy\_hooks.py", line 513, in __call__
    return self._hookexec(self.name, self._hookimpls.copy(), kwargs, firstresult)
  File "C:\Users\frc40\Documents\Robot Code\Reefscape2025\.venv\Lib\site-packages\pluggy\_manager.py", line 120, in _hookexec
    return self._inner_hookexec(hook_name, methods, kwargs, firstresult)
  File "C:\Users\frc40\Documents\Robot Code\Reefscape2025\.venv\Lib\site-packages\pluggy\_callers.py", line 103, in _multicall
    res = hook_impl.function(*args)
  File "C:\Users\frc40\Documents\Robot Code\Reefscape2025\.venv\Lib\site-packages\_pytest\python.py", line 159, in pytest_pyfunc_call
    result = testfunction(**testargs)
  File "C:\Users\frc40\Documents\Robot Code\Reefscape2025\tests\autonomous_test.py", line 15, in test_all_autonomous
    _test_all_autonomous(control)
  File "C:\Users\frc40\Documents\Robot Code\Reefscape2025\.venv\Lib\site-packages\robotpy_ext\autonomous\selector_tests.py", line 34, in test_all_autonomous
    logger.info(f"{'='*10} Testing '{choice}' {'='*10}")
Message: "========== Testing 'Circle Reef' =========="
Arguments: ()
--- Logging error ---
Traceback (most recent call last):
  File "C:\Users\frc40\AppData\Roaming\uv\python\cpython-3.12.8-windows-x86_64-none\Lib\logging\__init__.py", line 1163, in emit
    stream.write(msg + self.terminator)
OSError: [WinError 6] The handle is invalid
Call stack:
  File "C:\Users\frc40\AppData\Roaming\uv\python\cpython-3.12.8-windows-x86_64-none\Lib\threading.py", line 1032, in _bootstrap
    self._bootstrap_inner()
  File "C:\Users\frc40\AppData\Roaming\uv\python\cpython-3.12.8-windows-x86_64-none\Lib\threading.py", line 1075, in _bootstrap_inner
    self.run()
  File "C:\Users\frc40\AppData\Roaming\uv\python\cpython-3.12.8-windows-x86_64-none\Lib\threading.py", line 1012, in run
    self._target(*self._args, **self._kwargs)
  File "C:\Users\frc40\Documents\Robot Code\Reefscape2025\.venv\Lib\site-packages\pyfrc\test_support\controller.py", line 42, in _robot_thread
    robot.startCompetition()
  File "C:\Users\frc40\Documents\Robot Code\Reefscape2025\.venv\Lib\site-packages\magicbot\magicrobot.py", line 376, in startCompetition
    self.autonomous()
  File "C:\Users\frc40\Documents\Robot Code\Reefscape2025\.venv\Lib\site-packages\magicbot\magicrobot.py", line 409, in autonomous
    self._automodes.run(
  File "C:\Users\frc40\Documents\Robot Code\Reefscape2025\.venv\Lib\site-packages\robotpy_ext\autonomous\selector.py", line 252, in run
    logger.info("Begin autonomous")
Message: 'Begin autonomous'
Arguments: ()
--- Logging error ---
Traceback (most recent call last):
  File "C:\Users\frc40\AppData\Roaming\uv\python\cpython-3.12.8-windows-x86_64-none\Lib\logging\__init__.py", line 1163, in emit
    stream.write(msg + self.terminator)
OSError: [WinError 6] The handle is invalid
Call stack:
  File "C:\Users\frc40\AppData\Roaming\uv\python\cpython-3.12.8-windows-x86_64-none\Lib\threading.py", line 1032, in _bootstrap
    self._bootstrap_inner()
  File "C:\Users\frc40\AppData\Roaming\uv\python\cpython-3.12.8-windows-x86_64-none\Lib\threading.py", line 1075, in _bootstrap_inner
    self.run()
  File "C:\Users\frc40\AppData\Roaming\uv\python\cpython-3.12.8-windows-x86_64-none\Lib\threading.py", line 1012, in run
    self._target(*self._args, **self._kwargs)
  File "C:\Users\frc40\Documents\Robot Code\Reefscape2025\.venv\Lib\site-packages\pyfrc\test_support\controller.py", line 42, in _robot_thread
    robot.startCompetition()
  File "C:\Users\frc40\Documents\Robot Code\Reefscape2025\.venv\Lib\site-packages\magicbot\magicrobot.py", line 376, in startCompetition
    self.autonomous()
  File "C:\Users\frc40\Documents\Robot Code\Reefscape2025\.venv\Lib\site-packages\magicbot\magicrobot.py", line 409, in autonomous
    self._automodes.run(
  File "C:\Users\frc40\Documents\Robot Code\Reefscape2025\.venv\Lib\site-packages\robotpy_ext\autonomous\selector.py", line 267, in run
    self._on_autonomous_enable()
  File "C:\Users\frc40\Documents\Robot Code\Reefscape2025\.venv\Lib\site-packages\robotpy_ext\autonomous\selector.py", line 374, in _on_autonomous_enable
    logger.info("Enabling '%s'", self.active_mode.MODE_NAME)
Message: "Enabling '%s'"
Arguments: ('Circle Reef',)
--- Logging error ---
Traceback (most recent call last):
  File "C:\Users\frc40\AppData\Roaming\uv\python\cpython-3.12.8-windows-x86_64-none\Lib\logging\__init__.py", line 1163, in emit
    stream.write(msg + self.terminator)
OSError: [WinError 6] The handle is invalid
Call stack:
  File "C:\Users\frc40\AppData\Roaming\uv\python\cpython-3.12.8-windows-x86_64-none\Lib\threading.py", line 1032, in _bootstrap
    self._bootstrap_inner()
  File "C:\Users\frc40\AppData\Roaming\uv\python\cpython-3.12.8-windows-x86_64-none\Lib\threading.py", line 1075, in _bootstrap_inner
    self.run()
  File "C:\Users\frc40\AppData\Roaming\uv\python\cpython-3.12.8-windows-x86_64-none\Lib\threading.py", line 1012, in run
    self._target(*self._args, **self._kwargs)
  File "C:\Users\frc40\Documents\Robot Code\Reefscape2025\.venv\Lib\site-packages\pyfrc\test_support\controller.py", line 42, in _robot_thread
    robot.startCompetition()
  File "C:\Users\frc40\Documents\Robot Code\Reefscape2025\.venv\Lib\site-packages\magicbot\magicrobot.py", line 376, in startCompetition
    self.autonomous()
  File "C:\Users\frc40\Documents\Robot Code\Reefscape2025\.venv\Lib\site-packages\magicbot\magicrobot.py", line 409, in autonomous
    self._automodes.run(
  File "C:\Users\frc40\Documents\Robot Code\Reefscape2025\.venv\Lib\site-packages\robotpy_ext\autonomous\selector.py", line 289, in run
    self._on_iteration(timer.get())
  File "C:\Users\frc40\Documents\Robot Code\Reefscape2025\.venv\Lib\site-packages\robotpy_ext\autonomous\selector.py", line 384, in _on_iteration
    self.active_mode.on_iteration(time_elapsed)
  File "C:\Users\frc40\Documents\Robot Code\Reefscape2025\.venv\Lib\site-packages\magicbot\state_machine.py", line 680, in on_iteration
    self.execute()
  File "C:\Users\frc40\Documents\Robot Code\Reefscape2025\.venv\Lib\site-packages\magicbot\state_machine.py", line 638, in execute
    self.logger.info("%.3fs: Entering state: %s", tm, state.name)
Message: '%.3fs: Entering state: %s'
Arguments: (0.0, 'drive_to_reef11')
--- Logging error ---
Traceback (most recent call last):
  File "C:\Users\frc40\AppData\Roaming\uv\python\cpython-3.12.8-windows-x86_64-none\Lib\logging\__init__.py", line 1163, in emit
    stream.write(msg + self.terminator)
OSError: [WinError 6] The handle is invalid
Call stack:
  File "C:\Users\frc40\AppData\Roaming\uv\python\cpython-3.12.8-windows-x86_64-none\Lib\threading.py", line 1032, in _bootstrap
    self._bootstrap_inner()
  File "C:\Users\frc40\AppData\Roaming\uv\python\cpython-3.12.8-windows-x86_64-none\Lib\threading.py", line 1075, in _bootstrap_inner
    self.run()
  File "C:\Users\frc40\AppData\Roaming\uv\python\cpython-3.12.8-windows-x86_64-none\Lib\threading.py", line 1012, in run
    self._target(*self._args, **self._kwargs)
  File "C:\Users\frc40\Documents\Robot Code\Reefscape2025\.venv\Lib\site-packages\pyfrc\test_support\controller.py", line 42, in _robot_thread
    robot.startCompetition()
  File "C:\Users\frc40\Documents\Robot Code\Reefscape2025\.venv\Lib\site-packages\magicbot\magicrobot.py", line 376, in startCompetition
    self.autonomous()
  File "C:\Users\frc40\Documents\Robot Code\Reefscape2025\.venv\Lib\site-packages\magicbot\magicrobot.py", line 409, in autonomous
    self._automodes.run(
  File "C:\Users\frc40\Documents\Robot Code\Reefscape2025\.venv\Lib\site-packages\robotpy_ext\autonomous\selector.py", line 312, in run
    self.disable()
  File "C:\Users\frc40\Documents\Robot Code\Reefscape2025\.venv\Lib\site-packages\robotpy_ext\autonomous\selector.py", line 349, in disable
    logger.info("Disabling '%s'", self.active_mode.MODE_NAME)
Message: "Disabling '%s'"
Arguments: ('Circle Reef',)
--- Logging error ---
Traceback (most recent call last):
  File "C:\Users\frc40\AppData\Roaming\uv\python\cpython-3.12.8-windows-x86_64-none\Lib\logging\__init__.py", line 1163, in emit
    stream.write(msg + self.terminator)
OSError: [WinError 6] The handle is invalid
Call stack:
  File "C:\Users\frc40\AppData\Roaming\uv\python\cpython-3.12.8-windows-x86_64-none\Lib\threading.py", line 1032, in _bootstrap
    self._bootstrap_inner()
  File "C:\Users\frc40\AppData\Roaming\uv\python\cpython-3.12.8-windows-x86_64-none\Lib\threading.py", line 1075, in _bootstrap_inner
    self.run()
  File "C:\Users\frc40\AppData\Roaming\uv\python\cpython-3.12.8-windows-x86_64-none\Lib\threading.py", line 1012, in run
    self._target(*self._args, **self._kwargs)
  File "C:\Users\frc40\Documents\Robot Code\Reefscape2025\.venv\Lib\site-packages\pyfrc\test_support\controller.py", line 42, in _robot_thread
    robot.startCompetition()
  File "C:\Users\frc40\Documents\Robot Code\Reefscape2025\.venv\Lib\site-packages\magicbot\magicrobot.py", line 376, in startCompetition
    self.autonomous()
  File "C:\Users\frc40\Documents\Robot Code\Reefscape2025\.venv\Lib\site-packages\magicbot\magicrobot.py", line 409, in autonomous
    self._automodes.run(
  File "C:\Users\frc40\Documents\Robot Code\Reefscape2025\.venv\Lib\site-packages\robotpy_ext\autonomous\selector.py", line 312, in run
    self.disable()
  File "C:\Users\frc40\Documents\Robot Code\Reefscape2025\.venv\Lib\site-packages\robotpy_ext\autonomous\selector.py", line 350, in disable
    self.active_mode.on_disable()
  File "C:\Users\frc40\Documents\Robot Code\Reefscape2025\.venv\Lib\site-packages\magicbot\state_machine.py", line 496, in on_disable
    self.done()
  File "C:\Users\frc40\Documents\Robot Code\Reefscape2025\.venv\Lib\site-packages\magicbot\state_machine.py", line 684, in done
    super().done()
  File "C:\Users\frc40\Documents\Robot Code\Reefscape2025\.venv\Lib\site-packages\magicbot\state_machine.py", line 560, in done
    self.logger.info("Stopped state machine execution")
Message: 'Stopped state machine execution'
Arguments: ()
--- Logging error ---
Traceback (most recent call last):
  File "C:\Users\frc40\AppData\Roaming\uv\python\cpython-3.12.8-windows-x86_64-none\Lib\logging\__init__.py", line 1163, in emit
    stream.write(msg + self.terminator)
OSError: [WinError 6] The handle is invalid
Call stack:
  File "C:\Users\frc40\AppData\Roaming\uv\python\cpython-3.12.8-windows-x86_64-none\Lib\threading.py", line 1032, in _bootstrap
    self._bootstrap_inner()
  File "C:\Users\frc40\AppData\Roaming\uv\python\cpython-3.12.8-windows-x86_64-none\Lib\threading.py", line 1075, in _bootstrap_inner
    self.run()
  File "C:\Users\frc40\AppData\Roaming\uv\python\cpython-3.12.8-windows-x86_64-none\Lib\threading.py", line 1012, in run
    self._target(*self._args, **self._kwargs)
  File "C:\Users\frc40\Documents\Robot Code\Reefscape2025\.venv\Lib\site-packages\pyfrc\test_support\controller.py", line 42, in _robot_thread
    robot.startCompetition()
  File "C:\Users\frc40\Documents\Robot Code\Reefscape2025\.venv\Lib\site-packages\magicbot\magicrobot.py", line 376, in startCompetition
    self.autonomous()
  File "C:\Users\frc40\Documents\Robot Code\Reefscape2025\.venv\Lib\site-packages\magicbot\magicrobot.py", line 409, in autonomous
    self._automodes.run(
  File "C:\Users\frc40\Documents\Robot Code\Reefscape2025\.venv\Lib\site-packages\robotpy_ext\autonomous\selector.py", line 316, in run
    logger.info("Autonomous mode ended")
Message: 'Autonomous mode ended'
Arguments: ()
--- Logging error ---
Traceback (most recent call last):
  File "C:\Users\frc40\AppData\Roaming\uv\python\cpython-3.12.8-windows-x86_64-none\Lib\logging\__init__.py", line 1163, in emit
    stream.write(msg + self.terminator)
OSError: [WinError 6] The handle is invalid
Call stack:
  File "<frozen runpy>", line 198, in _run_module_as_main
  File "<frozen runpy>", line 88, in _run_code
  File "C:\Users\frc40\Documents\Robot Code\Reefscape2025\.venv\Scripts\robotpy.exe\__main__.py", line 10, in <module>
    sys.exit(main())
  File "C:\Users\frc40\Documents\Robot Code\Reefscape2025\.venv\Lib\site-packages\robotpy\main.py", line 314, in main
    retval = subcommand.run(**kwargs)
  File "C:\Users\frc40\Documents\Robot Code\Reefscape2025\.venv\Lib\site-packages\pyfrc\mains\cli_test.py", line 62, in run
    return self._run_test(
  File "C:\Users\frc40\Documents\Robot Code\Reefscape2025\.venv\Lib\site-packages\pyfrc\mains\cli_test.py", line 115, in _run_test
    retv = pytest.main(
  File "C:\Users\frc40\Documents\Robot Code\Reefscape2025\.venv\Lib\site-packages\_pytest\config\__init__.py", line 175, in main
    ret: ExitCode | int = config.hook.pytest_cmdline_main(config=config)
  File "C:\Users\frc40\Documents\Robot Code\Reefscape2025\.venv\Lib\site-packages\pluggy\_hooks.py", line 513, in __call__
    return self._hookexec(self.name, self._hookimpls.copy(), kwargs, firstresult)
  File "C:\Users\frc40\Documents\Robot Code\Reefscape2025\.venv\Lib\site-packages\pluggy\_manager.py", line 120, in _hookexec
    return self._inner_hookexec(hook_name, methods, kwargs, firstresult)
  File "C:\Users\frc40\Documents\Robot Code\Reefscape2025\.venv\Lib\site-packages\pluggy\_callers.py", line 103, in _multicall
    res = hook_impl.function(*args)
  File "C:\Users\frc40\Documents\Robot Code\Reefscape2025\.venv\Lib\site-packages\_pytest\main.py", line 330, in pytest_cmdline_main
    return wrap_session(config, _main)
  File "C:\Users\frc40\Documents\Robot Code\Reefscape2025\.venv\Lib\site-packages\_pytest\main.py", line 283, in wrap_session
    session.exitstatus = doit(config, session) or 0
  File "C:\Users\frc40\Documents\Robot Code\Reefscape2025\.venv\Lib\site-packages\_pytest\main.py", line 337, in _main
    config.hook.pytest_runtestloop(session=session)
  File "C:\Users\frc40\Documents\Robot Code\Reefscape2025\.venv\Lib\site-packages\pluggy\_hooks.py", line 513, in __call__
    return self._hookexec(self.name, self._hookimpls.copy(), kwargs, firstresult)
  File "C:\Users\frc40\Documents\Robot Code\Reefscape2025\.venv\Lib\site-packages\pluggy\_manager.py", line 120, in _hookexec
    return self._inner_hookexec(hook_name, methods, kwargs, firstresult)
  File "C:\Users\frc40\Documents\Robot Code\Reefscape2025\.venv\Lib\site-packages\pluggy\_callers.py", line 103, in _multicall
    res = hook_impl.function(*args)
  File "C:\Users\frc40\Documents\Robot Code\Reefscape2025\.venv\Lib\site-packages\_pytest\main.py", line 362, in pytest_runtestloop
    item.config.hook.pytest_runtest_protocol(item=item, nextitem=nextitem)
  File "C:\Users\frc40\Documents\Robot Code\Reefscape2025\.venv\Lib\site-packages\pluggy\_hooks.py", line 513, in __call__
    return self._hookexec(self.name, self._hookimpls.copy(), kwargs, firstresult)
  File "C:\Users\frc40\Documents\Robot Code\Reefscape2025\.venv\Lib\site-packages\pluggy\_manager.py", line 120, in _hookexec
    return self._inner_hookexec(hook_name, methods, kwargs, firstresult)
  File "C:\Users\frc40\Documents\Robot Code\Reefscape2025\.venv\Lib\site-packages\pluggy\_callers.py", line 103, in _multicall
    res = hook_impl.function(*args)
  File "C:\Users\frc40\Documents\Robot Code\Reefscape2025\.venv\Lib\site-packages\_pytest\runner.py", line 113, in pytest_runtest_protocol
    runtestprotocol(item, nextitem=nextitem)
  File "C:\Users\frc40\Documents\Robot Code\Reefscape2025\.venv\Lib\site-packages\_pytest\runner.py", line 132, in runtestprotocol
    reports.append(call_and_report(item, "call", log))
  File "C:\Users\frc40\Documents\Robot Code\Reefscape2025\.venv\Lib\site-packages\_pytest\runner.py", line 241, in call_and_report
    call = CallInfo.from_call(
  File "C:\Users\frc40\Documents\Robot Code\Reefscape2025\.venv\Lib\site-packages\_pytest\runner.py", line 341, in from_call
    result: TResult | None = func()
  File "C:\Users\frc40\Documents\Robot Code\Reefscape2025\.venv\Lib\site-packages\_pytest\runner.py", line 242, in <lambda>
    lambda: runtest_hook(item=item, **kwds), when=when, reraise=reraise
  File "C:\Users\frc40\Documents\Robot Code\Reefscape2025\.venv\Lib\site-packages\pluggy\_hooks.py", line 513, in __call__
    return self._hookexec(self.name, self._hookimpls.copy(), kwargs, firstresult)
  File "C:\Users\frc40\Documents\Robot Code\Reefscape2025\.venv\Lib\site-packages\pluggy\_manager.py", line 120, in _hookexec
    return self._inner_hookexec(hook_name, methods, kwargs, firstresult)
  File "C:\Users\frc40\Documents\Robot Code\Reefscape2025\.venv\Lib\site-packages\pluggy\_callers.py", line 103, in _multicall
    res = hook_impl.function(*args)
  File "C:\Users\frc40\Documents\Robot Code\Reefscape2025\.venv\Lib\site-packages\_pytest\runner.py", line 174, in pytest_runtest_call
    item.runtest()
  File "C:\Users\frc40\Documents\Robot Code\Reefscape2025\.venv\Lib\site-packages\_pytest\python.py", line 1627, in runtest
    self.ihook.pytest_pyfunc_call(pyfuncitem=self)
  File "C:\Users\frc40\Documents\Robot Code\Reefscape2025\.venv\Lib\site-packages\pluggy\_hooks.py", line 513, in __call__
    return self._hookexec(self.name, self._hookimpls.copy(), kwargs, firstresult)
  File "C:\Users\frc40\Documents\Robot Code\Reefscape2025\.venv\Lib\site-packages\pluggy\_manager.py", line 120, in _hookexec
    return self._inner_hookexec(hook_name, methods, kwargs, firstresult)
  File "C:\Users\frc40\Documents\Robot Code\Reefscape2025\.venv\Lib\site-packages\pluggy\_callers.py", line 103, in _multicall
    res = hook_impl.function(*args)
  File "C:\Users\frc40\Documents\Robot Code\Reefscape2025\.venv\Lib\site-packages\_pytest\python.py", line 159, in pytest_pyfunc_call
    result = testfunction(**testargs)
  File "C:\Users\frc40\Documents\Robot Code\Reefscape2025\tests\autonomous_test.py", line 15, in test_all_autonomous
    _test_all_autonomous(control)
  File "C:\Users\frc40\Documents\Robot Code\Reefscape2025\.venv\Lib\site-packages\robotpy_ext\autonomous\selector_tests.py", line 34, in test_all_autonomous
    logger.info(f"{'='*10} Testing '{choice}' {'='*10}")
Message: "========== Testing 'Move Off Line' =========="
Arguments: ()
--- Logging error ---
Traceback (most recent call last):
  File "C:\Users\frc40\AppData\Roaming\uv\python\cpython-3.12.8-windows-x86_64-none\Lib\logging\__init__.py", line 1163, in emit
    stream.write(msg + self.terminator)
OSError: [WinError 6] The handle is invalid
Call stack:
  File "C:\Users\frc40\AppData\Roaming\uv\python\cpython-3.12.8-windows-x86_64-none\Lib\threading.py", line 1032, in _bootstrap
    self._bootstrap_inner()
  File "C:\Users\frc40\AppData\Roaming\uv\python\cpython-3.12.8-windows-x86_64-none\Lib\threading.py", line 1075, in _bootstrap_inner
    self.run()
  File "C:\Users\frc40\AppData\Roaming\uv\python\cpython-3.12.8-windows-x86_64-none\Lib\threading.py", line 1012, in run
    self._target(*self._args, **self._kwargs)
  File "C:\Users\frc40\Documents\Robot Code\Reefscape2025\.venv\Lib\site-packages\pyfrc\test_support\controller.py", line 42, in _robot_thread
    robot.startCompetition()
  File "C:\Users\frc40\Documents\Robot Code\Reefscape2025\.venv\Lib\site-packages\magicbot\magicrobot.py", line 376, in startCompetition
    self.autonomous()
  File "C:\Users\frc40\Documents\Robot Code\Reefscape2025\.venv\Lib\site-packages\magicbot\magicrobot.py", line 409, in autonomous
    self._automodes.run(
  File "C:\Users\frc40\Documents\Robot Code\Reefscape2025\.venv\Lib\site-packages\robotpy_ext\autonomous\selector.py", line 252, in run
    logger.info("Begin autonomous")
Message: 'Begin autonomous'
Arguments: ()
--- Logging error ---
Traceback (most recent call last):
  File "C:\Users\frc40\AppData\Roaming\uv\python\cpython-3.12.8-windows-x86_64-none\Lib\logging\__init__.py", line 1163, in emit
    stream.write(msg + self.terminator)
OSError: [WinError 6] The handle is invalid
Call stack:
  File "C:\Users\frc40\AppData\Roaming\uv\python\cpython-3.12.8-windows-x86_64-none\Lib\threading.py", line 1032, in _bootstrap
    self._bootstrap_inner()
  File "C:\Users\frc40\AppData\Roaming\uv\python\cpython-3.12.8-windows-x86_64-none\Lib\threading.py", line 1075, in _bootstrap_inner
    self.run()
  File "C:\Users\frc40\AppData\Roaming\uv\python\cpython-3.12.8-windows-x86_64-none\Lib\threading.py", line 1012, in run
    self._target(*self._args, **self._kwargs)
  File "C:\Users\frc40\Documents\Robot Code\Reefscape2025\.venv\Lib\site-packages\pyfrc\test_support\controller.py", line 42, in _robot_thread
    robot.startCompetition()
  File "C:\Users\frc40\Documents\Robot Code\Reefscape2025\.venv\Lib\site-packages\magicbot\magicrobot.py", line 376, in startCompetition
    self.autonomous()
  File "C:\Users\frc40\Documents\Robot Code\Reefscape2025\.venv\Lib\site-packages\magicbot\magicrobot.py", line 409, in autonomous
    self._automodes.run(
  File "C:\Users\frc40\Documents\Robot Code\Reefscape2025\.venv\Lib\site-packages\robotpy_ext\autonomous\selector.py", line 267, in run
    self._on_autonomous_enable()
  File "C:\Users\frc40\Documents\Robot Code\Reefscape2025\.venv\Lib\site-packages\robotpy_ext\autonomous\selector.py", line 374, in _on_autonomous_enable
    logger.info("Enabling '%s'", self.active_mode.MODE_NAME)
Message: "Enabling '%s'"
Arguments: ('Move Off Line',)
--- Logging error ---
Traceback (most recent call last):
  File "C:\Users\frc40\AppData\Roaming\uv\python\cpython-3.12.8-windows-x86_64-none\Lib\logging\__init__.py", line 1163, in emit
    stream.write(msg + self.terminator)
OSError: [WinError 6] The handle is invalid
Call stack:
  File "C:\Users\frc40\AppData\Roaming\uv\python\cpython-3.12.8-windows-x86_64-none\Lib\threading.py", line 1032, in _bootstrap
    self._bootstrap_inner()
  File "C:\Users\frc40\AppData\Roaming\uv\python\cpython-3.12.8-windows-x86_64-none\Lib\threading.py", line 1075, in _bootstrap_inner
    self.run()
  File "C:\Users\frc40\AppData\Roaming\uv\python\cpython-3.12.8-windows-x86_64-none\Lib\threading.py", line 1012, in run
    self._target(*self._args, **self._kwargs)
  File "C:\Users\frc40\Documents\Robot Code\Reefscape2025\.venv\Lib\site-packages\pyfrc\test_support\controller.py", line 42, in _robot_thread
    robot.startCompetition()
  File "C:\Users\frc40\Documents\Robot Code\Reefscape2025\.venv\Lib\site-packages\magicbot\magicrobot.py", line 376, in startCompetition
    self.autonomous()
  File "C:\Users\frc40\Documents\Robot Code\Reefscape2025\.venv\Lib\site-packages\magicbot\magicrobot.py", line 409, in autonomous
    self._automodes.run(
  File "C:\Users\frc40\Documents\Robot Code\Reefscape2025\.venv\Lib\site-packages\robotpy_ext\autonomous\selector.py", line 289, in run
    self._on_iteration(timer.get())
  File "C:\Users\frc40\Documents\Robot Code\Reefscape2025\.venv\Lib\site-packages\robotpy_ext\autonomous\selector.py", line 384, in _on_iteration
    self.active_mode.on_iteration(time_elapsed)
  File "C:\Users\frc40\Documents\Robot Code\Reefscape2025\.venv\Lib\site-packages\magicbot\state_machine.py", line 680, in on_iteration
    self.execute()
  File "C:\Users\frc40\Documents\Robot Code\Reefscape2025\.venv\Lib\site-packages\magicbot\state_machine.py", line 638, in execute
    self.logger.info("%.3fs: Entering state: %s", tm, state.name)
Message: '%.3fs: Entering state: %s'
Arguments: (0.0, 'drive')
--- Logging error ---
Traceback (most recent call last):
  File "C:\Users\frc40\AppData\Roaming\uv\python\cpython-3.12.8-windows-x86_64-none\Lib\logging\__init__.py", line 1163, in emit
    stream.write(msg + self.terminator)
OSError: [WinError 6] The handle is invalid
Call stack:
  File "C:\Users\frc40\AppData\Roaming\uv\python\cpython-3.12.8-windows-x86_64-none\Lib\threading.py", line 1032, in _bootstrap
    self._bootstrap_inner()
  File "C:\Users\frc40\AppData\Roaming\uv\python\cpython-3.12.8-windows-x86_64-none\Lib\threading.py", line 1075, in _bootstrap_inner
    self.run()
  File "C:\Users\frc40\AppData\Roaming\uv\python\cpython-3.12.8-windows-x86_64-none\Lib\threading.py", line 1012, in run
    self._target(*self._args, **self._kwargs)
  File "C:\Users\frc40\Documents\Robot Code\Reefscape2025\.venv\Lib\site-packages\pyfrc\test_support\controller.py", line 42, in _robot_thread
    robot.startCompetition()
  File "C:\Users\frc40\Documents\Robot Code\Reefscape2025\.venv\Lib\site-packages\magicbot\magicrobot.py", line 376, in startCompetition
    self.autonomous()
  File "C:\Users\frc40\Documents\Robot Code\Reefscape2025\.venv\Lib\site-packages\magicbot\magicrobot.py", line 409, in autonomous
    self._automodes.run(
  File "C:\Users\frc40\Documents\Robot Code\Reefscape2025\.venv\Lib\site-packages\robotpy_ext\autonomous\selector.py", line 289, in run
    self._on_iteration(timer.get())
  File "C:\Users\frc40\Documents\Robot Code\Reefscape2025\.venv\Lib\site-packages\robotpy_ext\autonomous\selector.py", line 384, in _on_iteration
    self.active_mode.on_iteration(time_elapsed)
  File "C:\Users\frc40\Documents\Robot Code\Reefscape2025\.venv\Lib\site-packages\magicbot\state_machine.py", line 680, in on_iteration
    self.execute()
  File "C:\Users\frc40\Documents\Robot Code\Reefscape2025\.venv\Lib\site-packages\magicbot\state_machine.py", line 603, in execute
    self.done()
  File "C:\Users\frc40\Documents\Robot Code\Reefscape2025\.venv\Lib\site-packages\magicbot\state_machine.py", line 684, in done
    super().done()
  File "C:\Users\frc40\Documents\Robot Code\Reefscape2025\.venv\Lib\site-packages\magicbot\state_machine.py", line 560, in done
    self.logger.info("Stopped state machine execution")
Message: 'Stopped state machine execution'
Arguments: ()
--- Logging error ---
Traceback (most recent call last):
  File "C:\Users\frc40\AppData\Roaming\uv\python\cpython-3.12.8-windows-x86_64-none\Lib\logging\__init__.py", line 1163, in emit
    stream.write(msg + self.terminator)
OSError: [WinError 6] The handle is invalid
Call stack:
  File "C:\Users\frc40\AppData\Roaming\uv\python\cpython-3.12.8-windows-x86_64-none\Lib\threading.py", line 1032, in _bootstrap
    self._bootstrap_inner()
  File "C:\Users\frc40\AppData\Roaming\uv\python\cpython-3.12.8-windows-x86_64-none\Lib\threading.py", line 1075, in _bootstrap_inner
    self.run()
  File "C:\Users\frc40\AppData\Roaming\uv\python\cpython-3.12.8-windows-x86_64-none\Lib\threading.py", line 1012, in run
    self._target(*self._args, **self._kwargs)
  File "C:\Users\frc40\Documents\Robot Code\Reefscape2025\.venv\Lib\site-packages\pyfrc\test_support\controller.py", line 42, in _robot_thread
    robot.startCompetition()
  File "C:\Users\frc40\Documents\Robot Code\Reefscape2025\.venv\Lib\site-packages\magicbot\magicrobot.py", line 376, in startCompetition
    self.autonomous()
  File "C:\Users\frc40\Documents\Robot Code\Reefscape2025\.venv\Lib\site-packages\magicbot\magicrobot.py", line 409, in autonomous
    self._automodes.run(
  File "C:\Users\frc40\Documents\Robot Code\Reefscape2025\.venv\Lib\site-packages\robotpy_ext\autonomous\selector.py", line 312, in run
    self.disable()
  File "C:\Users\frc40\Documents\Robot Code\Reefscape2025\.venv\Lib\site-packages\robotpy_ext\autonomous\selector.py", line 349, in disable
    logger.info("Disabling '%s'", self.active_mode.MODE_NAME)
Message: "Disabling '%s'"
Arguments: ('Move Off Line',)
--- Logging error ---
Traceback (most recent call last):
  File "C:\Users\frc40\AppData\Roaming\uv\python\cpython-3.12.8-windows-x86_64-none\Lib\logging\__init__.py", line 1163, in emit
    stream.write(msg + self.terminator)
OSError: [WinError 6] The handle is invalid
Call stack:
  File "C:\Users\frc40\AppData\Roaming\uv\python\cpython-3.12.8-windows-x86_64-none\Lib\threading.py", line 1032, in _bootstrap
    self._bootstrap_inner()
  File "C:\Users\frc40\AppData\Roaming\uv\python\cpython-3.12.8-windows-x86_64-none\Lib\threading.py", line 1075, in _bootstrap_inner
    self.run()
  File "C:\Users\frc40\AppData\Roaming\uv\python\cpython-3.12.8-windows-x86_64-none\Lib\threading.py", line 1012, in run
    self._target(*self._args, **self._kwargs)
  File "C:\Users\frc40\Documents\Robot Code\Reefscape2025\.venv\Lib\site-packages\pyfrc\test_support\controller.py", line 42, in _robot_thread
    robot.startCompetition()
  File "C:\Users\frc40\Documents\Robot Code\Reefscape2025\.venv\Lib\site-packages\magicbot\magicrobot.py", line 376, in startCompetition
    self.autonomous()
  File "C:\Users\frc40\Documents\Robot Code\Reefscape2025\.venv\Lib\site-packages\magicbot\magicrobot.py", line 409, in autonomous
    self._automodes.run(
  File "C:\Users\frc40\Documents\Robot Code\Reefscape2025\.venv\Lib\site-packages\robotpy_ext\autonomous\selector.py", line 316, in run
    logger.info("Autonomous mode ended")
Message: 'Autonomous mode ended'
Arguments: ()
--- Logging error ---
Traceback (most recent call last):
  File "C:\Users\frc40\AppData\Roaming\uv\python\cpython-3.12.8-windows-x86_64-none\Lib\logging\__init__.py", line 1163, in emit
    stream.write(msg + self.terminator)
OSError: [WinError 6] The handle is invalid
Call stack:
  File "<frozen runpy>", line 198, in _run_module_as_main
  File "<frozen runpy>", line 88, in _run_code
  File "C:\Users\frc40\Documents\Robot Code\Reefscape2025\.venv\Scripts\robotpy.exe\__main__.py", line 10, in <module>
    sys.exit(main())
  File "C:\Users\frc40\Documents\Robot Code\Reefscape2025\.venv\Lib\site-packages\robotpy\main.py", line 314, in main
    retval = subcommand.run(**kwargs)
  File "C:\Users\frc40\Documents\Robot Code\Reefscape2025\.venv\Lib\site-packages\pyfrc\mains\cli_test.py", line 62, in run
    return self._run_test(
  File "C:\Users\frc40\Documents\Robot Code\Reefscape2025\.venv\Lib\site-packages\pyfrc\mains\cli_test.py", line 115, in _run_test
    retv = pytest.main(
  File "C:\Users\frc40\Documents\Robot Code\Reefscape2025\.venv\Lib\site-packages\_pytest\config\__init__.py", line 175, in main
    ret: ExitCode | int = config.hook.pytest_cmdline_main(config=config)
  File "C:\Users\frc40\Documents\Robot Code\Reefscape2025\.venv\Lib\site-packages\pluggy\_hooks.py", line 513, in __call__
    return self._hookexec(self.name, self._hookimpls.copy(), kwargs, firstresult)
  File "C:\Users\frc40\Documents\Robot Code\Reefscape2025\.venv\Lib\site-packages\pluggy\_manager.py", line 120, in _hookexec
    return self._inner_hookexec(hook_name, methods, kwargs, firstresult)
  File "C:\Users\frc40\Documents\Robot Code\Reefscape2025\.venv\Lib\site-packages\pluggy\_callers.py", line 103, in _multicall
    res = hook_impl.function(*args)
  File "C:\Users\frc40\Documents\Robot Code\Reefscape2025\.venv\Lib\site-packages\_pytest\main.py", line 330, in pytest_cmdline_main
    return wrap_session(config, _main)
  File "C:\Users\frc40\Documents\Robot Code\Reefscape2025\.venv\Lib\site-packages\_pytest\main.py", line 283, in wrap_session
    session.exitstatus = doit(config, session) or 0
  File "C:\Users\frc40\Documents\Robot Code\Reefscape2025\.venv\Lib\site-packages\_pytest\main.py", line 337, in _main
    config.hook.pytest_runtestloop(session=session)
  File "C:\Users\frc40\Documents\Robot Code\Reefscape2025\.venv\Lib\site-packages\pluggy\_hooks.py", line 513, in __call__
    return self._hookexec(self.name, self._hookimpls.copy(), kwargs, firstresult)
  File "C:\Users\frc40\Documents\Robot Code\Reefscape2025\.venv\Lib\site-packages\pluggy\_manager.py", line 120, in _hookexec
    return self._inner_hookexec(hook_name, methods, kwargs, firstresult)
  File "C:\Users\frc40\Documents\Robot Code\Reefscape2025\.venv\Lib\site-packages\pluggy\_callers.py", line 103, in _multicall
    res = hook_impl.function(*args)
  File "C:\Users\frc40\Documents\Robot Code\Reefscape2025\.venv\Lib\site-packages\_pytest\main.py", line 362, in pytest_runtestloop
    item.config.hook.pytest_runtest_protocol(item=item, nextitem=nextitem)
  File "C:\Users\frc40\Documents\Robot Code\Reefscape2025\.venv\Lib\site-packages\pluggy\_hooks.py", line 513, in __call__
    return self._hookexec(self.name, self._hookimpls.copy(), kwargs, firstresult)
  File "C:\Users\frc40\Documents\Robot Code\Reefscape2025\.venv\Lib\site-packages\pluggy\_manager.py", line 120, in _hookexec
    return self._inner_hookexec(hook_name, methods, kwargs, firstresult)
  File "C:\Users\frc40\Documents\Robot Code\Reefscape2025\.venv\Lib\site-packages\pluggy\_callers.py", line 103, in _multicall
    res = hook_impl.function(*args)
  File "C:\Users\frc40\Documents\Robot Code\Reefscape2025\.venv\Lib\site-packages\_pytest\runner.py", line 113, in pytest_runtest_protocol
    runtestprotocol(item, nextitem=nextitem)
  File "C:\Users\frc40\Documents\Robot Code\Reefscape2025\.venv\Lib\site-packages\_pytest\runner.py", line 132, in runtestprotocol
    reports.append(call_and_report(item, "call", log))
  File "C:\Users\frc40\Documents\Robot Code\Reefscape2025\.venv\Lib\site-packages\_pytest\runner.py", line 241, in call_and_report
    call = CallInfo.from_call(
  File "C:\Users\frc40\Documents\Robot Code\Reefscape2025\.venv\Lib\site-packages\_pytest\runner.py", line 341, in from_call
    result: TResult | None = func()
  File "C:\Users\frc40\Documents\Robot Code\Reefscape2025\.venv\Lib\site-packages\_pytest\runner.py", line 242, in <lambda>
    lambda: runtest_hook(item=item, **kwds), when=when, reraise=reraise
  File "C:\Users\frc40\Documents\Robot Code\Reefscape2025\.venv\Lib\site-packages\pluggy\_hooks.py", line 513, in __call__
    return self._hookexec(self.name, self._hookimpls.copy(), kwargs, firstresult)
  File "C:\Users\frc40\Documents\Robot Code\Reefscape2025\.venv\Lib\site-packages\pluggy\_manager.py", line 120, in _hookexec
    return self._inner_hookexec(hook_name, methods, kwargs, firstresult)
  File "C:\Users\frc40\Documents\Robot Code\Reefscape2025\.venv\Lib\site-packages\pluggy\_callers.py", line 103, in _multicall
    res = hook_impl.function(*args)
  File "C:\Users\frc40\Documents\Robot Code\Reefscape2025\.venv\Lib\site-packages\_pytest\runner.py", line 174, in pytest_runtest_call
    item.runtest()
  File "C:\Users\frc40\Documents\Robot Code\Reefscape2025\.venv\Lib\site-packages\_pytest\python.py", line 1627, in runtest
    self.ihook.pytest_pyfunc_call(pyfuncitem=self)
  File "C:\Users\frc40\Documents\Robot Code\Reefscape2025\.venv\Lib\site-packages\pluggy\_hooks.py", line 513, in __call__
    return self._hookexec(self.name, self._hookimpls.copy(), kwargs, firstresult)
  File "C:\Users\frc40\Documents\Robot Code\Reefscape2025\.venv\Lib\site-packages\pluggy\_manager.py", line 120, in _hookexec
    return self._inner_hookexec(hook_name, methods, kwargs, firstresult)
  File "C:\Users\frc40\Documents\Robot Code\Reefscape2025\.venv\Lib\site-packages\pluggy\_callers.py", line 103, in _multicall
    res = hook_impl.function(*args)
  File "C:\Users\frc40\Documents\Robot Code\Reefscape2025\.venv\Lib\site-packages\_pytest\python.py", line 159, in pytest_pyfunc_call
    result = testfunction(**testargs)
  File "C:\Users\frc40\Documents\Robot Code\Reefscape2025\tests\autonomous_test.py", line 15, in test_all_autonomous
    _test_all_autonomous(control)
  File "C:\Users\frc40\Documents\Robot Code\Reefscape2025\.venv\Lib\site-packages\robotpy_ext\autonomous\selector_tests.py", line 34, in test_all_autonomous
    logger.info(f"{'='*10} Testing '{choice}' {'='*10}")
Message: "========== Testing 'None' =========="
Arguments: ()
--- Logging error ---
Traceback (most recent call last):
  File "C:\Users\frc40\AppData\Roaming\uv\python\cpython-3.12.8-windows-x86_64-none\Lib\logging\__init__.py", line 1163, in emit
    stream.write(msg + self.terminator)
OSError: [WinError 6] The handle is invalid
Call stack:
  File "C:\Users\frc40\AppData\Roaming\uv\python\cpython-3.12.8-windows-x86_64-none\Lib\threading.py", line 1032, in _bootstrap
    self._bootstrap_inner()
  File "C:\Users\frc40\AppData\Roaming\uv\python\cpython-3.12.8-windows-x86_64-none\Lib\threading.py", line 1075, in _bootstrap_inner
    self.run()
  File "C:\Users\frc40\AppData\Roaming\uv\python\cpython-3.12.8-windows-x86_64-none\Lib\threading.py", line 1012, in run
    self._target(*self._args, **self._kwargs)
  File "C:\Users\frc40\Documents\Robot Code\Reefscape2025\.venv\Lib\site-packages\pyfrc\test_support\controller.py", line 42, in _robot_thread
    robot.startCompetition()
  File "C:\Users\frc40\Documents\Robot Code\Reefscape2025\.venv\Lib\site-packages\magicbot\magicrobot.py", line 376, in startCompetition
    self.autonomous()
  File "C:\Users\frc40\Documents\Robot Code\Reefscape2025\.venv\Lib\site-packages\magicbot\magicrobot.py", line 409, in autonomous
    self._automodes.run(
  File "C:\Users\frc40\Documents\Robot Code\Reefscape2025\.venv\Lib\site-packages\robotpy_ext\autonomous\selector.py", line 252, in run
    logger.info("Begin autonomous")
Message: 'Begin autonomous'
Arguments: ()
--- Logging error ---
Traceback (most recent call last):
  File "C:\Users\frc40\AppData\Roaming\uv\python\cpython-3.12.8-windows-x86_64-none\Lib\logging\__init__.py", line 1163, in emit
    stream.write(msg + self.terminator)
OSError: [WinError 6] The handle is invalid
Call stack:
  File "C:\Users\frc40\AppData\Roaming\uv\python\cpython-3.12.8-windows-x86_64-none\Lib\threading.py", line 1032, in _bootstrap
    self._bootstrap_inner()
  File "C:\Users\frc40\AppData\Roaming\uv\python\cpython-3.12.8-windows-x86_64-none\Lib\threading.py", line 1075, in _bootstrap_inner
    self.run()
  File "C:\Users\frc40\AppData\Roaming\uv\python\cpython-3.12.8-windows-x86_64-none\Lib\threading.py", line 1012, in run
    self._target(*self._args, **self._kwargs)
  File "C:\Users\frc40\Documents\Robot Code\Reefscape2025\.venv\Lib\site-packages\pyfrc\test_support\controller.py", line 42, in _robot_thread
    robot.startCompetition()
  File "C:\Users\frc40\Documents\Robot Code\Reefscape2025\.venv\Lib\site-packages\magicbot\magicrobot.py", line 376, in startCompetition
    self.autonomous()
  File "C:\Users\frc40\Documents\Robot Code\Reefscape2025\.venv\Lib\site-packages\magicbot\magicrobot.py", line 409, in autonomous
    self._automodes.run(
  File "C:\Users\frc40\Documents\Robot Code\Reefscape2025\.venv\Lib\site-packages\robotpy_ext\autonomous\selector.py", line 267, in run
    self._on_autonomous_enable()
  File "C:\Users\frc40\Documents\Robot Code\Reefscape2025\.venv\Lib\site-packages\robotpy_ext\autonomous\selector.py", line 377, in _on_autonomous_enable
    logger.warning(
Message: 'No autonomous modes were selected, not enabling autonomous mode'
Arguments: ()
--- Logging error ---
Traceback (most recent call last):
  File "C:\Users\frc40\AppData\Roaming\uv\python\cpython-3.12.8-windows-x86_64-none\Lib\logging\__init__.py", line 1163, in emit
    stream.write(msg + self.terminator)
OSError: [WinError 6] The handle is invalid
Call stack:
  File "C:\Users\frc40\AppData\Roaming\uv\python\cpython-3.12.8-windows-x86_64-none\Lib\threading.py", line 1032, in _bootstrap
    self._bootstrap_inner()
  File "C:\Users\frc40\AppData\Roaming\uv\python\cpython-3.12.8-windows-x86_64-none\Lib\threading.py", line 1075, in _bootstrap_inner
    self.run()
  File "C:\Users\frc40\AppData\Roaming\uv\python\cpython-3.12.8-windows-x86_64-none\Lib\threading.py", line 1012, in run
    self._target(*self._args, **self._kwargs)
  File "C:\Users\frc40\Documents\Robot Code\Reefscape2025\.venv\Lib\site-packages\pyfrc\test_support\controller.py", line 42, in _robot_thread
    robot.startCompetition()
  File "C:\Users\frc40\Documents\Robot Code\Reefscape2025\.venv\Lib\site-packages\magicbot\magicrobot.py", line 376, in startCompetition
    self.autonomous()
  File "C:\Users\frc40\Documents\Robot Code\Reefscape2025\.venv\Lib\site-packages\magicbot\magicrobot.py", line 409, in autonomous
    self._automodes.run(
  File "C:\Users\frc40\Documents\Robot Code\Reefscape2025\.venv\Lib\site-packages\robotpy_ext\autonomous\selector.py", line 316, in run
    logger.info("Autonomous mode ended")
Message: 'Autonomous mode ended'
Arguments: ()
--- Logging error ---
Traceback (most recent call last):
  File "C:\Users\frc40\AppData\Roaming\uv\python\cpython-3.12.8-windows-x86_64-none\Lib\logging\__init__.py", line 1163, in emit
    stream.write(msg + self.terminator)
OSError: [WinError 6] The handle is invalid
Call stack:
  File "<frozen runpy>", line 198, in _run_module_as_main
  File "<frozen runpy>", line 88, in _run_code
  File "C:\Users\frc40\Documents\Robot Code\Reefscape2025\.venv\Scripts\robotpy.exe\__main__.py", line 10, in <module>
    sys.exit(main())
  File "C:\Users\frc40\Documents\Robot Code\Reefscape2025\.venv\Lib\site-packages\robotpy\main.py", line 314, in main
    retval = subcommand.run(**kwargs)
  File "C:\Users\frc40\Documents\Robot Code\Reefscape2025\.venv\Lib\site-packages\pyfrc\mains\cli_test.py", line 62, in run
    return self._run_test(
  File "C:\Users\frc40\Documents\Robot Code\Reefscape2025\.venv\Lib\site-packages\pyfrc\mains\cli_test.py", line 115, in _run_test
    retv = pytest.main(
  File "C:\Users\frc40\Documents\Robot Code\Reefscape2025\.venv\Lib\site-packages\_pytest\config\__init__.py", line 175, in main
    ret: ExitCode | int = config.hook.pytest_cmdline_main(config=config)
  File "C:\Users\frc40\Documents\Robot Code\Reefscape2025\.venv\Lib\site-packages\pluggy\_hooks.py", line 513, in __call__
    return self._hookexec(self.name, self._hookimpls.copy(), kwargs, firstresult)
  File "C:\Users\frc40\Documents\Robot Code\Reefscape2025\.venv\Lib\site-packages\pluggy\_manager.py", line 120, in _hookexec
    return self._inner_hookexec(hook_name, methods, kwargs, firstresult)
  File "C:\Users\frc40\Documents\Robot Code\Reefscape2025\.venv\Lib\site-packages\pluggy\_callers.py", line 103, in _multicall
    res = hook_impl.function(*args)
  File "C:\Users\frc40\Documents\Robot Code\Reefscape2025\.venv\Lib\site-packages\_pytest\main.py", line 330, in pytest_cmdline_main
    return wrap_session(config, _main)
  File "C:\Users\frc40\Documents\Robot Code\Reefscape2025\.venv\Lib\site-packages\_pytest\main.py", line 283, in wrap_session
    session.exitstatus = doit(config, session) or 0
  File "C:\Users\frc40\Documents\Robot Code\Reefscape2025\.venv\Lib\site-packages\_pytest\main.py", line 337, in _main
    config.hook.pytest_runtestloop(session=session)
  File "C:\Users\frc40\Documents\Robot Code\Reefscape2025\.venv\Lib\site-packages\pluggy\_hooks.py", line 513, in __call__
    return self._hookexec(self.name, self._hookimpls.copy(), kwargs, firstresult)
  File "C:\Users\frc40\Documents\Robot Code\Reefscape2025\.venv\Lib\site-packages\pluggy\_manager.py", line 120, in _hookexec
    return self._inner_hookexec(hook_name, methods, kwargs, firstresult)
  File "C:\Users\frc40\Documents\Robot Code\Reefscape2025\.venv\Lib\site-packages\pluggy\_callers.py", line 103, in _multicall
    res = hook_impl.function(*args)
  File "C:\Users\frc40\Documents\Robot Code\Reefscape2025\.venv\Lib\site-packages\_pytest\main.py", line 362, in pytest_runtestloop
    item.config.hook.pytest_runtest_protocol(item=item, nextitem=nextitem)
  File "C:\Users\frc40\Documents\Robot Code\Reefscape2025\.venv\Lib\site-packages\pluggy\_hooks.py", line 513, in __call__
    return self._hookexec(self.name, self._hookimpls.copy(), kwargs, firstresult)
  File "C:\Users\frc40\Documents\Robot Code\Reefscape2025\.venv\Lib\site-packages\pluggy\_manager.py", line 120, in _hookexec
    return self._inner_hookexec(hook_name, methods, kwargs, firstresult)
  File "C:\Users\frc40\Documents\Robot Code\Reefscape2025\.venv\Lib\site-packages\pluggy\_callers.py", line 103, in _multicall
    res = hook_impl.function(*args)
  File "C:\Users\frc40\Documents\Robot Code\Reefscape2025\.venv\Lib\site-packages\_pytest\runner.py", line 113, in pytest_runtest_protocol
    runtestprotocol(item, nextitem=nextitem)
  File "C:\Users\frc40\Documents\Robot Code\Reefscape2025\.venv\Lib\site-packages\_pytest\runner.py", line 132, in runtestprotocol
    reports.append(call_and_report(item, "call", log))
  File "C:\Users\frc40\Documents\Robot Code\Reefscape2025\.venv\Lib\site-packages\_pytest\runner.py", line 241, in call_and_report
    call = CallInfo.from_call(
  File "C:\Users\frc40\Documents\Robot Code\Reefscape2025\.venv\Lib\site-packages\_pytest\runner.py", line 341, in from_call
    result: TResult | None = func()
  File "C:\Users\frc40\Documents\Robot Code\Reefscape2025\.venv\Lib\site-packages\_pytest\runner.py", line 242, in <lambda>
    lambda: runtest_hook(item=item, **kwds), when=when, reraise=reraise
  File "C:\Users\frc40\Documents\Robot Code\Reefscape2025\.venv\Lib\site-packages\pluggy\_hooks.py", line 513, in __call__
    return self._hookexec(self.name, self._hookimpls.copy(), kwargs, firstresult)
  File "C:\Users\frc40\Documents\Robot Code\Reefscape2025\.venv\Lib\site-packages\pluggy\_manager.py", line 120, in _hookexec
    return self._inner_hookexec(hook_name, methods, kwargs, firstresult)
  File "C:\Users\frc40\Documents\Robot Code\Reefscape2025\.venv\Lib\site-packages\pluggy\_callers.py", line 103, in _multicall
    res = hook_impl.function(*args)
  File "C:\Users\frc40\Documents\Robot Code\Reefscape2025\.venv\Lib\site-packages\_pytest\runner.py", line 174, in pytest_runtest_call
    item.runtest()
  File "C:\Users\frc40\Documents\Robot Code\Reefscape2025\.venv\Lib\site-packages\_pytest\python.py", line 1627, in runtest
    self.ihook.pytest_pyfunc_call(pyfuncitem=self)
  File "C:\Users\frc40\Documents\Robot Code\Reefscape2025\.venv\Lib\site-packages\pluggy\_hooks.py", line 513, in __call__
    return self._hookexec(self.name, self._hookimpls.copy(), kwargs, firstresult)
  File "C:\Users\frc40\Documents\Robot Code\Reefscape2025\.venv\Lib\site-packages\pluggy\_manager.py", line 120, in _hookexec
    return self._inner_hookexec(hook_name, methods, kwargs, firstresult)
  File "C:\Users\frc40\Documents\Robot Code\Reefscape2025\.venv\Lib\site-packages\pluggy\_callers.py", line 103, in _multicall
    res = hook_impl.function(*args)
  File "C:\Users\frc40\Documents\Robot Code\Reefscape2025\.venv\Lib\site-packages\_pytest\python.py", line 159, in pytest_pyfunc_call
    result = testfunction(**testargs)
  File "C:\Users\frc40\Documents\Robot Code\Reefscape2025\tests\autonomous_test.py", line 15, in test_all_autonomous
    _test_all_autonomous(control)
  File "C:\Users\frc40\Documents\Robot Code\Reefscape2025\.venv\Lib\site-packages\robotpy_ext\autonomous\selector_tests.py", line 34, in test_all_autonomous
    logger.info(f"{'='*10} Testing '{choice}' {'='*10}")
Message: "========== Testing 'Place 2 Coral' =========="
Arguments: ()
--- Logging error ---
Traceback (most recent call last):
  File "C:\Users\frc40\AppData\Roaming\uv\python\cpython-3.12.8-windows-x86_64-none\Lib\logging\__init__.py", line 1163, in emit
    stream.write(msg + self.terminator)
OSError: [WinError 6] The handle is invalid
Call stack:
  File "C:\Users\frc40\AppData\Roaming\uv\python\cpython-3.12.8-windows-x86_64-none\Lib\threading.py", line 1032, in _bootstrap
    self._bootstrap_inner()
  File "C:\Users\frc40\AppData\Roaming\uv\python\cpython-3.12.8-windows-x86_64-none\Lib\threading.py", line 1075, in _bootstrap_inner
    self.run()
  File "C:\Users\frc40\AppData\Roaming\uv\python\cpython-3.12.8-windows-x86_64-none\Lib\threading.py", line 1012, in run
    self._target(*self._args, **self._kwargs)
  File "C:\Users\frc40\Documents\Robot Code\Reefscape2025\.venv\Lib\site-packages\pyfrc\test_support\controller.py", line 42, in _robot_thread
    robot.startCompetition()
  File "C:\Users\frc40\Documents\Robot Code\Reefscape2025\.venv\Lib\site-packages\magicbot\magicrobot.py", line 376, in startCompetition
    self.autonomous()
  File "C:\Users\frc40\Documents\Robot Code\Reefscape2025\.venv\Lib\site-packages\magicbot\magicrobot.py", line 409, in autonomous
    self._automodes.run(
  File "C:\Users\frc40\Documents\Robot Code\Reefscape2025\.venv\Lib\site-packages\robotpy_ext\autonomous\selector.py", line 252, in run
    logger.info("Begin autonomous")
Message: 'Begin autonomous'
Arguments: ()
--- Logging error ---
Traceback (most recent call last):
  File "C:\Users\frc40\AppData\Roaming\uv\python\cpython-3.12.8-windows-x86_64-none\Lib\logging\__init__.py", line 1163, in emit
    stream.write(msg + self.terminator)
OSError: [WinError 6] The handle is invalid
Call stack:
  File "C:\Users\frc40\AppData\Roaming\uv\python\cpython-3.12.8-windows-x86_64-none\Lib\threading.py", line 1032, in _bootstrap
    self._bootstrap_inner()
  File "C:\Users\frc40\AppData\Roaming\uv\python\cpython-3.12.8-windows-x86_64-none\Lib\threading.py", line 1075, in _bootstrap_inner
    self.run()
  File "C:\Users\frc40\AppData\Roaming\uv\python\cpython-3.12.8-windows-x86_64-none\Lib\threading.py", line 1012, in run
    self._target(*self._args, **self._kwargs)
  File "C:\Users\frc40\Documents\Robot Code\Reefscape2025\.venv\Lib\site-packages\pyfrc\test_support\controller.py", line 42, in _robot_thread
    robot.startCompetition()
  File "C:\Users\frc40\Documents\Robot Code\Reefscape2025\.venv\Lib\site-packages\magicbot\magicrobot.py", line 376, in startCompetition
    self.autonomous()
  File "C:\Users\frc40\Documents\Robot Code\Reefscape2025\.venv\Lib\site-packages\magicbot\magicrobot.py", line 409, in autonomous
    self._automodes.run(
  File "C:\Users\frc40\Documents\Robot Code\Reefscape2025\.venv\Lib\site-packages\robotpy_ext\autonomous\selector.py", line 267, in run
    self._on_autonomous_enable()
  File "C:\Users\frc40\Documents\Robot Code\Reefscape2025\.venv\Lib\site-packages\robotpy_ext\autonomous\selector.py", line 374, in _on_autonomous_enable
    logger.info("Enabling '%s'", self.active_mode.MODE_NAME)
Message: "Enabling '%s'"
Arguments: ('Place 2 Coral',)
--- Logging error ---
Traceback (most recent call last):
  File "C:\Users\frc40\AppData\Roaming\uv\python\cpython-3.12.8-windows-x86_64-none\Lib\logging\__init__.py", line 1163, in emit
    stream.write(msg + self.terminator)
OSError: [WinError 6] The handle is invalid
Call stack:
  File "C:\Users\frc40\AppData\Roaming\uv\python\cpython-3.12.8-windows-x86_64-none\Lib\threading.py", line 1032, in _bootstrap
    self._bootstrap_inner()
  File "C:\Users\frc40\AppData\Roaming\uv\python\cpython-3.12.8-windows-x86_64-none\Lib\threading.py", line 1075, in _bootstrap_inner
    self.run()
  File "C:\Users\frc40\AppData\Roaming\uv\python\cpython-3.12.8-windows-x86_64-none\Lib\threading.py", line 1012, in run
    self._target(*self._args, **self._kwargs)
  File "C:\Users\frc40\Documents\Robot Code\Reefscape2025\.venv\Lib\site-packages\pyfrc\test_support\controller.py", line 42, in _robot_thread
    robot.startCompetition()
  File "C:\Users\frc40\Documents\Robot Code\Reefscape2025\.venv\Lib\site-packages\magicbot\magicrobot.py", line 376, in startCompetition
    self.autonomous()
  File "C:\Users\frc40\Documents\Robot Code\Reefscape2025\.venv\Lib\site-packages\magicbot\magicrobot.py", line 409, in autonomous
    self._automodes.run(
  File "C:\Users\frc40\Documents\Robot Code\Reefscape2025\.venv\Lib\site-packages\robotpy_ext\autonomous\selector.py", line 289, in run
    self._on_iteration(timer.get())
  File "C:\Users\frc40\Documents\Robot Code\Reefscape2025\.venv\Lib\site-packages\robotpy_ext\autonomous\selector.py", line 384, in _on_iteration
    self.active_mode.on_iteration(time_elapsed)
  File "C:\Users\frc40\Documents\Robot Code\Reefscape2025\.venv\Lib\site-packages\magicbot\state_machine.py", line 680, in on_iteration
    self.execute()
  File "C:\Users\frc40\Documents\Robot Code\Reefscape2025\.venv\Lib\site-packages\magicbot\state_machine.py", line 638, in execute
    self.logger.info("%.3fs: Entering state: %s", tm, state.name)
Message: '%.3fs: Entering state: %s'
Arguments: (0.0, 'drive_to_reef11')
--- Logging error ---
Traceback (most recent call last):
  File "C:\Users\frc40\AppData\Roaming\uv\python\cpython-3.12.8-windows-x86_64-none\Lib\logging\__init__.py", line 1163, in emit
    stream.write(msg + self.terminator)
OSError: [WinError 6] The handle is invalid
Call stack:
  File "C:\Users\frc40\AppData\Roaming\uv\python\cpython-3.12.8-windows-x86_64-none\Lib\threading.py", line 1032, in _bootstrap
    self._bootstrap_inner()
  File "C:\Users\frc40\AppData\Roaming\uv\python\cpython-3.12.8-windows-x86_64-none\Lib\threading.py", line 1075, in _bootstrap_inner
    self.run()
  File "C:\Users\frc40\AppData\Roaming\uv\python\cpython-3.12.8-windows-x86_64-none\Lib\threading.py", line 1012, in run
    self._target(*self._args, **self._kwargs)
  File "C:\Users\frc40\Documents\Robot Code\Reefscape2025\.venv\Lib\site-packages\pyfrc\test_support\controller.py", line 42, in _robot_thread
    robot.startCompetition()
  File "C:\Users\frc40\Documents\Robot Code\Reefscape2025\.venv\Lib\site-packages\magicbot\magicrobot.py", line 376, in startCompetition
    self.autonomous()
  File "C:\Users\frc40\Documents\Robot Code\Reefscape2025\.venv\Lib\site-packages\magicbot\magicrobot.py", line 409, in autonomous
    self._automodes.run(
  File "C:\Users\frc40\Documents\Robot Code\Reefscape2025\.venv\Lib\site-packages\robotpy_ext\autonomous\selector.py", line 289, in run
    self._on_iteration(timer.get())
  File "C:\Users\frc40\Documents\Robot Code\Reefscape2025\.venv\Lib\site-packages\robotpy_ext\autonomous\selector.py", line 384, in _on_iteration
    self.active_mode.on_iteration(time_elapsed)
  File "C:\Users\frc40\Documents\Robot Code\Reefscape2025\.venv\Lib\site-packages\magicbot\state_machine.py", line 680, in on_iteration
    self.execute()
  File "C:\Users\frc40\Documents\Robot Code\Reefscape2025\.venv\Lib\site-packages\magicbot\state_machine.py", line 638, in execute
    self.logger.info("%.3fs: Entering state: %s", tm, state.name)
Message: '%.3fs: Entering state: %s'
Arguments: (2.020000000000003, 'place_coral')
--- Logging error ---
Traceback (most recent call last):
  File "C:\Users\frc40\AppData\Roaming\uv\python\cpython-3.12.8-windows-x86_64-none\Lib\logging\__init__.py", line 1163, in emit
    stream.write(msg + self.terminator)
OSError: [WinError 6] The handle is invalid
Call stack:
  File "C:\Users\frc40\AppData\Roaming\uv\python\cpython-3.12.8-windows-x86_64-none\Lib\threading.py", line 1032, in _bootstrap
    self._bootstrap_inner()
  File "C:\Users\frc40\AppData\Roaming\uv\python\cpython-3.12.8-windows-x86_64-none\Lib\threading.py", line 1075, in _bootstrap_inner
    self.run()
  File "C:\Users\frc40\AppData\Roaming\uv\python\cpython-3.12.8-windows-x86_64-none\Lib\threading.py", line 1012, in run
    self._target(*self._args, **self._kwargs)
  File "C:\Users\frc40\Documents\Robot Code\Reefscape2025\.venv\Lib\site-packages\pyfrc\test_support\controller.py", line 42, in _robot_thread
    robot.startCompetition()
  File "C:\Users\frc40\Documents\Robot Code\Reefscape2025\.venv\Lib\site-packages\magicbot\magicrobot.py", line 376, in startCompetition
    self.autonomous()
  File "C:\Users\frc40\Documents\Robot Code\Reefscape2025\.venv\Lib\site-packages\magicbot\magicrobot.py", line 409, in autonomous
    self._automodes.run(
  File "C:\Users\frc40\Documents\Robot Code\Reefscape2025\.venv\Lib\site-packages\robotpy_ext\autonomous\selector.py", line 289, in run
    self._on_iteration(timer.get())
  File "C:\Users\frc40\Documents\Robot Code\Reefscape2025\.venv\Lib\site-packages\robotpy_ext\autonomous\selector.py", line 384, in _on_iteration
    self.active_mode.on_iteration(time_elapsed)
  File "C:\Users\frc40\Documents\Robot Code\Reefscape2025\.venv\Lib\site-packages\magicbot\state_machine.py", line 680, in on_iteration
    self.execute()
  File "C:\Users\frc40\Documents\Robot Code\Reefscape2025\.venv\Lib\site-packages\magicbot\state_machine.py", line 638, in execute
    self.logger.info("%.3fs: Entering state: %s", tm, state.name)
Message: '%.3fs: Entering state: %s'
Arguments: (5.020000000000003, 'drive_to_ps')
--- Logging error ---
Traceback (most recent call last):
  File "C:\Users\frc40\AppData\Roaming\uv\python\cpython-3.12.8-windows-x86_64-none\Lib\logging\__init__.py", line 1163, in emit
    stream.write(msg + self.terminator)
OSError: [WinError 6] The handle is invalid
Call stack:
  File "C:\Users\frc40\AppData\Roaming\uv\python\cpython-3.12.8-windows-x86_64-none\Lib\threading.py", line 1032, in _bootstrap
    self._bootstrap_inner()
  File "C:\Users\frc40\AppData\Roaming\uv\python\cpython-3.12.8-windows-x86_64-none\Lib\threading.py", line 1075, in _bootstrap_inner
    self.run()
  File "C:\Users\frc40\AppData\Roaming\uv\python\cpython-3.12.8-windows-x86_64-none\Lib\threading.py", line 1012, in run
    self._target(*self._args, **self._kwargs)
  File "C:\Users\frc40\Documents\Robot Code\Reefscape2025\.venv\Lib\site-packages\pyfrc\test_support\controller.py", line 42, in _robot_thread
    robot.startCompetition()
  File "C:\Users\frc40\Documents\Robot Code\Reefscape2025\.venv\Lib\site-packages\magicbot\magicrobot.py", line 376, in startCompetition
    self.autonomous()
  File "C:\Users\frc40\Documents\Robot Code\Reefscape2025\.venv\Lib\site-packages\magicbot\magicrobot.py", line 409, in autonomous
    self._automodes.run(
  File "C:\Users\frc40\Documents\Robot Code\Reefscape2025\.venv\Lib\site-packages\robotpy_ext\autonomous\selector.py", line 289, in run
    self._on_iteration(timer.get())
  File "C:\Users\frc40\Documents\Robot Code\Reefscape2025\.venv\Lib\site-packages\robotpy_ext\autonomous\selector.py", line 384, in _on_iteration
    self.active_mode.on_iteration(time_elapsed)
  File "C:\Users\frc40\Documents\Robot Code\Reefscape2025\.venv\Lib\site-packages\magicbot\state_machine.py", line 680, in on_iteration
    self.execute()
  File "C:\Users\frc40\Documents\Robot Code\Reefscape2025\.venv\Lib\site-packages\magicbot\state_machine.py", line 638, in execute
    self.logger.info("%.3fs: Entering state: %s", tm, state.name)
Message: '%.3fs: Entering state: %s'
Arguments: (9.020000000000003, 'wait_on_player_coral')
--- Logging error ---
Traceback (most recent call last):
  File "C:\Users\frc40\AppData\Roaming\uv\python\cpython-3.12.8-windows-x86_64-none\Lib\logging\__init__.py", line 1163, in emit
    stream.write(msg + self.terminator)
OSError: [WinError 6] The handle is invalid
Call stack:
  File "C:\Users\frc40\AppData\Roaming\uv\python\cpython-3.12.8-windows-x86_64-none\Lib\threading.py", line 1032, in _bootstrap
    self._bootstrap_inner()
  File "C:\Users\frc40\AppData\Roaming\uv\python\cpython-3.12.8-windows-x86_64-none\Lib\threading.py", line 1075, in _bootstrap_inner
    self.run()
  File "C:\Users\frc40\AppData\Roaming\uv\python\cpython-3.12.8-windows-x86_64-none\Lib\threading.py", line 1012, in run
    self._target(*self._args, **self._kwargs)
  File "C:\Users\frc40\Documents\Robot Code\Reefscape2025\.venv\Lib\site-packages\pyfrc\test_support\controller.py", line 42, in _robot_thread
    robot.startCompetition()
  File "C:\Users\frc40\Documents\Robot Code\Reefscape2025\.venv\Lib\site-packages\magicbot\magicrobot.py", line 376, in startCompetition
    self.autonomous()
  File "C:\Users\frc40\Documents\Robot Code\Reefscape2025\.venv\Lib\site-packages\magicbot\magicrobot.py", line 409, in autonomous
    self._automodes.run(
  File "C:\Users\frc40\Documents\Robot Code\Reefscape2025\.venv\Lib\site-packages\robotpy_ext\autonomous\selector.py", line 289, in run
    self._on_iteration(timer.get())
  File "C:\Users\frc40\Documents\Robot Code\Reefscape2025\.venv\Lib\site-packages\robotpy_ext\autonomous\selector.py", line 384, in _on_iteration
    self.active_mode.on_iteration(time_elapsed)
  File "C:\Users\frc40\Documents\Robot Code\Reefscape2025\.venv\Lib\site-packages\magicbot\state_machine.py", line 680, in on_iteration
    self.execute()
  File "C:\Users\frc40\Documents\Robot Code\Reefscape2025\.venv\Lib\site-packages\magicbot\state_machine.py", line 638, in execute
    self.logger.info("%.3fs: Entering state: %s", tm, state.name)
Message: '%.3fs: Entering state: %s'
Arguments: (11.020000000000003, 'drive_to_reef')
--- Logging error ---
Traceback (most recent call last):
  File "C:\Users\frc40\AppData\Roaming\uv\python\cpython-3.12.8-windows-x86_64-none\Lib\logging\__init__.py", line 1163, in emit
    stream.write(msg + self.terminator)
OSError: [WinError 6] The handle is invalid
Call stack:
  File "C:\Users\frc40\AppData\Roaming\uv\python\cpython-3.12.8-windows-x86_64-none\Lib\threading.py", line 1032, in _bootstrap
    self._bootstrap_inner()
  File "C:\Users\frc40\AppData\Roaming\uv\python\cpython-3.12.8-windows-x86_64-none\Lib\threading.py", line 1075, in _bootstrap_inner
    self.run()
  File "C:\Users\frc40\AppData\Roaming\uv\python\cpython-3.12.8-windows-x86_64-none\Lib\threading.py", line 1012, in run
    self._target(*self._args, **self._kwargs)
  File "C:\Users\frc40\Documents\Robot Code\Reefscape2025\.venv\Lib\site-packages\pyfrc\test_support\controller.py", line 42, in _robot_thread
    robot.startCompetition()
  File "C:\Users\frc40\Documents\Robot Code\Reefscape2025\.venv\Lib\site-packages\magicbot\magicrobot.py", line 376, in startCompetition
    self.autonomous()
  File "C:\Users\frc40\Documents\Robot Code\Reefscape2025\.venv\Lib\site-packages\magicbot\magicrobot.py", line 409, in autonomous
    self._automodes.run(
  File "C:\Users\frc40\Documents\Robot Code\Reefscape2025\.venv\Lib\site-packages\robotpy_ext\autonomous\selector.py", line 312, in run
    self.disable()
  File "C:\Users\frc40\Documents\Robot Code\Reefscape2025\.venv\Lib\site-packages\robotpy_ext\autonomous\selector.py", line 349, in disable
    logger.info("Disabling '%s'", self.active_mode.MODE_NAME)
Message: "Disabling '%s'"
Arguments: ('Place 2 Coral',)
--- Logging error ---
Traceback (most recent call last):
  File "C:\Users\frc40\AppData\Roaming\uv\python\cpython-3.12.8-windows-x86_64-none\Lib\logging\__init__.py", line 1163, in emit
    stream.write(msg + self.terminator)
OSError: [WinError 6] The handle is invalid
Call stack:
  File "C:\Users\frc40\AppData\Roaming\uv\python\cpython-3.12.8-windows-x86_64-none\Lib\threading.py", line 1032, in _bootstrap
    self._bootstrap_inner()
  File "C:\Users\frc40\AppData\Roaming\uv\python\cpython-3.12.8-windows-x86_64-none\Lib\threading.py", line 1075, in _bootstrap_inner
    self.run()
  File "C:\Users\frc40\AppData\Roaming\uv\python\cpython-3.12.8-windows-x86_64-none\Lib\threading.py", line 1012, in run
    self._target(*self._args, **self._kwargs)
  File "C:\Users\frc40\Documents\Robot Code\Reefscape2025\.venv\Lib\site-packages\pyfrc\test_support\controller.py", line 42, in _robot_thread
    robot.startCompetition()
  File "C:\Users\frc40\Documents\Robot Code\Reefscape2025\.venv\Lib\site-packages\magicbot\magicrobot.py", line 376, in startCompetition
    self.autonomous()
  File "C:\Users\frc40\Documents\Robot Code\Reefscape2025\.venv\Lib\site-packages\magicbot\magicrobot.py", line 409, in autonomous
    self._automodes.run(
  File "C:\Users\frc40\Documents\Robot Code\Reefscape2025\.venv\Lib\site-packages\robotpy_ext\autonomous\selector.py", line 312, in run
    self.disable()
  File "C:\Users\frc40\Documents\Robot Code\Reefscape2025\.venv\Lib\site-packages\robotpy_ext\autonomous\selector.py", line 350, in disable
    self.active_mode.on_disable()
  File "C:\Users\frc40\Documents\Robot Code\Reefscape2025\.venv\Lib\site-packages\magicbot\state_machine.py", line 496, in on_disable
    self.done()
  File "C:\Users\frc40\Documents\Robot Code\Reefscape2025\.venv\Lib\site-packages\magicbot\state_machine.py", line 684, in done
    super().done()
  File "C:\Users\frc40\Documents\Robot Code\Reefscape2025\.venv\Lib\site-packages\magicbot\state_machine.py", line 560, in done
    self.logger.info("Stopped state machine execution")
Message: 'Stopped state machine execution'
Arguments: ()
--- Logging error ---
Traceback (most recent call last):
  File "C:\Users\frc40\AppData\Roaming\uv\python\cpython-3.12.8-windows-x86_64-none\Lib\logging\__init__.py", line 1163, in emit
    stream.write(msg + self.terminator)
OSError: [WinError 6] The handle is invalid
Call stack:
  File "C:\Users\frc40\AppData\Roaming\uv\python\cpython-3.12.8-windows-x86_64-none\Lib\threading.py", line 1032, in _bootstrap
    self._bootstrap_inner()
  File "C:\Users\frc40\AppData\Roaming\uv\python\cpython-3.12.8-windows-x86_64-none\Lib\threading.py", line 1075, in _bootstrap_inner
    self.run()
  File "C:\Users\frc40\AppData\Roaming\uv\python\cpython-3.12.8-windows-x86_64-none\Lib\threading.py", line 1012, in run
    self._target(*self._args, **self._kwargs)
  File "C:\Users\frc40\Documents\Robot Code\Reefscape2025\.venv\Lib\site-packages\pyfrc\test_support\controller.py", line 42, in _robot_thread
    robot.startCompetition()
  File "C:\Users\frc40\Documents\Robot Code\Reefscape2025\.venv\Lib\site-packages\magicbot\magicrobot.py", line 376, in startCompetition
    self.autonomous()
  File "C:\Users\frc40\Documents\Robot Code\Reefscape2025\.venv\Lib\site-packages\magicbot\magicrobot.py", line 409, in autonomous
    self._automodes.run(
  File "C:\Users\frc40\Documents\Robot Code\Reefscape2025\.venv\Lib\site-packages\robotpy_ext\autonomous\selector.py", line 316, in run
    logger.info("Autonomous mode ended")
Message: 'Autonomous mode ended'
Arguments: ()
--- Logging error ---
Traceback (most recent call last):
  File "C:\Users\frc40\AppData\Roaming\uv\python\cpython-3.12.8-windows-x86_64-none\Lib\logging\__init__.py", line 1163, in emit
    stream.write(msg + self.terminator)
OSError: [WinError 6] The handle is invalid
Call stack:
  File "<frozen runpy>", line 198, in _run_module_as_main
  File "<frozen runpy>", line 88, in _run_code
  File "C:\Users\frc40\Documents\Robot Code\Reefscape2025\.venv\Scripts\robotpy.exe\__main__.py", line 10, in <module>
    sys.exit(main())
  File "C:\Users\frc40\Documents\Robot Code\Reefscape2025\.venv\Lib\site-packages\robotpy\main.py", line 314, in main
    retval = subcommand.run(**kwargs)
  File "C:\Users\frc40\Documents\Robot Code\Reefscape2025\.venv\Lib\site-packages\pyfrc\mains\cli_test.py", line 62, in run
    return self._run_test(
  File "C:\Users\frc40\Documents\Robot Code\Reefscape2025\.venv\Lib\site-packages\pyfrc\mains\cli_test.py", line 115, in _run_test
    retv = pytest.main(
  File "C:\Users\frc40\Documents\Robot Code\Reefscape2025\.venv\Lib\site-packages\_pytest\config\__init__.py", line 175, in main
    ret: ExitCode | int = config.hook.pytest_cmdline_main(config=config)
  File "C:\Users\frc40\Documents\Robot Code\Reefscape2025\.venv\Lib\site-packages\pluggy\_hooks.py", line 513, in __call__
    return self._hookexec(self.name, self._hookimpls.copy(), kwargs, firstresult)
  File "C:\Users\frc40\Documents\Robot Code\Reefscape2025\.venv\Lib\site-packages\pluggy\_manager.py", line 120, in _hookexec
    return self._inner_hookexec(hook_name, methods, kwargs, firstresult)
  File "C:\Users\frc40\Documents\Robot Code\Reefscape2025\.venv\Lib\site-packages\pluggy\_callers.py", line 103, in _multicall
    res = hook_impl.function(*args)
  File "C:\Users\frc40\Documents\Robot Code\Reefscape2025\.venv\Lib\site-packages\_pytest\main.py", line 330, in pytest_cmdline_main
    return wrap_session(config, _main)
  File "C:\Users\frc40\Documents\Robot Code\Reefscape2025\.venv\Lib\site-packages\_pytest\main.py", line 283, in wrap_session
    session.exitstatus = doit(config, session) or 0
  File "C:\Users\frc40\Documents\Robot Code\Reefscape2025\.venv\Lib\site-packages\_pytest\main.py", line 337, in _main
    config.hook.pytest_runtestloop(session=session)
  File "C:\Users\frc40\Documents\Robot Code\Reefscape2025\.venv\Lib\site-packages\pluggy\_hooks.py", line 513, in __call__
    return self._hookexec(self.name, self._hookimpls.copy(), kwargs, firstresult)
  File "C:\Users\frc40\Documents\Robot Code\Reefscape2025\.venv\Lib\site-packages\pluggy\_manager.py", line 120, in _hookexec
    return self._inner_hookexec(hook_name, methods, kwargs, firstresult)
  File "C:\Users\frc40\Documents\Robot Code\Reefscape2025\.venv\Lib\site-packages\pluggy\_callers.py", line 103, in _multicall
    res = hook_impl.function(*args)
  File "C:\Users\frc40\Documents\Robot Code\Reefscape2025\.venv\Lib\site-packages\_pytest\main.py", line 362, in pytest_runtestloop
    item.config.hook.pytest_runtest_protocol(item=item, nextitem=nextitem)
  File "C:\Users\frc40\Documents\Robot Code\Reefscape2025\.venv\Lib\site-packages\pluggy\_hooks.py", line 513, in __call__
    return self._hookexec(self.name, self._hookimpls.copy(), kwargs, firstresult)
  File "C:\Users\frc40\Documents\Robot Code\Reefscape2025\.venv\Lib\site-packages\pluggy\_manager.py", line 120, in _hookexec
    return self._inner_hookexec(hook_name, methods, kwargs, firstresult)
  File "C:\Users\frc40\Documents\Robot Code\Reefscape2025\.venv\Lib\site-packages\pluggy\_callers.py", line 103, in _multicall
    res = hook_impl.function(*args)
  File "C:\Users\frc40\Documents\Robot Code\Reefscape2025\.venv\Lib\site-packages\_pytest\runner.py", line 113, in pytest_runtest_protocol
    runtestprotocol(item, nextitem=nextitem)
  File "C:\Users\frc40\Documents\Robot Code\Reefscape2025\.venv\Lib\site-packages\_pytest\runner.py", line 132, in runtestprotocol
    reports.append(call_and_report(item, "call", log))
  File "C:\Users\frc40\Documents\Robot Code\Reefscape2025\.venv\Lib\site-packages\_pytest\runner.py", line 241, in call_and_report
    call = CallInfo.from_call(
  File "C:\Users\frc40\Documents\Robot Code\Reefscape2025\.venv\Lib\site-packages\_pytest\runner.py", line 341, in from_call
    result: TResult | None = func()
  File "C:\Users\frc40\Documents\Robot Code\Reefscape2025\.venv\Lib\site-packages\_pytest\runner.py", line 242, in <lambda>
    lambda: runtest_hook(item=item, **kwds), when=when, reraise=reraise
  File "C:\Users\frc40\Documents\Robot Code\Reefscape2025\.venv\Lib\site-packages\pluggy\_hooks.py", line 513, in __call__
    return self._hookexec(self.name, self._hookimpls.copy(), kwargs, firstresult)
  File "C:\Users\frc40\Documents\Robot Code\Reefscape2025\.venv\Lib\site-packages\pluggy\_manager.py", line 120, in _hookexec
    return self._inner_hookexec(hook_name, methods, kwargs, firstresult)
  File "C:\Users\frc40\Documents\Robot Code\Reefscape2025\.venv\Lib\site-packages\pluggy\_callers.py", line 103, in _multicall
    res = hook_impl.function(*args)
  File "C:\Users\frc40\Documents\Robot Code\Reefscape2025\.venv\Lib\site-packages\_pytest\runner.py", line 174, in pytest_runtest_call
    item.runtest()
  File "C:\Users\frc40\Documents\Robot Code\Reefscape2025\.venv\Lib\site-packages\_pytest\python.py", line 1627, in runtest
    self.ihook.pytest_pyfunc_call(pyfuncitem=self)
  File "C:\Users\frc40\Documents\Robot Code\Reefscape2025\.venv\Lib\site-packages\pluggy\_hooks.py", line 513, in __call__
    return self._hookexec(self.name, self._hookimpls.copy(), kwargs, firstresult)
  File "C:\Users\frc40\Documents\Robot Code\Reefscape2025\.venv\Lib\site-packages\pluggy\_manager.py", line 120, in _hookexec
    return self._inner_hookexec(hook_name, methods, kwargs, firstresult)
  File "C:\Users\frc40\Documents\Robot Code\Reefscape2025\.venv\Lib\site-packages\pluggy\_callers.py", line 103, in _multicall
    res = hook_impl.function(*args)
  File "C:\Users\frc40\Documents\Robot Code\Reefscape2025\.venv\Lib\site-packages\_pytest\python.py", line 159, in pytest_pyfunc_call
    result = testfunction(**testargs)
  File "C:\Users\frc40\Documents\Robot Code\Reefscape2025\tests\autonomous_test.py", line 15, in test_all_autonomous
    _test_all_autonomous(control)
  File "C:\Users\frc40\Documents\Robot Code\Reefscape2025\.venv\Lib\site-packages\robotpy_ext\autonomous\selector_tests.py", line 34, in test_all_autonomous
    logger.info(f"{'='*10} Testing '{choice}' {'='*10}")
Message: "========== Testing 'Place 5 Coral' =========="
Arguments: ()
--- Logging error ---
Traceback (most recent call last):
  File "C:\Users\frc40\AppData\Roaming\uv\python\cpython-3.12.8-windows-x86_64-none\Lib\logging\__init__.py", line 1163, in emit
    stream.write(msg + self.terminator)
OSError: [WinError 6] The handle is invalid
Call stack:
  File "C:\Users\frc40\AppData\Roaming\uv\python\cpython-3.12.8-windows-x86_64-none\Lib\threading.py", line 1032, in _bootstrap
    self._bootstrap_inner()
  File "C:\Users\frc40\AppData\Roaming\uv\python\cpython-3.12.8-windows-x86_64-none\Lib\threading.py", line 1075, in _bootstrap_inner
    self.run()
  File "C:\Users\frc40\AppData\Roaming\uv\python\cpython-3.12.8-windows-x86_64-none\Lib\threading.py", line 1012, in run
    self._target(*self._args, **self._kwargs)
  File "C:\Users\frc40\Documents\Robot Code\Reefscape2025\.venv\Lib\site-packages\pyfrc\test_support\controller.py", line 42, in _robot_thread
    robot.startCompetition()
  File "C:\Users\frc40\Documents\Robot Code\Reefscape2025\.venv\Lib\site-packages\magicbot\magicrobot.py", line 376, in startCompetition
    self.autonomous()
  File "C:\Users\frc40\Documents\Robot Code\Reefscape2025\.venv\Lib\site-packages\magicbot\magicrobot.py", line 409, in autonomous
    self._automodes.run(
  File "C:\Users\frc40\Documents\Robot Code\Reefscape2025\.venv\Lib\site-packages\robotpy_ext\autonomous\selector.py", line 252, in run
    logger.info("Begin autonomous")
Message: 'Begin autonomous'
Arguments: ()
--- Logging error ---
Traceback (most recent call last):
  File "C:\Users\frc40\AppData\Roaming\uv\python\cpython-3.12.8-windows-x86_64-none\Lib\logging\__init__.py", line 1163, in emit
    stream.write(msg + self.terminator)
OSError: [WinError 6] The handle is invalid
Call stack:
  File "C:\Users\frc40\AppData\Roaming\uv\python\cpython-3.12.8-windows-x86_64-none\Lib\threading.py", line 1032, in _bootstrap
    self._bootstrap_inner()
  File "C:\Users\frc40\AppData\Roaming\uv\python\cpython-3.12.8-windows-x86_64-none\Lib\threading.py", line 1075, in _bootstrap_inner
    self.run()
  File "C:\Users\frc40\AppData\Roaming\uv\python\cpython-3.12.8-windows-x86_64-none\Lib\threading.py", line 1012, in run
    self._target(*self._args, **self._kwargs)
  File "C:\Users\frc40\Documents\Robot Code\Reefscape2025\.venv\Lib\site-packages\pyfrc\test_support\controller.py", line 42, in _robot_thread
    robot.startCompetition()
  File "C:\Users\frc40\Documents\Robot Code\Reefscape2025\.venv\Lib\site-packages\magicbot\magicrobot.py", line 376, in startCompetition
    self.autonomous()
  File "C:\Users\frc40\Documents\Robot Code\Reefscape2025\.venv\Lib\site-packages\magicbot\magicrobot.py", line 409, in autonomous
    self._automodes.run(
  File "C:\Users\frc40\Documents\Robot Code\Reefscape2025\.venv\Lib\site-packages\robotpy_ext\autonomous\selector.py", line 267, in run
    self._on_autonomous_enable()
  File "C:\Users\frc40\Documents\Robot Code\Reefscape2025\.venv\Lib\site-packages\robotpy_ext\autonomous\selector.py", line 374, in _on_autonomous_enable
    logger.info("Enabling '%s'", self.active_mode.MODE_NAME)
Message: "Enabling '%s'"
Arguments: ('Place 5 Coral',)
--- Logging error ---
Traceback (most recent call last):
  File "C:\Users\frc40\AppData\Roaming\uv\python\cpython-3.12.8-windows-x86_64-none\Lib\logging\__init__.py", line 1163, in emit
    stream.write(msg + self.terminator)
OSError: [WinError 6] The handle is invalid
Call stack:
  File "C:\Users\frc40\AppData\Roaming\uv\python\cpython-3.12.8-windows-x86_64-none\Lib\threading.py", line 1032, in _bootstrap
    self._bootstrap_inner()
  File "C:\Users\frc40\AppData\Roaming\uv\python\cpython-3.12.8-windows-x86_64-none\Lib\threading.py", line 1075, in _bootstrap_inner
    self.run()
  File "C:\Users\frc40\AppData\Roaming\uv\python\cpython-3.12.8-windows-x86_64-none\Lib\threading.py", line 1012, in run
    self._target(*self._args, **self._kwargs)
  File "C:\Users\frc40\Documents\Robot Code\Reefscape2025\.venv\Lib\site-packages\pyfrc\test_support\controller.py", line 42, in _robot_thread
    robot.startCompetition()
  File "C:\Users\frc40\Documents\Robot Code\Reefscape2025\.venv\Lib\site-packages\magicbot\magicrobot.py", line 376, in startCompetition
    self.autonomous()
  File "C:\Users\frc40\Documents\Robot Code\Reefscape2025\.venv\Lib\site-packages\magicbot\magicrobot.py", line 409, in autonomous
    self._automodes.run(
  File "C:\Users\frc40\Documents\Robot Code\Reefscape2025\.venv\Lib\site-packages\robotpy_ext\autonomous\selector.py", line 289, in run
    self._on_iteration(timer.get())
  File "C:\Users\frc40\Documents\Robot Code\Reefscape2025\.venv\Lib\site-packages\robotpy_ext\autonomous\selector.py", line 384, in _on_iteration
    self.active_mode.on_iteration(time_elapsed)
  File "C:\Users\frc40\Documents\Robot Code\Reefscape2025\.venv\Lib\site-packages\magicbot\state_machine.py", line 680, in on_iteration
    self.execute()
  File "C:\Users\frc40\Documents\Robot Code\Reefscape2025\.venv\Lib\site-packages\magicbot\state_machine.py", line 638, in execute
    self.logger.info("%.3fs: Entering state: %s", tm, state.name)
Message: '%.3fs: Entering state: %s'
Arguments: (0.0, 'drive_to_reef11')
------------------------------ Captured log call ------------------------------
INFO     autonomous:selector.py:86 Begin initializing autonomous mode switcher
INFO     autonomous:selector.py:177 Loaded autonomous modes:
INFO     autonomous:selector.py:184  -> Circle Reef
INFO     autonomous:selector.py:184  -> Move Off Line
INFO     autonomous:selector.py:184  -> Place 2 Coral
INFO     autonomous:selector.py:180  -> Place 5 Coral [Default]
INFO     autonomous:selector.py:210 Autonomous switcher initialized
INFO     robot:magicrobot.py:593 Creating magic components
INFO     robot:magicrobot.py:702 -> drive_to_pos (class: DriveToPosition)
INFO     robot:magicrobot.py:702 -> gyro (class: GyroComponent)
INFO     robot:magicrobot.py:702 -> drivetrain (class: DrivetrainComponent)
INFO     robot:magicrobot.py:702 -> vision (class: VisionComponent)
INFO     robot:magicrobot.py:702 -> battery_monitor (class: BatteryMonitorComponent)
INFO     robot:magicrobot.py:702 -> leds (class: LEDComponent)
INFO     test-all-autonomous:selector_tests.py:34 ========== Testing 'Circle Reef' ==========
INFO     autonomous:selector.py:252 Begin autonomous
INFO     autonomous:selector.py:374 Enabling 'Circle Reef'
INFO     Circle Reef:state_machine.py:638 0.000s: Entering state: drive_to_reef11
INFO     autonomous:selector.py:349 Disabling 'Circle Reef'
INFO     Circle Reef:state_machine.py:560 Stopped state machine execution
INFO     autonomous:selector.py:316 Autonomous mode ended
INFO     test-all-autonomous:selector_tests.py:34 ========== Testing 'Move Off Line' ==========
INFO     autonomous:selector.py:252 Begin autonomous
INFO     autonomous:selector.py:374 Enabling 'Move Off Line'
INFO     Move Off Line:state_machine.py:638 0.000s: Entering state: drive
INFO     Move Off Line:state_machine.py:560 Stopped state machine execution
INFO     autonomous:selector.py:349 Disabling 'Move Off Line'
INFO     autonomous:selector.py:316 Autonomous mode ended
INFO     test-all-autonomous:selector_tests.py:34 ========== Testing 'None' ==========
INFO     autonomous:selector.py:252 Begin autonomous
WARNING  autonomous:selector.py:377 No autonomous modes were selected, not enabling autonomous mode
INFO     autonomous:selector.py:316 Autonomous mode ended
INFO     test-all-autonomous:selector_tests.py:34 ========== Testing 'Place 2 Coral' ==========
INFO     autonomous:selector.py:252 Begin autonomous
INFO     autonomous:selector.py:374 Enabling 'Place 2 Coral'
INFO     Place 2 Coral:state_machine.py:638 0.000s: Entering state: drive_to_reef11
INFO     Place 2 Coral:state_machine.py:638 2.020s: Entering state: place_coral
INFO     Place 2 Coral:state_machine.py:638 5.020s: Entering state: drive_to_ps
INFO     Place 2 Coral:state_machine.py:638 9.020s: Entering state: wait_on_player_coral
INFO     Place 2 Coral:state_machine.py:638 11.020s: Entering state: drive_to_reef
INFO     autonomous:selector.py:349 Disabling 'Place 2 Coral'
INFO     Place 2 Coral:state_machine.py:560 Stopped state machine execution
INFO     autonomous:selector.py:316 Autonomous mode ended
INFO     test-all-autonomous:selector_tests.py:34 ========== Testing 'Place 5 Coral' ==========
INFO     autonomous:selector.py:252 Begin autonomous
INFO     autonomous:selector.py:374 Enabling 'Place 5 Coral'
INFO     Place 5 Coral:state_machine.py:638 0.000s: Entering state: drive_to_reef11
__________________________ test_all_autonomous[Blue] __________________________

item = <Function test_all_autonomous[Blue]>

    @pytest.hookimpl(hookwrapper=True, tryfirst=True)
    def pytest_runtest_call(item: Item):
        result = yield
        if hasattr(item, "funcargs") and "reraise" in item.funcargs:
            reraise = item.funcargs["reraise"]
    
            # Override any non-re-raised exception in the main thread by calling `reraise()`
            if result.excinfo is None or not hasattr(
                result.excinfo[1], "_is_from_pytest_reraise"
            ):
>               reraise()

..\.venv\Lib\site-packages\pytest_reraise\reraise.py:136: 
_ _ _ _ _ _ _ _ _ _ _ _ _ _ _ _ _ _ _ _ _ _ _ _ _ _ _ _ _ _ _ _ _ _ _ _ _ _ _ _
..\.venv\Lib\site-packages\pytest_reraise\reraise.py:72: in __call__
    raise e
..\.venv\Lib\site-packages\pyfrc\test_support\controller.py:42: in _robot_thread
    robot.startCompetition()
..\.venv\Lib\site-packages\magicbot\magicrobot.py:376: in startCompetition
    self.autonomous()
..\.venv\Lib\site-packages\magicbot\magicrobot.py:409: in autonomous
    self._automodes.run(
..\.venv\Lib\site-packages\robotpy_ext\autonomous\selector.py:291: in run
    on_exception()
..\.venv\Lib\site-packages\robotpy_ext\autonomous\selector.py:289: in run
    self._on_iteration(timer.get())
..\.venv\Lib\site-packages\robotpy_ext\autonomous\selector.py:384: in _on_iteration
    self.active_mode.on_iteration(time_elapsed)
..\.venv\Lib\site-packages\magicbot\state_machine.py:680: in on_iteration
    self.execute()
..\.venv\Lib\site-packages\magicbot\state_machine.py:611: in execute
    self.next_state(state.next_state)
_ _ _ _ _ _ _ _ _ _ _ _ _ _ _ _ _ _ _ _ _ _ _ _ _ _ _ _ _ _ _ _ _ _ _ _ _ _ _ _

self = <autonomous.choreo.AutonPlace5 object at 0x00000205CEB4DB20>
state = 'place_coral'

    def next_state(self, state: StateRef) -> None:
        """Call this function to transition to the next state
    
        :param state: Name of the state to transition to
    
        .. note:: This should only be called from one of the state functions
        """
        if isinstance(state, _State):
            state = state.name
    
>       state_data = self.__states[state]
E       KeyError: 'place_coral'

..\.venv\Lib\site-packages\magicbot\state_machine.py:531: KeyError
---------------------------- Captured stdout setup ----------------------------
Not loading CameraServerShared
---------------------------- Captured stdout call -----------------------------
set pose called -- force location
set pose called -- force location
set pose called -- force location
set pose called -- force location
waiting...
waiting...
waiting...
waiting...
waiting...
waiting...
waiting...
waiting...
waiting...
waiting...
waiting...
waiting...
waiting...
waiting...
waiting...
waiting...
waiting...
waiting...
waiting...
waiting...
waiting...
waiting...
waiting...
waiting...
waiting...
waiting...
waiting...
waiting...
waiting...
waiting...
waiting...
waiting...
waiting...
waiting...
waiting...
waiting...
waiting...
waiting...
waiting...
waiting...
waiting...
waiting...
waiting...
waiting...
waiting...
waiting...
waiting...
waiting...
waiting...
waiting...
waiting...
waiting...
waiting...
waiting...
waiting...
waiting...
waiting...
waiting...
waiting...
waiting...
waiting...
waiting...
waiting...
waiting...
waiting...
waiting...
waiting...
waiting...
waiting...
waiting...
waiting...
waiting...
waiting...
waiting...
waiting...
waiting...
waiting...
waiting...
waiting...
waiting...
waiting...
waiting...
waiting...
waiting...
waiting...
waiting...
waiting...
waiting...
waiting...
waiting...
waiting...
waiting...
waiting...
waiting...
waiting...
waiting...
waiting...
waiting...
waiting...
waiting...
---------------------------- Captured stderr call -----------------------------
--- Logging error ---
Traceback (most recent call last):
  File "C:\Users\frc40\AppData\Roaming\uv\python\cpython-3.12.8-windows-x86_64-none\Lib\logging\__init__.py", line 1163, in emit
    stream.write(msg + self.terminator)
OSError: [WinError 6] The handle is invalid
Call stack:
  File "C:\Users\frc40\AppData\Roaming\uv\python\cpython-3.12.8-windows-x86_64-none\Lib\threading.py", line 1032, in _bootstrap
    self._bootstrap_inner()
  File "C:\Users\frc40\AppData\Roaming\uv\python\cpython-3.12.8-windows-x86_64-none\Lib\threading.py", line 1075, in _bootstrap_inner
    self.run()
  File "C:\Users\frc40\AppData\Roaming\uv\python\cpython-3.12.8-windows-x86_64-none\Lib\threading.py", line 1012, in run
    self._target(*self._args, **self._kwargs)
  File "C:\Users\frc40\Documents\Robot Code\Reefscape2025\.venv\Lib\site-packages\pyfrc\test_support\controller.py", line 42, in _robot_thread
    robot.startCompetition()
  File "C:\Users\frc40\Documents\Robot Code\Reefscape2025\.venv\Lib\site-packages\magicbot\magicrobot.py", line 365, in startCompetition
    self.robotInit()
  File "C:\Users\frc40\Documents\Robot Code\Reefscape2025\.venv\Lib\site-packages\pyfrc\test_support\pytest_plugin.py", line 46, in robotInit
    super().robotInit()
  File "C:\Users\frc40\Documents\Robot Code\Reefscape2025\.venv\Lib\site-packages\magicbot\magicrobot.py", line 111, in robotInit
    self._automodes = AutonomousModeSelector("autonomous")
  File "C:\Users\frc40\Documents\Robot Code\Reefscape2025\.venv\Lib\site-packages\robotpy_ext\autonomous\selector.py", line 86, in __init__
    logger.info("Begin initializing autonomous mode switcher")
Message: 'Begin initializing autonomous mode switcher'
Arguments: ()
--- Logging error ---
Traceback (most recent call last):
  File "C:\Users\frc40\AppData\Roaming\uv\python\cpython-3.12.8-windows-x86_64-none\Lib\logging\__init__.py", line 1163, in emit
    stream.write(msg + self.terminator)
OSError: [WinError 6] The handle is invalid
Call stack:
  File "C:\Users\frc40\AppData\Roaming\uv\python\cpython-3.12.8-windows-x86_64-none\Lib\threading.py", line 1032, in _bootstrap
    self._bootstrap_inner()
  File "C:\Users\frc40\AppData\Roaming\uv\python\cpython-3.12.8-windows-x86_64-none\Lib\threading.py", line 1075, in _bootstrap_inner
    self.run()
  File "C:\Users\frc40\AppData\Roaming\uv\python\cpython-3.12.8-windows-x86_64-none\Lib\threading.py", line 1012, in run
    self._target(*self._args, **self._kwargs)
  File "C:\Users\frc40\Documents\Robot Code\Reefscape2025\.venv\Lib\site-packages\pyfrc\test_support\controller.py", line 42, in _robot_thread
    robot.startCompetition()
  File "C:\Users\frc40\Documents\Robot Code\Reefscape2025\.venv\Lib\site-packages\magicbot\magicrobot.py", line 365, in startCompetition
    self.robotInit()
  File "C:\Users\frc40\Documents\Robot Code\Reefscape2025\.venv\Lib\site-packages\pyfrc\test_support\pytest_plugin.py", line 46, in robotInit
    super().robotInit()
  File "C:\Users\frc40\Documents\Robot Code\Reefscape2025\.venv\Lib\site-packages\magicbot\magicrobot.py", line 111, in robotInit
    self._automodes = AutonomousModeSelector("autonomous")
  File "C:\Users\frc40\Documents\Robot Code\Reefscape2025\.venv\Lib\site-packages\robotpy_ext\autonomous\selector.py", line 177, in __init__
    logger.info("Loaded autonomous modes:")
Message: 'Loaded autonomous modes:'
Arguments: ()
--- Logging error ---
Traceback (most recent call last):
  File "C:\Users\frc40\AppData\Roaming\uv\python\cpython-3.12.8-windows-x86_64-none\Lib\logging\__init__.py", line 1163, in emit
    stream.write(msg + self.terminator)
OSError: [WinError 6] The handle is invalid
Call stack:
  File "C:\Users\frc40\AppData\Roaming\uv\python\cpython-3.12.8-windows-x86_64-none\Lib\threading.py", line 1032, in _bootstrap
    self._bootstrap_inner()
  File "C:\Users\frc40\AppData\Roaming\uv\python\cpython-3.12.8-windows-x86_64-none\Lib\threading.py", line 1075, in _bootstrap_inner
    self.run()
  File "C:\Users\frc40\AppData\Roaming\uv\python\cpython-3.12.8-windows-x86_64-none\Lib\threading.py", line 1012, in run
    self._target(*self._args, **self._kwargs)
  File "C:\Users\frc40\Documents\Robot Code\Reefscape2025\.venv\Lib\site-packages\pyfrc\test_support\controller.py", line 42, in _robot_thread
    robot.startCompetition()
  File "C:\Users\frc40\Documents\Robot Code\Reefscape2025\.venv\Lib\site-packages\magicbot\magicrobot.py", line 365, in startCompetition
    self.robotInit()
  File "C:\Users\frc40\Documents\Robot Code\Reefscape2025\.venv\Lib\site-packages\pyfrc\test_support\pytest_plugin.py", line 46, in robotInit
    super().robotInit()
  File "C:\Users\frc40\Documents\Robot Code\Reefscape2025\.venv\Lib\site-packages\magicbot\magicrobot.py", line 111, in robotInit
    self._automodes = AutonomousModeSelector("autonomous")
  File "C:\Users\frc40\Documents\Robot Code\Reefscape2025\.venv\Lib\site-packages\robotpy_ext\autonomous\selector.py", line 184, in __init__
    logger.info(" -> %s", k)
Message: ' -> %s'
Arguments: ('Circle Reef',)
--- Logging error ---
Traceback (most recent call last):
  File "C:\Users\frc40\AppData\Roaming\uv\python\cpython-3.12.8-windows-x86_64-none\Lib\logging\__init__.py", line 1163, in emit
    stream.write(msg + self.terminator)
OSError: [WinError 6] The handle is invalid
Call stack:
  File "C:\Users\frc40\AppData\Roaming\uv\python\cpython-3.12.8-windows-x86_64-none\Lib\threading.py", line 1032, in _bootstrap
    self._bootstrap_inner()
  File "C:\Users\frc40\AppData\Roaming\uv\python\cpython-3.12.8-windows-x86_64-none\Lib\threading.py", line 1075, in _bootstrap_inner
    self.run()
  File "C:\Users\frc40\AppData\Roaming\uv\python\cpython-3.12.8-windows-x86_64-none\Lib\threading.py", line 1012, in run
    self._target(*self._args, **self._kwargs)
  File "C:\Users\frc40\Documents\Robot Code\Reefscape2025\.venv\Lib\site-packages\pyfrc\test_support\controller.py", line 42, in _robot_thread
    robot.startCompetition()
  File "C:\Users\frc40\Documents\Robot Code\Reefscape2025\.venv\Lib\site-packages\magicbot\magicrobot.py", line 365, in startCompetition
    self.robotInit()
  File "C:\Users\frc40\Documents\Robot Code\Reefscape2025\.venv\Lib\site-packages\pyfrc\test_support\pytest_plugin.py", line 46, in robotInit
    super().robotInit()
  File "C:\Users\frc40\Documents\Robot Code\Reefscape2025\.venv\Lib\site-packages\magicbot\magicrobot.py", line 111, in robotInit
    self._automodes = AutonomousModeSelector("autonomous")
  File "C:\Users\frc40\Documents\Robot Code\Reefscape2025\.venv\Lib\site-packages\robotpy_ext\autonomous\selector.py", line 184, in __init__
    logger.info(" -> %s", k)
Message: ' -> %s'
Arguments: ('Move Off Line',)
--- Logging error ---
Traceback (most recent call last):
  File "C:\Users\frc40\AppData\Roaming\uv\python\cpython-3.12.8-windows-x86_64-none\Lib\logging\__init__.py", line 1163, in emit
    stream.write(msg + self.terminator)
OSError: [WinError 6] The handle is invalid
Call stack:
  File "C:\Users\frc40\AppData\Roaming\uv\python\cpython-3.12.8-windows-x86_64-none\Lib\threading.py", line 1032, in _bootstrap
    self._bootstrap_inner()
  File "C:\Users\frc40\AppData\Roaming\uv\python\cpython-3.12.8-windows-x86_64-none\Lib\threading.py", line 1075, in _bootstrap_inner
    self.run()
  File "C:\Users\frc40\AppData\Roaming\uv\python\cpython-3.12.8-windows-x86_64-none\Lib\threading.py", line 1012, in run
    self._target(*self._args, **self._kwargs)
  File "C:\Users\frc40\Documents\Robot Code\Reefscape2025\.venv\Lib\site-packages\pyfrc\test_support\controller.py", line 42, in _robot_thread
    robot.startCompetition()
  File "C:\Users\frc40\Documents\Robot Code\Reefscape2025\.venv\Lib\site-packages\magicbot\magicrobot.py", line 365, in startCompetition
    self.robotInit()
  File "C:\Users\frc40\Documents\Robot Code\Reefscape2025\.venv\Lib\site-packages\pyfrc\test_support\pytest_plugin.py", line 46, in robotInit
    super().robotInit()
  File "C:\Users\frc40\Documents\Robot Code\Reefscape2025\.venv\Lib\site-packages\magicbot\magicrobot.py", line 111, in robotInit
    self._automodes = AutonomousModeSelector("autonomous")
  File "C:\Users\frc40\Documents\Robot Code\Reefscape2025\.venv\Lib\site-packages\robotpy_ext\autonomous\selector.py", line 184, in __init__
    logger.info(" -> %s", k)
Message: ' -> %s'
Arguments: ('Place 2 Coral',)
--- Logging error ---
Traceback (most recent call last):
  File "C:\Users\frc40\AppData\Roaming\uv\python\cpython-3.12.8-windows-x86_64-none\Lib\logging\__init__.py", line 1163, in emit
    stream.write(msg + self.terminator)
OSError: [WinError 6] The handle is invalid
Call stack:
  File "C:\Users\frc40\AppData\Roaming\uv\python\cpython-3.12.8-windows-x86_64-none\Lib\threading.py", line 1032, in _bootstrap
    self._bootstrap_inner()
  File "C:\Users\frc40\AppData\Roaming\uv\python\cpython-3.12.8-windows-x86_64-none\Lib\threading.py", line 1075, in _bootstrap_inner
    self.run()
  File "C:\Users\frc40\AppData\Roaming\uv\python\cpython-3.12.8-windows-x86_64-none\Lib\threading.py", line 1012, in run
    self._target(*self._args, **self._kwargs)
  File "C:\Users\frc40\Documents\Robot Code\Reefscape2025\.venv\Lib\site-packages\pyfrc\test_support\controller.py", line 42, in _robot_thread
    robot.startCompetition()
  File "C:\Users\frc40\Documents\Robot Code\Reefscape2025\.venv\Lib\site-packages\magicbot\magicrobot.py", line 365, in startCompetition
    self.robotInit()
  File "C:\Users\frc40\Documents\Robot Code\Reefscape2025\.venv\Lib\site-packages\pyfrc\test_support\pytest_plugin.py", line 46, in robotInit
    super().robotInit()
  File "C:\Users\frc40\Documents\Robot Code\Reefscape2025\.venv\Lib\site-packages\magicbot\magicrobot.py", line 111, in robotInit
    self._automodes = AutonomousModeSelector("autonomous")
  File "C:\Users\frc40\Documents\Robot Code\Reefscape2025\.venv\Lib\site-packages\robotpy_ext\autonomous\selector.py", line 180, in __init__
    logger.info(" -> %s [Default]", k)
Message: ' -> %s [Default]'
Arguments: ('Place 5 Coral',)
--- Logging error ---
Traceback (most recent call last):
  File "C:\Users\frc40\AppData\Roaming\uv\python\cpython-3.12.8-windows-x86_64-none\Lib\logging\__init__.py", line 1163, in emit
    stream.write(msg + self.terminator)
OSError: [WinError 6] The handle is invalid
Call stack:
  File "C:\Users\frc40\AppData\Roaming\uv\python\cpython-3.12.8-windows-x86_64-none\Lib\threading.py", line 1032, in _bootstrap
    self._bootstrap_inner()
  File "C:\Users\frc40\AppData\Roaming\uv\python\cpython-3.12.8-windows-x86_64-none\Lib\threading.py", line 1075, in _bootstrap_inner
    self.run()
  File "C:\Users\frc40\AppData\Roaming\uv\python\cpython-3.12.8-windows-x86_64-none\Lib\threading.py", line 1012, in run
    self._target(*self._args, **self._kwargs)
  File "C:\Users\frc40\Documents\Robot Code\Reefscape2025\.venv\Lib\site-packages\pyfrc\test_support\controller.py", line 42, in _robot_thread
    robot.startCompetition()
  File "C:\Users\frc40\Documents\Robot Code\Reefscape2025\.venv\Lib\site-packages\magicbot\magicrobot.py", line 365, in startCompetition
    self.robotInit()
  File "C:\Users\frc40\Documents\Robot Code\Reefscape2025\.venv\Lib\site-packages\pyfrc\test_support\pytest_plugin.py", line 46, in robotInit
    super().robotInit()
  File "C:\Users\frc40\Documents\Robot Code\Reefscape2025\.venv\Lib\site-packages\magicbot\magicrobot.py", line 111, in robotInit
    self._automodes = AutonomousModeSelector("autonomous")
  File "C:\Users\frc40\Documents\Robot Code\Reefscape2025\.venv\Lib\site-packages\robotpy_ext\autonomous\selector.py", line 210, in __init__
    logger.info("Autonomous switcher initialized")
Message: 'Autonomous switcher initialized'
Arguments: ()
--- Logging error ---
Traceback (most recent call last):
  File "C:\Users\frc40\AppData\Roaming\uv\python\cpython-3.12.8-windows-x86_64-none\Lib\logging\__init__.py", line 1163, in emit
    stream.write(msg + self.terminator)
OSError: [WinError 6] The handle is invalid
Call stack:
  File "C:\Users\frc40\AppData\Roaming\uv\python\cpython-3.12.8-windows-x86_64-none\Lib\threading.py", line 1032, in _bootstrap
    self._bootstrap_inner()
  File "C:\Users\frc40\AppData\Roaming\uv\python\cpython-3.12.8-windows-x86_64-none\Lib\threading.py", line 1075, in _bootstrap_inner
    self.run()
  File "C:\Users\frc40\AppData\Roaming\uv\python\cpython-3.12.8-windows-x86_64-none\Lib\threading.py", line 1012, in run
    self._target(*self._args, **self._kwargs)
  File "C:\Users\frc40\Documents\Robot Code\Reefscape2025\.venv\Lib\site-packages\pyfrc\test_support\controller.py", line 42, in _robot_thread
    robot.startCompetition()
  File "C:\Users\frc40\Documents\Robot Code\Reefscape2025\.venv\Lib\site-packages\magicbot\magicrobot.py", line 365, in startCompetition
    self.robotInit()
  File "C:\Users\frc40\Documents\Robot Code\Reefscape2025\.venv\Lib\site-packages\pyfrc\test_support\pytest_plugin.py", line 46, in robotInit
    super().robotInit()
  File "C:\Users\frc40\Documents\Robot Code\Reefscape2025\.venv\Lib\site-packages\magicbot\magicrobot.py", line 114, in robotInit
    self._create_components()
  File "C:\Users\frc40\Documents\Robot Code\Reefscape2025\.venv\Lib\site-packages\magicbot\magicrobot.py", line 593, in _create_components
    self.logger.info("Creating magic components")
Message: 'Creating magic components'
Arguments: ()
--- Logging error ---
Traceback (most recent call last):
  File "C:\Users\frc40\AppData\Roaming\uv\python\cpython-3.12.8-windows-x86_64-none\Lib\logging\__init__.py", line 1163, in emit
    stream.write(msg + self.terminator)
OSError: [WinError 6] The handle is invalid
Call stack:
  File "C:\Users\frc40\AppData\Roaming\uv\python\cpython-3.12.8-windows-x86_64-none\Lib\threading.py", line 1032, in _bootstrap
    self._bootstrap_inner()
  File "C:\Users\frc40\AppData\Roaming\uv\python\cpython-3.12.8-windows-x86_64-none\Lib\threading.py", line 1075, in _bootstrap_inner
    self.run()
  File "C:\Users\frc40\AppData\Roaming\uv\python\cpython-3.12.8-windows-x86_64-none\Lib\threading.py", line 1012, in run
    self._target(*self._args, **self._kwargs)
  File "C:\Users\frc40\Documents\Robot Code\Reefscape2025\.venv\Lib\site-packages\pyfrc\test_support\controller.py", line 42, in _robot_thread
    robot.startCompetition()
  File "C:\Users\frc40\Documents\Robot Code\Reefscape2025\.venv\Lib\site-packages\magicbot\magicrobot.py", line 365, in startCompetition
    self.robotInit()
  File "C:\Users\frc40\Documents\Robot Code\Reefscape2025\.venv\Lib\site-packages\pyfrc\test_support\pytest_plugin.py", line 46, in robotInit
    super().robotInit()
  File "C:\Users\frc40\Documents\Robot Code\Reefscape2025\.venv\Lib\site-packages\magicbot\magicrobot.py", line 114, in robotInit
    self._create_components()
  File "C:\Users\frc40\Documents\Robot Code\Reefscape2025\.venv\Lib\site-packages\magicbot\magicrobot.py", line 619, in _create_components
    component = self._create_component(m, ctyp, injectables)
  File "C:\Users\frc40\Documents\Robot Code\Reefscape2025\.venv\Lib\site-packages\magicbot\magicrobot.py", line 702, in _create_component
    self.logger.info("-> %s (class: %s)", name, ctyp.__name__)
Message: '-> %s (class: %s)'
Arguments: ('drive_to_pos', 'DriveToPosition')
--- Logging error ---
Traceback (most recent call last):
  File "C:\Users\frc40\AppData\Roaming\uv\python\cpython-3.12.8-windows-x86_64-none\Lib\logging\__init__.py", line 1163, in emit
    stream.write(msg + self.terminator)
OSError: [WinError 6] The handle is invalid
Call stack:
  File "C:\Users\frc40\AppData\Roaming\uv\python\cpython-3.12.8-windows-x86_64-none\Lib\threading.py", line 1032, in _bootstrap
    self._bootstrap_inner()
  File "C:\Users\frc40\AppData\Roaming\uv\python\cpython-3.12.8-windows-x86_64-none\Lib\threading.py", line 1075, in _bootstrap_inner
    self.run()
  File "C:\Users\frc40\AppData\Roaming\uv\python\cpython-3.12.8-windows-x86_64-none\Lib\threading.py", line 1012, in run
    self._target(*self._args, **self._kwargs)
  File "C:\Users\frc40\Documents\Robot Code\Reefscape2025\.venv\Lib\site-packages\pyfrc\test_support\controller.py", line 42, in _robot_thread
    robot.startCompetition()
  File "C:\Users\frc40\Documents\Robot Code\Reefscape2025\.venv\Lib\site-packages\magicbot\magicrobot.py", line 365, in startCompetition
    self.robotInit()
  File "C:\Users\frc40\Documents\Robot Code\Reefscape2025\.venv\Lib\site-packages\pyfrc\test_support\pytest_plugin.py", line 46, in robotInit
    super().robotInit()
  File "C:\Users\frc40\Documents\Robot Code\Reefscape2025\.venv\Lib\site-packages\magicbot\magicrobot.py", line 114, in robotInit
    self._create_components()
  File "C:\Users\frc40\Documents\Robot Code\Reefscape2025\.venv\Lib\site-packages\magicbot\magicrobot.py", line 619, in _create_components
    component = self._create_component(m, ctyp, injectables)
  File "C:\Users\frc40\Documents\Robot Code\Reefscape2025\.venv\Lib\site-packages\magicbot\magicrobot.py", line 702, in _create_component
    self.logger.info("-> %s (class: %s)", name, ctyp.__name__)
Message: '-> %s (class: %s)'
Arguments: ('gyro', 'GyroComponent')
--- Logging error ---
Traceback (most recent call last):
  File "C:\Users\frc40\AppData\Roaming\uv\python\cpython-3.12.8-windows-x86_64-none\Lib\logging\__init__.py", line 1163, in emit
    stream.write(msg + self.terminator)
OSError: [WinError 6] The handle is invalid
Call stack:
  File "C:\Users\frc40\AppData\Roaming\uv\python\cpython-3.12.8-windows-x86_64-none\Lib\threading.py", line 1032, in _bootstrap
    self._bootstrap_inner()
  File "C:\Users\frc40\AppData\Roaming\uv\python\cpython-3.12.8-windows-x86_64-none\Lib\threading.py", line 1075, in _bootstrap_inner
    self.run()
  File "C:\Users\frc40\AppData\Roaming\uv\python\cpython-3.12.8-windows-x86_64-none\Lib\threading.py", line 1012, in run
    self._target(*self._args, **self._kwargs)
  File "C:\Users\frc40\Documents\Robot Code\Reefscape2025\.venv\Lib\site-packages\pyfrc\test_support\controller.py", line 42, in _robot_thread
    robot.startCompetition()
  File "C:\Users\frc40\Documents\Robot Code\Reefscape2025\.venv\Lib\site-packages\magicbot\magicrobot.py", line 365, in startCompetition
    self.robotInit()
  File "C:\Users\frc40\Documents\Robot Code\Reefscape2025\.venv\Lib\site-packages\pyfrc\test_support\pytest_plugin.py", line 46, in robotInit
    super().robotInit()
  File "C:\Users\frc40\Documents\Robot Code\Reefscape2025\.venv\Lib\site-packages\magicbot\magicrobot.py", line 114, in robotInit
    self._create_components()
  File "C:\Users\frc40\Documents\Robot Code\Reefscape2025\.venv\Lib\site-packages\magicbot\magicrobot.py", line 619, in _create_components
    component = self._create_component(m, ctyp, injectables)
  File "C:\Users\frc40\Documents\Robot Code\Reefscape2025\.venv\Lib\site-packages\magicbot\magicrobot.py", line 702, in _create_component
    self.logger.info("-> %s (class: %s)", name, ctyp.__name__)
Message: '-> %s (class: %s)'
Arguments: ('drivetrain', 'DrivetrainComponent')
--- Logging error ---
Traceback (most recent call last):
  File "C:\Users\frc40\AppData\Roaming\uv\python\cpython-3.12.8-windows-x86_64-none\Lib\logging\__init__.py", line 1163, in emit
    stream.write(msg + self.terminator)
OSError: [WinError 6] The handle is invalid
Call stack:
  File "C:\Users\frc40\AppData\Roaming\uv\python\cpython-3.12.8-windows-x86_64-none\Lib\threading.py", line 1032, in _bootstrap
    self._bootstrap_inner()
  File "C:\Users\frc40\AppData\Roaming\uv\python\cpython-3.12.8-windows-x86_64-none\Lib\threading.py", line 1075, in _bootstrap_inner
    self.run()
  File "C:\Users\frc40\AppData\Roaming\uv\python\cpython-3.12.8-windows-x86_64-none\Lib\threading.py", line 1012, in run
    self._target(*self._args, **self._kwargs)
  File "C:\Users\frc40\Documents\Robot Code\Reefscape2025\.venv\Lib\site-packages\pyfrc\test_support\controller.py", line 42, in _robot_thread
    robot.startCompetition()
  File "C:\Users\frc40\Documents\Robot Code\Reefscape2025\.venv\Lib\site-packages\magicbot\magicrobot.py", line 365, in startCompetition
    self.robotInit()
  File "C:\Users\frc40\Documents\Robot Code\Reefscape2025\.venv\Lib\site-packages\pyfrc\test_support\pytest_plugin.py", line 46, in robotInit
    super().robotInit()
  File "C:\Users\frc40\Documents\Robot Code\Reefscape2025\.venv\Lib\site-packages\magicbot\magicrobot.py", line 114, in robotInit
    self._create_components()
  File "C:\Users\frc40\Documents\Robot Code\Reefscape2025\.venv\Lib\site-packages\magicbot\magicrobot.py", line 619, in _create_components
    component = self._create_component(m, ctyp, injectables)
  File "C:\Users\frc40\Documents\Robot Code\Reefscape2025\.venv\Lib\site-packages\magicbot\magicrobot.py", line 702, in _create_component
    self.logger.info("-> %s (class: %s)", name, ctyp.__name__)
Message: '-> %s (class: %s)'
Arguments: ('vision', 'VisionComponent')
--- Logging error ---
Traceback (most recent call last):
  File "C:\Users\frc40\AppData\Roaming\uv\python\cpython-3.12.8-windows-x86_64-none\Lib\logging\__init__.py", line 1163, in emit
    stream.write(msg + self.terminator)
OSError: [WinError 6] The handle is invalid
Call stack:
  File "C:\Users\frc40\AppData\Roaming\uv\python\cpython-3.12.8-windows-x86_64-none\Lib\threading.py", line 1032, in _bootstrap
    self._bootstrap_inner()
  File "C:\Users\frc40\AppData\Roaming\uv\python\cpython-3.12.8-windows-x86_64-none\Lib\threading.py", line 1075, in _bootstrap_inner
    self.run()
  File "C:\Users\frc40\AppData\Roaming\uv\python\cpython-3.12.8-windows-x86_64-none\Lib\threading.py", line 1012, in run
    self._target(*self._args, **self._kwargs)
  File "C:\Users\frc40\Documents\Robot Code\Reefscape2025\.venv\Lib\site-packages\pyfrc\test_support\controller.py", line 42, in _robot_thread
    robot.startCompetition()
  File "C:\Users\frc40\Documents\Robot Code\Reefscape2025\.venv\Lib\site-packages\magicbot\magicrobot.py", line 365, in startCompetition
    self.robotInit()
  File "C:\Users\frc40\Documents\Robot Code\Reefscape2025\.venv\Lib\site-packages\pyfrc\test_support\pytest_plugin.py", line 46, in robotInit
    super().robotInit()
  File "C:\Users\frc40\Documents\Robot Code\Reefscape2025\.venv\Lib\site-packages\magicbot\magicrobot.py", line 114, in robotInit
    self._create_components()
  File "C:\Users\frc40\Documents\Robot Code\Reefscape2025\.venv\Lib\site-packages\magicbot\magicrobot.py", line 619, in _create_components
    component = self._create_component(m, ctyp, injectables)
  File "C:\Users\frc40\Documents\Robot Code\Reefscape2025\.venv\Lib\site-packages\magicbot\magicrobot.py", line 702, in _create_component
    self.logger.info("-> %s (class: %s)", name, ctyp.__name__)
Message: '-> %s (class: %s)'
Arguments: ('battery_monitor', 'BatteryMonitorComponent')
--- Logging error ---
Traceback (most recent call last):
  File "C:\Users\frc40\AppData\Roaming\uv\python\cpython-3.12.8-windows-x86_64-none\Lib\logging\__init__.py", line 1163, in emit
    stream.write(msg + self.terminator)
OSError: [WinError 6] The handle is invalid
Call stack:
  File "C:\Users\frc40\AppData\Roaming\uv\python\cpython-3.12.8-windows-x86_64-none\Lib\threading.py", line 1032, in _bootstrap
    self._bootstrap_inner()
  File "C:\Users\frc40\AppData\Roaming\uv\python\cpython-3.12.8-windows-x86_64-none\Lib\threading.py", line 1075, in _bootstrap_inner
    self.run()
  File "C:\Users\frc40\AppData\Roaming\uv\python\cpython-3.12.8-windows-x86_64-none\Lib\threading.py", line 1012, in run
    self._target(*self._args, **self._kwargs)
  File "C:\Users\frc40\Documents\Robot Code\Reefscape2025\.venv\Lib\site-packages\pyfrc\test_support\controller.py", line 42, in _robot_thread
    robot.startCompetition()
  File "C:\Users\frc40\Documents\Robot Code\Reefscape2025\.venv\Lib\site-packages\magicbot\magicrobot.py", line 365, in startCompetition
    self.robotInit()
  File "C:\Users\frc40\Documents\Robot Code\Reefscape2025\.venv\Lib\site-packages\pyfrc\test_support\pytest_plugin.py", line 46, in robotInit
    super().robotInit()
  File "C:\Users\frc40\Documents\Robot Code\Reefscape2025\.venv\Lib\site-packages\magicbot\magicrobot.py", line 114, in robotInit
    self._create_components()
  File "C:\Users\frc40\Documents\Robot Code\Reefscape2025\.venv\Lib\site-packages\magicbot\magicrobot.py", line 619, in _create_components
    component = self._create_component(m, ctyp, injectables)
  File "C:\Users\frc40\Documents\Robot Code\Reefscape2025\.venv\Lib\site-packages\magicbot\magicrobot.py", line 702, in _create_component
    self.logger.info("-> %s (class: %s)", name, ctyp.__name__)
Message: '-> %s (class: %s)'
Arguments: ('leds', 'LEDComponent')
--- Logging error ---
Traceback (most recent call last):
  File "C:\Users\frc40\AppData\Roaming\uv\python\cpython-3.12.8-windows-x86_64-none\Lib\logging\__init__.py", line 1163, in emit
    stream.write(msg + self.terminator)
OSError: [WinError 6] The handle is invalid
Call stack:
  File "<frozen runpy>", line 198, in _run_module_as_main
  File "<frozen runpy>", line 88, in _run_code
  File "C:\Users\frc40\Documents\Robot Code\Reefscape2025\.venv\Scripts\robotpy.exe\__main__.py", line 10, in <module>
    sys.exit(main())
  File "C:\Users\frc40\Documents\Robot Code\Reefscape2025\.venv\Lib\site-packages\robotpy\main.py", line 314, in main
    retval = subcommand.run(**kwargs)
  File "C:\Users\frc40\Documents\Robot Code\Reefscape2025\.venv\Lib\site-packages\pyfrc\mains\cli_test.py", line 62, in run
    return self._run_test(
  File "C:\Users\frc40\Documents\Robot Code\Reefscape2025\.venv\Lib\site-packages\pyfrc\mains\cli_test.py", line 115, in _run_test
    retv = pytest.main(
  File "C:\Users\frc40\Documents\Robot Code\Reefscape2025\.venv\Lib\site-packages\_pytest\config\__init__.py", line 175, in main
    ret: ExitCode | int = config.hook.pytest_cmdline_main(config=config)
  File "C:\Users\frc40\Documents\Robot Code\Reefscape2025\.venv\Lib\site-packages\pluggy\_hooks.py", line 513, in __call__
    return self._hookexec(self.name, self._hookimpls.copy(), kwargs, firstresult)
  File "C:\Users\frc40\Documents\Robot Code\Reefscape2025\.venv\Lib\site-packages\pluggy\_manager.py", line 120, in _hookexec
    return self._inner_hookexec(hook_name, methods, kwargs, firstresult)
  File "C:\Users\frc40\Documents\Robot Code\Reefscape2025\.venv\Lib\site-packages\pluggy\_callers.py", line 103, in _multicall
    res = hook_impl.function(*args)
  File "C:\Users\frc40\Documents\Robot Code\Reefscape2025\.venv\Lib\site-packages\_pytest\main.py", line 330, in pytest_cmdline_main
    return wrap_session(config, _main)
  File "C:\Users\frc40\Documents\Robot Code\Reefscape2025\.venv\Lib\site-packages\_pytest\main.py", line 283, in wrap_session
    session.exitstatus = doit(config, session) or 0
  File "C:\Users\frc40\Documents\Robot Code\Reefscape2025\.venv\Lib\site-packages\_pytest\main.py", line 337, in _main
    config.hook.pytest_runtestloop(session=session)
  File "C:\Users\frc40\Documents\Robot Code\Reefscape2025\.venv\Lib\site-packages\pluggy\_hooks.py", line 513, in __call__
    return self._hookexec(self.name, self._hookimpls.copy(), kwargs, firstresult)
  File "C:\Users\frc40\Documents\Robot Code\Reefscape2025\.venv\Lib\site-packages\pluggy\_manager.py", line 120, in _hookexec
    return self._inner_hookexec(hook_name, methods, kwargs, firstresult)
  File "C:\Users\frc40\Documents\Robot Code\Reefscape2025\.venv\Lib\site-packages\pluggy\_callers.py", line 103, in _multicall
    res = hook_impl.function(*args)
  File "C:\Users\frc40\Documents\Robot Code\Reefscape2025\.venv\Lib\site-packages\_pytest\main.py", line 362, in pytest_runtestloop
    item.config.hook.pytest_runtest_protocol(item=item, nextitem=nextitem)
  File "C:\Users\frc40\Documents\Robot Code\Reefscape2025\.venv\Lib\site-packages\pluggy\_hooks.py", line 513, in __call__
    return self._hookexec(self.name, self._hookimpls.copy(), kwargs, firstresult)
  File "C:\Users\frc40\Documents\Robot Code\Reefscape2025\.venv\Lib\site-packages\pluggy\_manager.py", line 120, in _hookexec
    return self._inner_hookexec(hook_name, methods, kwargs, firstresult)
  File "C:\Users\frc40\Documents\Robot Code\Reefscape2025\.venv\Lib\site-packages\pluggy\_callers.py", line 103, in _multicall
    res = hook_impl.function(*args)
  File "C:\Users\frc40\Documents\Robot Code\Reefscape2025\.venv\Lib\site-packages\_pytest\runner.py", line 113, in pytest_runtest_protocol
    runtestprotocol(item, nextitem=nextitem)
  File "C:\Users\frc40\Documents\Robot Code\Reefscape2025\.venv\Lib\site-packages\_pytest\runner.py", line 132, in runtestprotocol
    reports.append(call_and_report(item, "call", log))
  File "C:\Users\frc40\Documents\Robot Code\Reefscape2025\.venv\Lib\site-packages\_pytest\runner.py", line 241, in call_and_report
    call = CallInfo.from_call(
  File "C:\Users\frc40\Documents\Robot Code\Reefscape2025\.venv\Lib\site-packages\_pytest\runner.py", line 341, in from_call
    result: TResult | None = func()
  File "C:\Users\frc40\Documents\Robot Code\Reefscape2025\.venv\Lib\site-packages\_pytest\runner.py", line 242, in <lambda>
    lambda: runtest_hook(item=item, **kwds), when=when, reraise=reraise
  File "C:\Users\frc40\Documents\Robot Code\Reefscape2025\.venv\Lib\site-packages\pluggy\_hooks.py", line 513, in __call__
    return self._hookexec(self.name, self._hookimpls.copy(), kwargs, firstresult)
  File "C:\Users\frc40\Documents\Robot Code\Reefscape2025\.venv\Lib\site-packages\pluggy\_manager.py", line 120, in _hookexec
    return self._inner_hookexec(hook_name, methods, kwargs, firstresult)
  File "C:\Users\frc40\Documents\Robot Code\Reefscape2025\.venv\Lib\site-packages\pluggy\_callers.py", line 103, in _multicall
    res = hook_impl.function(*args)
  File "C:\Users\frc40\Documents\Robot Code\Reefscape2025\.venv\Lib\site-packages\_pytest\runner.py", line 174, in pytest_runtest_call
    item.runtest()
  File "C:\Users\frc40\Documents\Robot Code\Reefscape2025\.venv\Lib\site-packages\_pytest\python.py", line 1627, in runtest
    self.ihook.pytest_pyfunc_call(pyfuncitem=self)
  File "C:\Users\frc40\Documents\Robot Code\Reefscape2025\.venv\Lib\site-packages\pluggy\_hooks.py", line 513, in __call__
    return self._hookexec(self.name, self._hookimpls.copy(), kwargs, firstresult)
  File "C:\Users\frc40\Documents\Robot Code\Reefscape2025\.venv\Lib\site-packages\pluggy\_manager.py", line 120, in _hookexec
    return self._inner_hookexec(hook_name, methods, kwargs, firstresult)
  File "C:\Users\frc40\Documents\Robot Code\Reefscape2025\.venv\Lib\site-packages\pluggy\_callers.py", line 103, in _multicall
    res = hook_impl.function(*args)
  File "C:\Users\frc40\Documents\Robot Code\Reefscape2025\.venv\Lib\site-packages\_pytest\python.py", line 159, in pytest_pyfunc_call
    result = testfunction(**testargs)
  File "C:\Users\frc40\Documents\Robot Code\Reefscape2025\tests\autonomous_test.py", line 15, in test_all_autonomous
    _test_all_autonomous(control)
  File "C:\Users\frc40\Documents\Robot Code\Reefscape2025\.venv\Lib\site-packages\robotpy_ext\autonomous\selector_tests.py", line 34, in test_all_autonomous
    logger.info(f"{'='*10} Testing '{choice}' {'='*10}")
Message: "========== Testing 'Circle Reef' =========="
Arguments: ()
--- Logging error ---
Traceback (most recent call last):
  File "C:\Users\frc40\AppData\Roaming\uv\python\cpython-3.12.8-windows-x86_64-none\Lib\logging\__init__.py", line 1163, in emit
    stream.write(msg + self.terminator)
OSError: [WinError 6] The handle is invalid
Call stack:
  File "C:\Users\frc40\AppData\Roaming\uv\python\cpython-3.12.8-windows-x86_64-none\Lib\threading.py", line 1032, in _bootstrap
    self._bootstrap_inner()
  File "C:\Users\frc40\AppData\Roaming\uv\python\cpython-3.12.8-windows-x86_64-none\Lib\threading.py", line 1075, in _bootstrap_inner
    self.run()
  File "C:\Users\frc40\AppData\Roaming\uv\python\cpython-3.12.8-windows-x86_64-none\Lib\threading.py", line 1012, in run
    self._target(*self._args, **self._kwargs)
  File "C:\Users\frc40\Documents\Robot Code\Reefscape2025\.venv\Lib\site-packages\pyfrc\test_support\controller.py", line 42, in _robot_thread
    robot.startCompetition()
  File "C:\Users\frc40\Documents\Robot Code\Reefscape2025\.venv\Lib\site-packages\magicbot\magicrobot.py", line 376, in startCompetition
    self.autonomous()
  File "C:\Users\frc40\Documents\Robot Code\Reefscape2025\.venv\Lib\site-packages\magicbot\magicrobot.py", line 409, in autonomous
    self._automodes.run(
  File "C:\Users\frc40\Documents\Robot Code\Reefscape2025\.venv\Lib\site-packages\robotpy_ext\autonomous\selector.py", line 252, in run
    logger.info("Begin autonomous")
Message: 'Begin autonomous'
Arguments: ()
--- Logging error ---
Traceback (most recent call last):
  File "C:\Users\frc40\AppData\Roaming\uv\python\cpython-3.12.8-windows-x86_64-none\Lib\logging\__init__.py", line 1163, in emit
    stream.write(msg + self.terminator)
OSError: [WinError 6] The handle is invalid
Call stack:
  File "C:\Users\frc40\AppData\Roaming\uv\python\cpython-3.12.8-windows-x86_64-none\Lib\threading.py", line 1032, in _bootstrap
    self._bootstrap_inner()
  File "C:\Users\frc40\AppData\Roaming\uv\python\cpython-3.12.8-windows-x86_64-none\Lib\threading.py", line 1075, in _bootstrap_inner
    self.run()
  File "C:\Users\frc40\AppData\Roaming\uv\python\cpython-3.12.8-windows-x86_64-none\Lib\threading.py", line 1012, in run
    self._target(*self._args, **self._kwargs)
  File "C:\Users\frc40\Documents\Robot Code\Reefscape2025\.venv\Lib\site-packages\pyfrc\test_support\controller.py", line 42, in _robot_thread
    robot.startCompetition()
  File "C:\Users\frc40\Documents\Robot Code\Reefscape2025\.venv\Lib\site-packages\magicbot\magicrobot.py", line 376, in startCompetition
    self.autonomous()
  File "C:\Users\frc40\Documents\Robot Code\Reefscape2025\.venv\Lib\site-packages\magicbot\magicrobot.py", line 409, in autonomous
    self._automodes.run(
  File "C:\Users\frc40\Documents\Robot Code\Reefscape2025\.venv\Lib\site-packages\robotpy_ext\autonomous\selector.py", line 267, in run
    self._on_autonomous_enable()
  File "C:\Users\frc40\Documents\Robot Code\Reefscape2025\.venv\Lib\site-packages\robotpy_ext\autonomous\selector.py", line 374, in _on_autonomous_enable
    logger.info("Enabling '%s'", self.active_mode.MODE_NAME)
Message: "Enabling '%s'"
Arguments: ('Circle Reef',)
--- Logging error ---
Traceback (most recent call last):
  File "C:\Users\frc40\AppData\Roaming\uv\python\cpython-3.12.8-windows-x86_64-none\Lib\logging\__init__.py", line 1163, in emit
    stream.write(msg + self.terminator)
OSError: [WinError 6] The handle is invalid
Call stack:
  File "C:\Users\frc40\AppData\Roaming\uv\python\cpython-3.12.8-windows-x86_64-none\Lib\threading.py", line 1032, in _bootstrap
    self._bootstrap_inner()
  File "C:\Users\frc40\AppData\Roaming\uv\python\cpython-3.12.8-windows-x86_64-none\Lib\threading.py", line 1075, in _bootstrap_inner
    self.run()
  File "C:\Users\frc40\AppData\Roaming\uv\python\cpython-3.12.8-windows-x86_64-none\Lib\threading.py", line 1012, in run
    self._target(*self._args, **self._kwargs)
  File "C:\Users\frc40\Documents\Robot Code\Reefscape2025\.venv\Lib\site-packages\pyfrc\test_support\controller.py", line 42, in _robot_thread
    robot.startCompetition()
  File "C:\Users\frc40\Documents\Robot Code\Reefscape2025\.venv\Lib\site-packages\magicbot\magicrobot.py", line 376, in startCompetition
    self.autonomous()
  File "C:\Users\frc40\Documents\Robot Code\Reefscape2025\.venv\Lib\site-packages\magicbot\magicrobot.py", line 409, in autonomous
    self._automodes.run(
  File "C:\Users\frc40\Documents\Robot Code\Reefscape2025\.venv\Lib\site-packages\robotpy_ext\autonomous\selector.py", line 289, in run
    self._on_iteration(timer.get())
  File "C:\Users\frc40\Documents\Robot Code\Reefscape2025\.venv\Lib\site-packages\robotpy_ext\autonomous\selector.py", line 384, in _on_iteration
    self.active_mode.on_iteration(time_elapsed)
  File "C:\Users\frc40\Documents\Robot Code\Reefscape2025\.venv\Lib\site-packages\magicbot\state_machine.py", line 680, in on_iteration
    self.execute()
  File "C:\Users\frc40\Documents\Robot Code\Reefscape2025\.venv\Lib\site-packages\magicbot\state_machine.py", line 638, in execute
    self.logger.info("%.3fs: Entering state: %s", tm, state.name)
Message: '%.3fs: Entering state: %s'
Arguments: (0.0, 'drive_to_reef11')
--- Logging error ---
Traceback (most recent call last):
  File "C:\Users\frc40\AppData\Roaming\uv\python\cpython-3.12.8-windows-x86_64-none\Lib\logging\__init__.py", line 1163, in emit
    stream.write(msg + self.terminator)
OSError: [WinError 6] The handle is invalid
Call stack:
  File "C:\Users\frc40\AppData\Roaming\uv\python\cpython-3.12.8-windows-x86_64-none\Lib\threading.py", line 1032, in _bootstrap
    self._bootstrap_inner()
  File "C:\Users\frc40\AppData\Roaming\uv\python\cpython-3.12.8-windows-x86_64-none\Lib\threading.py", line 1075, in _bootstrap_inner
    self.run()
  File "C:\Users\frc40\AppData\Roaming\uv\python\cpython-3.12.8-windows-x86_64-none\Lib\threading.py", line 1012, in run
    self._target(*self._args, **self._kwargs)
  File "C:\Users\frc40\Documents\Robot Code\Reefscape2025\.venv\Lib\site-packages\pyfrc\test_support\controller.py", line 42, in _robot_thread
    robot.startCompetition()
  File "C:\Users\frc40\Documents\Robot Code\Reefscape2025\.venv\Lib\site-packages\magicbot\magicrobot.py", line 376, in startCompetition
    self.autonomous()
  File "C:\Users\frc40\Documents\Robot Code\Reefscape2025\.venv\Lib\site-packages\magicbot\magicrobot.py", line 409, in autonomous
    self._automodes.run(
  File "C:\Users\frc40\Documents\Robot Code\Reefscape2025\.venv\Lib\site-packages\robotpy_ext\autonomous\selector.py", line 312, in run
    self.disable()
  File "C:\Users\frc40\Documents\Robot Code\Reefscape2025\.venv\Lib\site-packages\robotpy_ext\autonomous\selector.py", line 349, in disable
    logger.info("Disabling '%s'", self.active_mode.MODE_NAME)
Message: "Disabling '%s'"
Arguments: ('Circle Reef',)
--- Logging error ---
Traceback (most recent call last):
  File "C:\Users\frc40\AppData\Roaming\uv\python\cpython-3.12.8-windows-x86_64-none\Lib\logging\__init__.py", line 1163, in emit
    stream.write(msg + self.terminator)
OSError: [WinError 6] The handle is invalid
Call stack:
  File "C:\Users\frc40\AppData\Roaming\uv\python\cpython-3.12.8-windows-x86_64-none\Lib\threading.py", line 1032, in _bootstrap
    self._bootstrap_inner()
  File "C:\Users\frc40\AppData\Roaming\uv\python\cpython-3.12.8-windows-x86_64-none\Lib\threading.py", line 1075, in _bootstrap_inner
    self.run()
  File "C:\Users\frc40\AppData\Roaming\uv\python\cpython-3.12.8-windows-x86_64-none\Lib\threading.py", line 1012, in run
    self._target(*self._args, **self._kwargs)
  File "C:\Users\frc40\Documents\Robot Code\Reefscape2025\.venv\Lib\site-packages\pyfrc\test_support\controller.py", line 42, in _robot_thread
    robot.startCompetition()
  File "C:\Users\frc40\Documents\Robot Code\Reefscape2025\.venv\Lib\site-packages\magicbot\magicrobot.py", line 376, in startCompetition
    self.autonomous()
  File "C:\Users\frc40\Documents\Robot Code\Reefscape2025\.venv\Lib\site-packages\magicbot\magicrobot.py", line 409, in autonomous
    self._automodes.run(
  File "C:\Users\frc40\Documents\Robot Code\Reefscape2025\.venv\Lib\site-packages\robotpy_ext\autonomous\selector.py", line 312, in run
    self.disable()
  File "C:\Users\frc40\Documents\Robot Code\Reefscape2025\.venv\Lib\site-packages\robotpy_ext\autonomous\selector.py", line 350, in disable
    self.active_mode.on_disable()
  File "C:\Users\frc40\Documents\Robot Code\Reefscape2025\.venv\Lib\site-packages\magicbot\state_machine.py", line 496, in on_disable
    self.done()
  File "C:\Users\frc40\Documents\Robot Code\Reefscape2025\.venv\Lib\site-packages\magicbot\state_machine.py", line 684, in done
    super().done()
  File "C:\Users\frc40\Documents\Robot Code\Reefscape2025\.venv\Lib\site-packages\magicbot\state_machine.py", line 560, in done
    self.logger.info("Stopped state machine execution")
Message: 'Stopped state machine execution'
Arguments: ()
--- Logging error ---
Traceback (most recent call last):
  File "C:\Users\frc40\AppData\Roaming\uv\python\cpython-3.12.8-windows-x86_64-none\Lib\logging\__init__.py", line 1163, in emit
    stream.write(msg + self.terminator)
OSError: [WinError 6] The handle is invalid
Call stack:
  File "C:\Users\frc40\AppData\Roaming\uv\python\cpython-3.12.8-windows-x86_64-none\Lib\threading.py", line 1032, in _bootstrap
    self._bootstrap_inner()
  File "C:\Users\frc40\AppData\Roaming\uv\python\cpython-3.12.8-windows-x86_64-none\Lib\threading.py", line 1075, in _bootstrap_inner
    self.run()
  File "C:\Users\frc40\AppData\Roaming\uv\python\cpython-3.12.8-windows-x86_64-none\Lib\threading.py", line 1012, in run
    self._target(*self._args, **self._kwargs)
  File "C:\Users\frc40\Documents\Robot Code\Reefscape2025\.venv\Lib\site-packages\pyfrc\test_support\controller.py", line 42, in _robot_thread
    robot.startCompetition()
  File "C:\Users\frc40\Documents\Robot Code\Reefscape2025\.venv\Lib\site-packages\magicbot\magicrobot.py", line 376, in startCompetition
    self.autonomous()
  File "C:\Users\frc40\Documents\Robot Code\Reefscape2025\.venv\Lib\site-packages\magicbot\magicrobot.py", line 409, in autonomous
    self._automodes.run(
  File "C:\Users\frc40\Documents\Robot Code\Reefscape2025\.venv\Lib\site-packages\robotpy_ext\autonomous\selector.py", line 316, in run
    logger.info("Autonomous mode ended")
Message: 'Autonomous mode ended'
Arguments: ()
--- Logging error ---
Traceback (most recent call last):
  File "C:\Users\frc40\AppData\Roaming\uv\python\cpython-3.12.8-windows-x86_64-none\Lib\logging\__init__.py", line 1163, in emit
    stream.write(msg + self.terminator)
OSError: [WinError 6] The handle is invalid
Call stack:
  File "<frozen runpy>", line 198, in _run_module_as_main
  File "<frozen runpy>", line 88, in _run_code
  File "C:\Users\frc40\Documents\Robot Code\Reefscape2025\.venv\Scripts\robotpy.exe\__main__.py", line 10, in <module>
    sys.exit(main())
  File "C:\Users\frc40\Documents\Robot Code\Reefscape2025\.venv\Lib\site-packages\robotpy\main.py", line 314, in main
    retval = subcommand.run(**kwargs)
  File "C:\Users\frc40\Documents\Robot Code\Reefscape2025\.venv\Lib\site-packages\pyfrc\mains\cli_test.py", line 62, in run
    return self._run_test(
  File "C:\Users\frc40\Documents\Robot Code\Reefscape2025\.venv\Lib\site-packages\pyfrc\mains\cli_test.py", line 115, in _run_test
    retv = pytest.main(
  File "C:\Users\frc40\Documents\Robot Code\Reefscape2025\.venv\Lib\site-packages\_pytest\config\__init__.py", line 175, in main
    ret: ExitCode | int = config.hook.pytest_cmdline_main(config=config)
  File "C:\Users\frc40\Documents\Robot Code\Reefscape2025\.venv\Lib\site-packages\pluggy\_hooks.py", line 513, in __call__
    return self._hookexec(self.name, self._hookimpls.copy(), kwargs, firstresult)
  File "C:\Users\frc40\Documents\Robot Code\Reefscape2025\.venv\Lib\site-packages\pluggy\_manager.py", line 120, in _hookexec
    return self._inner_hookexec(hook_name, methods, kwargs, firstresult)
  File "C:\Users\frc40\Documents\Robot Code\Reefscape2025\.venv\Lib\site-packages\pluggy\_callers.py", line 103, in _multicall
    res = hook_impl.function(*args)
  File "C:\Users\frc40\Documents\Robot Code\Reefscape2025\.venv\Lib\site-packages\_pytest\main.py", line 330, in pytest_cmdline_main
    return wrap_session(config, _main)
  File "C:\Users\frc40\Documents\Robot Code\Reefscape2025\.venv\Lib\site-packages\_pytest\main.py", line 283, in wrap_session
    session.exitstatus = doit(config, session) or 0
  File "C:\Users\frc40\Documents\Robot Code\Reefscape2025\.venv\Lib\site-packages\_pytest\main.py", line 337, in _main
    config.hook.pytest_runtestloop(session=session)
  File "C:\Users\frc40\Documents\Robot Code\Reefscape2025\.venv\Lib\site-packages\pluggy\_hooks.py", line 513, in __call__
    return self._hookexec(self.name, self._hookimpls.copy(), kwargs, firstresult)
  File "C:\Users\frc40\Documents\Robot Code\Reefscape2025\.venv\Lib\site-packages\pluggy\_manager.py", line 120, in _hookexec
    return self._inner_hookexec(hook_name, methods, kwargs, firstresult)
  File "C:\Users\frc40\Documents\Robot Code\Reefscape2025\.venv\Lib\site-packages\pluggy\_callers.py", line 103, in _multicall
    res = hook_impl.function(*args)
  File "C:\Users\frc40\Documents\Robot Code\Reefscape2025\.venv\Lib\site-packages\_pytest\main.py", line 362, in pytest_runtestloop
    item.config.hook.pytest_runtest_protocol(item=item, nextitem=nextitem)
  File "C:\Users\frc40\Documents\Robot Code\Reefscape2025\.venv\Lib\site-packages\pluggy\_hooks.py", line 513, in __call__
    return self._hookexec(self.name, self._hookimpls.copy(), kwargs, firstresult)
  File "C:\Users\frc40\Documents\Robot Code\Reefscape2025\.venv\Lib\site-packages\pluggy\_manager.py", line 120, in _hookexec
    return self._inner_hookexec(hook_name, methods, kwargs, firstresult)
  File "C:\Users\frc40\Documents\Robot Code\Reefscape2025\.venv\Lib\site-packages\pluggy\_callers.py", line 103, in _multicall
    res = hook_impl.function(*args)
  File "C:\Users\frc40\Documents\Robot Code\Reefscape2025\.venv\Lib\site-packages\_pytest\runner.py", line 113, in pytest_runtest_protocol
    runtestprotocol(item, nextitem=nextitem)
  File "C:\Users\frc40\Documents\Robot Code\Reefscape2025\.venv\Lib\site-packages\_pytest\runner.py", line 132, in runtestprotocol
    reports.append(call_and_report(item, "call", log))
  File "C:\Users\frc40\Documents\Robot Code\Reefscape2025\.venv\Lib\site-packages\_pytest\runner.py", line 241, in call_and_report
    call = CallInfo.from_call(
  File "C:\Users\frc40\Documents\Robot Code\Reefscape2025\.venv\Lib\site-packages\_pytest\runner.py", line 341, in from_call
    result: TResult | None = func()
  File "C:\Users\frc40\Documents\Robot Code\Reefscape2025\.venv\Lib\site-packages\_pytest\runner.py", line 242, in <lambda>
    lambda: runtest_hook(item=item, **kwds), when=when, reraise=reraise
  File "C:\Users\frc40\Documents\Robot Code\Reefscape2025\.venv\Lib\site-packages\pluggy\_hooks.py", line 513, in __call__
    return self._hookexec(self.name, self._hookimpls.copy(), kwargs, firstresult)
  File "C:\Users\frc40\Documents\Robot Code\Reefscape2025\.venv\Lib\site-packages\pluggy\_manager.py", line 120, in _hookexec
    return self._inner_hookexec(hook_name, methods, kwargs, firstresult)
  File "C:\Users\frc40\Documents\Robot Code\Reefscape2025\.venv\Lib\site-packages\pluggy\_callers.py", line 103, in _multicall
    res = hook_impl.function(*args)
  File "C:\Users\frc40\Documents\Robot Code\Reefscape2025\.venv\Lib\site-packages\_pytest\runner.py", line 174, in pytest_runtest_call
    item.runtest()
  File "C:\Users\frc40\Documents\Robot Code\Reefscape2025\.venv\Lib\site-packages\_pytest\python.py", line 1627, in runtest
    self.ihook.pytest_pyfunc_call(pyfuncitem=self)
  File "C:\Users\frc40\Documents\Robot Code\Reefscape2025\.venv\Lib\site-packages\pluggy\_hooks.py", line 513, in __call__
    return self._hookexec(self.name, self._hookimpls.copy(), kwargs, firstresult)
  File "C:\Users\frc40\Documents\Robot Code\Reefscape2025\.venv\Lib\site-packages\pluggy\_manager.py", line 120, in _hookexec
    return self._inner_hookexec(hook_name, methods, kwargs, firstresult)
  File "C:\Users\frc40\Documents\Robot Code\Reefscape2025\.venv\Lib\site-packages\pluggy\_callers.py", line 103, in _multicall
    res = hook_impl.function(*args)
  File "C:\Users\frc40\Documents\Robot Code\Reefscape2025\.venv\Lib\site-packages\_pytest\python.py", line 159, in pytest_pyfunc_call
    result = testfunction(**testargs)
  File "C:\Users\frc40\Documents\Robot Code\Reefscape2025\tests\autonomous_test.py", line 15, in test_all_autonomous
    _test_all_autonomous(control)
  File "C:\Users\frc40\Documents\Robot Code\Reefscape2025\.venv\Lib\site-packages\robotpy_ext\autonomous\selector_tests.py", line 34, in test_all_autonomous
    logger.info(f"{'='*10} Testing '{choice}' {'='*10}")
Message: "========== Testing 'Move Off Line' =========="
Arguments: ()
--- Logging error ---
Traceback (most recent call last):
  File "C:\Users\frc40\AppData\Roaming\uv\python\cpython-3.12.8-windows-x86_64-none\Lib\logging\__init__.py", line 1163, in emit
    stream.write(msg + self.terminator)
OSError: [WinError 6] The handle is invalid
Call stack:
  File "C:\Users\frc40\AppData\Roaming\uv\python\cpython-3.12.8-windows-x86_64-none\Lib\threading.py", line 1032, in _bootstrap
    self._bootstrap_inner()
  File "C:\Users\frc40\AppData\Roaming\uv\python\cpython-3.12.8-windows-x86_64-none\Lib\threading.py", line 1075, in _bootstrap_inner
    self.run()
  File "C:\Users\frc40\AppData\Roaming\uv\python\cpython-3.12.8-windows-x86_64-none\Lib\threading.py", line 1012, in run
    self._target(*self._args, **self._kwargs)
  File "C:\Users\frc40\Documents\Robot Code\Reefscape2025\.venv\Lib\site-packages\pyfrc\test_support\controller.py", line 42, in _robot_thread
    robot.startCompetition()
  File "C:\Users\frc40\Documents\Robot Code\Reefscape2025\.venv\Lib\site-packages\magicbot\magicrobot.py", line 376, in startCompetition
    self.autonomous()
  File "C:\Users\frc40\Documents\Robot Code\Reefscape2025\.venv\Lib\site-packages\magicbot\magicrobot.py", line 409, in autonomous
    self._automodes.run(
  File "C:\Users\frc40\Documents\Robot Code\Reefscape2025\.venv\Lib\site-packages\robotpy_ext\autonomous\selector.py", line 252, in run
    logger.info("Begin autonomous")
Message: 'Begin autonomous'
Arguments: ()
--- Logging error ---
Traceback (most recent call last):
  File "C:\Users\frc40\AppData\Roaming\uv\python\cpython-3.12.8-windows-x86_64-none\Lib\logging\__init__.py", line 1163, in emit
    stream.write(msg + self.terminator)
OSError: [WinError 6] The handle is invalid
Call stack:
  File "C:\Users\frc40\AppData\Roaming\uv\python\cpython-3.12.8-windows-x86_64-none\Lib\threading.py", line 1032, in _bootstrap
    self._bootstrap_inner()
  File "C:\Users\frc40\AppData\Roaming\uv\python\cpython-3.12.8-windows-x86_64-none\Lib\threading.py", line 1075, in _bootstrap_inner
    self.run()
  File "C:\Users\frc40\AppData\Roaming\uv\python\cpython-3.12.8-windows-x86_64-none\Lib\threading.py", line 1012, in run
    self._target(*self._args, **self._kwargs)
  File "C:\Users\frc40\Documents\Robot Code\Reefscape2025\.venv\Lib\site-packages\pyfrc\test_support\controller.py", line 42, in _robot_thread
    robot.startCompetition()
  File "C:\Users\frc40\Documents\Robot Code\Reefscape2025\.venv\Lib\site-packages\magicbot\magicrobot.py", line 376, in startCompetition
    self.autonomous()
  File "C:\Users\frc40\Documents\Robot Code\Reefscape2025\.venv\Lib\site-packages\magicbot\magicrobot.py", line 409, in autonomous
    self._automodes.run(
  File "C:\Users\frc40\Documents\Robot Code\Reefscape2025\.venv\Lib\site-packages\robotpy_ext\autonomous\selector.py", line 267, in run
    self._on_autonomous_enable()
  File "C:\Users\frc40\Documents\Robot Code\Reefscape2025\.venv\Lib\site-packages\robotpy_ext\autonomous\selector.py", line 374, in _on_autonomous_enable
    logger.info("Enabling '%s'", self.active_mode.MODE_NAME)
Message: "Enabling '%s'"
Arguments: ('Move Off Line',)
--- Logging error ---
Traceback (most recent call last):
  File "C:\Users\frc40\AppData\Roaming\uv\python\cpython-3.12.8-windows-x86_64-none\Lib\logging\__init__.py", line 1163, in emit
    stream.write(msg + self.terminator)
OSError: [WinError 6] The handle is invalid
Call stack:
  File "C:\Users\frc40\AppData\Roaming\uv\python\cpython-3.12.8-windows-x86_64-none\Lib\threading.py", line 1032, in _bootstrap
    self._bootstrap_inner()
  File "C:\Users\frc40\AppData\Roaming\uv\python\cpython-3.12.8-windows-x86_64-none\Lib\threading.py", line 1075, in _bootstrap_inner
    self.run()
  File "C:\Users\frc40\AppData\Roaming\uv\python\cpython-3.12.8-windows-x86_64-none\Lib\threading.py", line 1012, in run
    self._target(*self._args, **self._kwargs)
  File "C:\Users\frc40\Documents\Robot Code\Reefscape2025\.venv\Lib\site-packages\pyfrc\test_support\controller.py", line 42, in _robot_thread
    robot.startCompetition()
  File "C:\Users\frc40\Documents\Robot Code\Reefscape2025\.venv\Lib\site-packages\magicbot\magicrobot.py", line 376, in startCompetition
    self.autonomous()
  File "C:\Users\frc40\Documents\Robot Code\Reefscape2025\.venv\Lib\site-packages\magicbot\magicrobot.py", line 409, in autonomous
    self._automodes.run(
  File "C:\Users\frc40\Documents\Robot Code\Reefscape2025\.venv\Lib\site-packages\robotpy_ext\autonomous\selector.py", line 289, in run
    self._on_iteration(timer.get())
  File "C:\Users\frc40\Documents\Robot Code\Reefscape2025\.venv\Lib\site-packages\robotpy_ext\autonomous\selector.py", line 384, in _on_iteration
    self.active_mode.on_iteration(time_elapsed)
  File "C:\Users\frc40\Documents\Robot Code\Reefscape2025\.venv\Lib\site-packages\magicbot\state_machine.py", line 680, in on_iteration
    self.execute()
  File "C:\Users\frc40\Documents\Robot Code\Reefscape2025\.venv\Lib\site-packages\magicbot\state_machine.py", line 638, in execute
    self.logger.info("%.3fs: Entering state: %s", tm, state.name)
Message: '%.3fs: Entering state: %s'
Arguments: (0.0, 'drive')
--- Logging error ---
Traceback (most recent call last):
  File "C:\Users\frc40\AppData\Roaming\uv\python\cpython-3.12.8-windows-x86_64-none\Lib\logging\__init__.py", line 1163, in emit
    stream.write(msg + self.terminator)
OSError: [WinError 6] The handle is invalid
Call stack:
  File "C:\Users\frc40\AppData\Roaming\uv\python\cpython-3.12.8-windows-x86_64-none\Lib\threading.py", line 1032, in _bootstrap
    self._bootstrap_inner()
  File "C:\Users\frc40\AppData\Roaming\uv\python\cpython-3.12.8-windows-x86_64-none\Lib\threading.py", line 1075, in _bootstrap_inner
    self.run()
  File "C:\Users\frc40\AppData\Roaming\uv\python\cpython-3.12.8-windows-x86_64-none\Lib\threading.py", line 1012, in run
    self._target(*self._args, **self._kwargs)
  File "C:\Users\frc40\Documents\Robot Code\Reefscape2025\.venv\Lib\site-packages\pyfrc\test_support\controller.py", line 42, in _robot_thread
    robot.startCompetition()
  File "C:\Users\frc40\Documents\Robot Code\Reefscape2025\.venv\Lib\site-packages\magicbot\magicrobot.py", line 376, in startCompetition
    self.autonomous()
  File "C:\Users\frc40\Documents\Robot Code\Reefscape2025\.venv\Lib\site-packages\magicbot\magicrobot.py", line 409, in autonomous
    self._automodes.run(
  File "C:\Users\frc40\Documents\Robot Code\Reefscape2025\.venv\Lib\site-packages\robotpy_ext\autonomous\selector.py", line 289, in run
    self._on_iteration(timer.get())
  File "C:\Users\frc40\Documents\Robot Code\Reefscape2025\.venv\Lib\site-packages\robotpy_ext\autonomous\selector.py", line 384, in _on_iteration
    self.active_mode.on_iteration(time_elapsed)
  File "C:\Users\frc40\Documents\Robot Code\Reefscape2025\.venv\Lib\site-packages\magicbot\state_machine.py", line 680, in on_iteration
    self.execute()
  File "C:\Users\frc40\Documents\Robot Code\Reefscape2025\.venv\Lib\site-packages\magicbot\state_machine.py", line 603, in execute
    self.done()
  File "C:\Users\frc40\Documents\Robot Code\Reefscape2025\.venv\Lib\site-packages\magicbot\state_machine.py", line 684, in done
    super().done()
  File "C:\Users\frc40\Documents\Robot Code\Reefscape2025\.venv\Lib\site-packages\magicbot\state_machine.py", line 560, in done
    self.logger.info("Stopped state machine execution")
Message: 'Stopped state machine execution'
Arguments: ()
--- Logging error ---
Traceback (most recent call last):
  File "C:\Users\frc40\AppData\Roaming\uv\python\cpython-3.12.8-windows-x86_64-none\Lib\logging\__init__.py", line 1163, in emit
    stream.write(msg + self.terminator)
OSError: [WinError 6] The handle is invalid
Call stack:
  File "C:\Users\frc40\AppData\Roaming\uv\python\cpython-3.12.8-windows-x86_64-none\Lib\threading.py", line 1032, in _bootstrap
    self._bootstrap_inner()
  File "C:\Users\frc40\AppData\Roaming\uv\python\cpython-3.12.8-windows-x86_64-none\Lib\threading.py", line 1075, in _bootstrap_inner
    self.run()
  File "C:\Users\frc40\AppData\Roaming\uv\python\cpython-3.12.8-windows-x86_64-none\Lib\threading.py", line 1012, in run
    self._target(*self._args, **self._kwargs)
  File "C:\Users\frc40\Documents\Robot Code\Reefscape2025\.venv\Lib\site-packages\pyfrc\test_support\controller.py", line 42, in _robot_thread
    robot.startCompetition()
  File "C:\Users\frc40\Documents\Robot Code\Reefscape2025\.venv\Lib\site-packages\magicbot\magicrobot.py", line 376, in startCompetition
    self.autonomous()
  File "C:\Users\frc40\Documents\Robot Code\Reefscape2025\.venv\Lib\site-packages\magicbot\magicrobot.py", line 409, in autonomous
    self._automodes.run(
  File "C:\Users\frc40\Documents\Robot Code\Reefscape2025\.venv\Lib\site-packages\robotpy_ext\autonomous\selector.py", line 312, in run
    self.disable()
  File "C:\Users\frc40\Documents\Robot Code\Reefscape2025\.venv\Lib\site-packages\robotpy_ext\autonomous\selector.py", line 349, in disable
    logger.info("Disabling '%s'", self.active_mode.MODE_NAME)
Message: "Disabling '%s'"
Arguments: ('Move Off Line',)
--- Logging error ---
Traceback (most recent call last):
  File "C:\Users\frc40\AppData\Roaming\uv\python\cpython-3.12.8-windows-x86_64-none\Lib\logging\__init__.py", line 1163, in emit
    stream.write(msg + self.terminator)
OSError: [WinError 6] The handle is invalid
Call stack:
  File "C:\Users\frc40\AppData\Roaming\uv\python\cpython-3.12.8-windows-x86_64-none\Lib\threading.py", line 1032, in _bootstrap
    self._bootstrap_inner()
  File "C:\Users\frc40\AppData\Roaming\uv\python\cpython-3.12.8-windows-x86_64-none\Lib\threading.py", line 1075, in _bootstrap_inner
    self.run()
  File "C:\Users\frc40\AppData\Roaming\uv\python\cpython-3.12.8-windows-x86_64-none\Lib\threading.py", line 1012, in run
    self._target(*self._args, **self._kwargs)
  File "C:\Users\frc40\Documents\Robot Code\Reefscape2025\.venv\Lib\site-packages\pyfrc\test_support\controller.py", line 42, in _robot_thread
    robot.startCompetition()
  File "C:\Users\frc40\Documents\Robot Code\Reefscape2025\.venv\Lib\site-packages\magicbot\magicrobot.py", line 376, in startCompetition
    self.autonomous()
  File "C:\Users\frc40\Documents\Robot Code\Reefscape2025\.venv\Lib\site-packages\magicbot\magicrobot.py", line 409, in autonomous
    self._automodes.run(
  File "C:\Users\frc40\Documents\Robot Code\Reefscape2025\.venv\Lib\site-packages\robotpy_ext\autonomous\selector.py", line 316, in run
    logger.info("Autonomous mode ended")
Message: 'Autonomous mode ended'
Arguments: ()
--- Logging error ---
Traceback (most recent call last):
  File "C:\Users\frc40\AppData\Roaming\uv\python\cpython-3.12.8-windows-x86_64-none\Lib\logging\__init__.py", line 1163, in emit
    stream.write(msg + self.terminator)
OSError: [WinError 6] The handle is invalid
Call stack:
  File "<frozen runpy>", line 198, in _run_module_as_main
  File "<frozen runpy>", line 88, in _run_code
  File "C:\Users\frc40\Documents\Robot Code\Reefscape2025\.venv\Scripts\robotpy.exe\__main__.py", line 10, in <module>
    sys.exit(main())
  File "C:\Users\frc40\Documents\Robot Code\Reefscape2025\.venv\Lib\site-packages\robotpy\main.py", line 314, in main
    retval = subcommand.run(**kwargs)
  File "C:\Users\frc40\Documents\Robot Code\Reefscape2025\.venv\Lib\site-packages\pyfrc\mains\cli_test.py", line 62, in run
    return self._run_test(
  File "C:\Users\frc40\Documents\Robot Code\Reefscape2025\.venv\Lib\site-packages\pyfrc\mains\cli_test.py", line 115, in _run_test
    retv = pytest.main(
  File "C:\Users\frc40\Documents\Robot Code\Reefscape2025\.venv\Lib\site-packages\_pytest\config\__init__.py", line 175, in main
    ret: ExitCode | int = config.hook.pytest_cmdline_main(config=config)
  File "C:\Users\frc40\Documents\Robot Code\Reefscape2025\.venv\Lib\site-packages\pluggy\_hooks.py", line 513, in __call__
    return self._hookexec(self.name, self._hookimpls.copy(), kwargs, firstresult)
  File "C:\Users\frc40\Documents\Robot Code\Reefscape2025\.venv\Lib\site-packages\pluggy\_manager.py", line 120, in _hookexec
    return self._inner_hookexec(hook_name, methods, kwargs, firstresult)
  File "C:\Users\frc40\Documents\Robot Code\Reefscape2025\.venv\Lib\site-packages\pluggy\_callers.py", line 103, in _multicall
    res = hook_impl.function(*args)
  File "C:\Users\frc40\Documents\Robot Code\Reefscape2025\.venv\Lib\site-packages\_pytest\main.py", line 330, in pytest_cmdline_main
    return wrap_session(config, _main)
  File "C:\Users\frc40\Documents\Robot Code\Reefscape2025\.venv\Lib\site-packages\_pytest\main.py", line 283, in wrap_session
    session.exitstatus = doit(config, session) or 0
  File "C:\Users\frc40\Documents\Robot Code\Reefscape2025\.venv\Lib\site-packages\_pytest\main.py", line 337, in _main
    config.hook.pytest_runtestloop(session=session)
  File "C:\Users\frc40\Documents\Robot Code\Reefscape2025\.venv\Lib\site-packages\pluggy\_hooks.py", line 513, in __call__
    return self._hookexec(self.name, self._hookimpls.copy(), kwargs, firstresult)
  File "C:\Users\frc40\Documents\Robot Code\Reefscape2025\.venv\Lib\site-packages\pluggy\_manager.py", line 120, in _hookexec
    return self._inner_hookexec(hook_name, methods, kwargs, firstresult)
  File "C:\Users\frc40\Documents\Robot Code\Reefscape2025\.venv\Lib\site-packages\pluggy\_callers.py", line 103, in _multicall
    res = hook_impl.function(*args)
  File "C:\Users\frc40\Documents\Robot Code\Reefscape2025\.venv\Lib\site-packages\_pytest\main.py", line 362, in pytest_runtestloop
    item.config.hook.pytest_runtest_protocol(item=item, nextitem=nextitem)
  File "C:\Users\frc40\Documents\Robot Code\Reefscape2025\.venv\Lib\site-packages\pluggy\_hooks.py", line 513, in __call__
    return self._hookexec(self.name, self._hookimpls.copy(), kwargs, firstresult)
  File "C:\Users\frc40\Documents\Robot Code\Reefscape2025\.venv\Lib\site-packages\pluggy\_manager.py", line 120, in _hookexec
    return self._inner_hookexec(hook_name, methods, kwargs, firstresult)
  File "C:\Users\frc40\Documents\Robot Code\Reefscape2025\.venv\Lib\site-packages\pluggy\_callers.py", line 103, in _multicall
    res = hook_impl.function(*args)
  File "C:\Users\frc40\Documents\Robot Code\Reefscape2025\.venv\Lib\site-packages\_pytest\runner.py", line 113, in pytest_runtest_protocol
    runtestprotocol(item, nextitem=nextitem)
  File "C:\Users\frc40\Documents\Robot Code\Reefscape2025\.venv\Lib\site-packages\_pytest\runner.py", line 132, in runtestprotocol
    reports.append(call_and_report(item, "call", log))
  File "C:\Users\frc40\Documents\Robot Code\Reefscape2025\.venv\Lib\site-packages\_pytest\runner.py", line 241, in call_and_report
    call = CallInfo.from_call(
  File "C:\Users\frc40\Documents\Robot Code\Reefscape2025\.venv\Lib\site-packages\_pytest\runner.py", line 341, in from_call
    result: TResult | None = func()
  File "C:\Users\frc40\Documents\Robot Code\Reefscape2025\.venv\Lib\site-packages\_pytest\runner.py", line 242, in <lambda>
    lambda: runtest_hook(item=item, **kwds), when=when, reraise=reraise
  File "C:\Users\frc40\Documents\Robot Code\Reefscape2025\.venv\Lib\site-packages\pluggy\_hooks.py", line 513, in __call__
    return self._hookexec(self.name, self._hookimpls.copy(), kwargs, firstresult)
  File "C:\Users\frc40\Documents\Robot Code\Reefscape2025\.venv\Lib\site-packages\pluggy\_manager.py", line 120, in _hookexec
    return self._inner_hookexec(hook_name, methods, kwargs, firstresult)
  File "C:\Users\frc40\Documents\Robot Code\Reefscape2025\.venv\Lib\site-packages\pluggy\_callers.py", line 103, in _multicall
    res = hook_impl.function(*args)
  File "C:\Users\frc40\Documents\Robot Code\Reefscape2025\.venv\Lib\site-packages\_pytest\runner.py", line 174, in pytest_runtest_call
    item.runtest()
  File "C:\Users\frc40\Documents\Robot Code\Reefscape2025\.venv\Lib\site-packages\_pytest\python.py", line 1627, in runtest
    self.ihook.pytest_pyfunc_call(pyfuncitem=self)
  File "C:\Users\frc40\Documents\Robot Code\Reefscape2025\.venv\Lib\site-packages\pluggy\_hooks.py", line 513, in __call__
    return self._hookexec(self.name, self._hookimpls.copy(), kwargs, firstresult)
  File "C:\Users\frc40\Documents\Robot Code\Reefscape2025\.venv\Lib\site-packages\pluggy\_manager.py", line 120, in _hookexec
    return self._inner_hookexec(hook_name, methods, kwargs, firstresult)
  File "C:\Users\frc40\Documents\Robot Code\Reefscape2025\.venv\Lib\site-packages\pluggy\_callers.py", line 103, in _multicall
    res = hook_impl.function(*args)
  File "C:\Users\frc40\Documents\Robot Code\Reefscape2025\.venv\Lib\site-packages\_pytest\python.py", line 159, in pytest_pyfunc_call
    result = testfunction(**testargs)
  File "C:\Users\frc40\Documents\Robot Code\Reefscape2025\tests\autonomous_test.py", line 15, in test_all_autonomous
    _test_all_autonomous(control)
  File "C:\Users\frc40\Documents\Robot Code\Reefscape2025\.venv\Lib\site-packages\robotpy_ext\autonomous\selector_tests.py", line 34, in test_all_autonomous
    logger.info(f"{'='*10} Testing '{choice}' {'='*10}")
Message: "========== Testing 'None' =========="
Arguments: ()
--- Logging error ---
Traceback (most recent call last):
  File "C:\Users\frc40\AppData\Roaming\uv\python\cpython-3.12.8-windows-x86_64-none\Lib\logging\__init__.py", line 1163, in emit
    stream.write(msg + self.terminator)
OSError: [WinError 6] The handle is invalid
Call stack:
  File "C:\Users\frc40\AppData\Roaming\uv\python\cpython-3.12.8-windows-x86_64-none\Lib\threading.py", line 1032, in _bootstrap
    self._bootstrap_inner()
  File "C:\Users\frc40\AppData\Roaming\uv\python\cpython-3.12.8-windows-x86_64-none\Lib\threading.py", line 1075, in _bootstrap_inner
    self.run()
  File "C:\Users\frc40\AppData\Roaming\uv\python\cpython-3.12.8-windows-x86_64-none\Lib\threading.py", line 1012, in run
    self._target(*self._args, **self._kwargs)
  File "C:\Users\frc40\Documents\Robot Code\Reefscape2025\.venv\Lib\site-packages\pyfrc\test_support\controller.py", line 42, in _robot_thread
    robot.startCompetition()
  File "C:\Users\frc40\Documents\Robot Code\Reefscape2025\.venv\Lib\site-packages\magicbot\magicrobot.py", line 376, in startCompetition
    self.autonomous()
  File "C:\Users\frc40\Documents\Robot Code\Reefscape2025\.venv\Lib\site-packages\magicbot\magicrobot.py", line 409, in autonomous
    self._automodes.run(
  File "C:\Users\frc40\Documents\Robot Code\Reefscape2025\.venv\Lib\site-packages\robotpy_ext\autonomous\selector.py", line 252, in run
    logger.info("Begin autonomous")
Message: 'Begin autonomous'
Arguments: ()
--- Logging error ---
Traceback (most recent call last):
  File "C:\Users\frc40\AppData\Roaming\uv\python\cpython-3.12.8-windows-x86_64-none\Lib\logging\__init__.py", line 1163, in emit
    stream.write(msg + self.terminator)
OSError: [WinError 6] The handle is invalid
Call stack:
  File "C:\Users\frc40\AppData\Roaming\uv\python\cpython-3.12.8-windows-x86_64-none\Lib\threading.py", line 1032, in _bootstrap
    self._bootstrap_inner()
  File "C:\Users\frc40\AppData\Roaming\uv\python\cpython-3.12.8-windows-x86_64-none\Lib\threading.py", line 1075, in _bootstrap_inner
    self.run()
  File "C:\Users\frc40\AppData\Roaming\uv\python\cpython-3.12.8-windows-x86_64-none\Lib\threading.py", line 1012, in run
    self._target(*self._args, **self._kwargs)
  File "C:\Users\frc40\Documents\Robot Code\Reefscape2025\.venv\Lib\site-packages\pyfrc\test_support\controller.py", line 42, in _robot_thread
    robot.startCompetition()
  File "C:\Users\frc40\Documents\Robot Code\Reefscape2025\.venv\Lib\site-packages\magicbot\magicrobot.py", line 376, in startCompetition
    self.autonomous()
  File "C:\Users\frc40\Documents\Robot Code\Reefscape2025\.venv\Lib\site-packages\magicbot\magicrobot.py", line 409, in autonomous
    self._automodes.run(
  File "C:\Users\frc40\Documents\Robot Code\Reefscape2025\.venv\Lib\site-packages\robotpy_ext\autonomous\selector.py", line 267, in run
    self._on_autonomous_enable()
  File "C:\Users\frc40\Documents\Robot Code\Reefscape2025\.venv\Lib\site-packages\robotpy_ext\autonomous\selector.py", line 377, in _on_autonomous_enable
    logger.warning(
Message: 'No autonomous modes were selected, not enabling autonomous mode'
Arguments: ()
--- Logging error ---
Traceback (most recent call last):
  File "C:\Users\frc40\AppData\Roaming\uv\python\cpython-3.12.8-windows-x86_64-none\Lib\logging\__init__.py", line 1163, in emit
    stream.write(msg + self.terminator)
OSError: [WinError 6] The handle is invalid
Call stack:
  File "C:\Users\frc40\AppData\Roaming\uv\python\cpython-3.12.8-windows-x86_64-none\Lib\threading.py", line 1032, in _bootstrap
    self._bootstrap_inner()
  File "C:\Users\frc40\AppData\Roaming\uv\python\cpython-3.12.8-windows-x86_64-none\Lib\threading.py", line 1075, in _bootstrap_inner
    self.run()
  File "C:\Users\frc40\AppData\Roaming\uv\python\cpython-3.12.8-windows-x86_64-none\Lib\threading.py", line 1012, in run
    self._target(*self._args, **self._kwargs)
  File "C:\Users\frc40\Documents\Robot Code\Reefscape2025\.venv\Lib\site-packages\pyfrc\test_support\controller.py", line 42, in _robot_thread
    robot.startCompetition()
  File "C:\Users\frc40\Documents\Robot Code\Reefscape2025\.venv\Lib\site-packages\magicbot\magicrobot.py", line 376, in startCompetition
    self.autonomous()
  File "C:\Users\frc40\Documents\Robot Code\Reefscape2025\.venv\Lib\site-packages\magicbot\magicrobot.py", line 409, in autonomous
    self._automodes.run(
  File "C:\Users\frc40\Documents\Robot Code\Reefscape2025\.venv\Lib\site-packages\robotpy_ext\autonomous\selector.py", line 316, in run
    logger.info("Autonomous mode ended")
Message: 'Autonomous mode ended'
Arguments: ()
--- Logging error ---
Traceback (most recent call last):
  File "C:\Users\frc40\AppData\Roaming\uv\python\cpython-3.12.8-windows-x86_64-none\Lib\logging\__init__.py", line 1163, in emit
    stream.write(msg + self.terminator)
OSError: [WinError 6] The handle is invalid
Call stack:
  File "<frozen runpy>", line 198, in _run_module_as_main
  File "<frozen runpy>", line 88, in _run_code
  File "C:\Users\frc40\Documents\Robot Code\Reefscape2025\.venv\Scripts\robotpy.exe\__main__.py", line 10, in <module>
    sys.exit(main())
  File "C:\Users\frc40\Documents\Robot Code\Reefscape2025\.venv\Lib\site-packages\robotpy\main.py", line 314, in main
    retval = subcommand.run(**kwargs)
  File "C:\Users\frc40\Documents\Robot Code\Reefscape2025\.venv\Lib\site-packages\pyfrc\mains\cli_test.py", line 62, in run
    return self._run_test(
  File "C:\Users\frc40\Documents\Robot Code\Reefscape2025\.venv\Lib\site-packages\pyfrc\mains\cli_test.py", line 115, in _run_test
    retv = pytest.main(
  File "C:\Users\frc40\Documents\Robot Code\Reefscape2025\.venv\Lib\site-packages\_pytest\config\__init__.py", line 175, in main
    ret: ExitCode | int = config.hook.pytest_cmdline_main(config=config)
  File "C:\Users\frc40\Documents\Robot Code\Reefscape2025\.venv\Lib\site-packages\pluggy\_hooks.py", line 513, in __call__
    return self._hookexec(self.name, self._hookimpls.copy(), kwargs, firstresult)
  File "C:\Users\frc40\Documents\Robot Code\Reefscape2025\.venv\Lib\site-packages\pluggy\_manager.py", line 120, in _hookexec
    return self._inner_hookexec(hook_name, methods, kwargs, firstresult)
  File "C:\Users\frc40\Documents\Robot Code\Reefscape2025\.venv\Lib\site-packages\pluggy\_callers.py", line 103, in _multicall
    res = hook_impl.function(*args)
  File "C:\Users\frc40\Documents\Robot Code\Reefscape2025\.venv\Lib\site-packages\_pytest\main.py", line 330, in pytest_cmdline_main
    return wrap_session(config, _main)
  File "C:\Users\frc40\Documents\Robot Code\Reefscape2025\.venv\Lib\site-packages\_pytest\main.py", line 283, in wrap_session
    session.exitstatus = doit(config, session) or 0
  File "C:\Users\frc40\Documents\Robot Code\Reefscape2025\.venv\Lib\site-packages\_pytest\main.py", line 337, in _main
    config.hook.pytest_runtestloop(session=session)
  File "C:\Users\frc40\Documents\Robot Code\Reefscape2025\.venv\Lib\site-packages\pluggy\_hooks.py", line 513, in __call__
    return self._hookexec(self.name, self._hookimpls.copy(), kwargs, firstresult)
  File "C:\Users\frc40\Documents\Robot Code\Reefscape2025\.venv\Lib\site-packages\pluggy\_manager.py", line 120, in _hookexec
    return self._inner_hookexec(hook_name, methods, kwargs, firstresult)
  File "C:\Users\frc40\Documents\Robot Code\Reefscape2025\.venv\Lib\site-packages\pluggy\_callers.py", line 103, in _multicall
    res = hook_impl.function(*args)
  File "C:\Users\frc40\Documents\Robot Code\Reefscape2025\.venv\Lib\site-packages\_pytest\main.py", line 362, in pytest_runtestloop
    item.config.hook.pytest_runtest_protocol(item=item, nextitem=nextitem)
  File "C:\Users\frc40\Documents\Robot Code\Reefscape2025\.venv\Lib\site-packages\pluggy\_hooks.py", line 513, in __call__
    return self._hookexec(self.name, self._hookimpls.copy(), kwargs, firstresult)
  File "C:\Users\frc40\Documents\Robot Code\Reefscape2025\.venv\Lib\site-packages\pluggy\_manager.py", line 120, in _hookexec
    return self._inner_hookexec(hook_name, methods, kwargs, firstresult)
  File "C:\Users\frc40\Documents\Robot Code\Reefscape2025\.venv\Lib\site-packages\pluggy\_callers.py", line 103, in _multicall
    res = hook_impl.function(*args)
  File "C:\Users\frc40\Documents\Robot Code\Reefscape2025\.venv\Lib\site-packages\_pytest\runner.py", line 113, in pytest_runtest_protocol
    runtestprotocol(item, nextitem=nextitem)
  File "C:\Users\frc40\Documents\Robot Code\Reefscape2025\.venv\Lib\site-packages\_pytest\runner.py", line 132, in runtestprotocol
    reports.append(call_and_report(item, "call", log))
  File "C:\Users\frc40\Documents\Robot Code\Reefscape2025\.venv\Lib\site-packages\_pytest\runner.py", line 241, in call_and_report
    call = CallInfo.from_call(
  File "C:\Users\frc40\Documents\Robot Code\Reefscape2025\.venv\Lib\site-packages\_pytest\runner.py", line 341, in from_call
    result: TResult | None = func()
  File "C:\Users\frc40\Documents\Robot Code\Reefscape2025\.venv\Lib\site-packages\_pytest\runner.py", line 242, in <lambda>
    lambda: runtest_hook(item=item, **kwds), when=when, reraise=reraise
  File "C:\Users\frc40\Documents\Robot Code\Reefscape2025\.venv\Lib\site-packages\pluggy\_hooks.py", line 513, in __call__
    return self._hookexec(self.name, self._hookimpls.copy(), kwargs, firstresult)
  File "C:\Users\frc40\Documents\Robot Code\Reefscape2025\.venv\Lib\site-packages\pluggy\_manager.py", line 120, in _hookexec
    return self._inner_hookexec(hook_name, methods, kwargs, firstresult)
  File "C:\Users\frc40\Documents\Robot Code\Reefscape2025\.venv\Lib\site-packages\pluggy\_callers.py", line 103, in _multicall
    res = hook_impl.function(*args)
  File "C:\Users\frc40\Documents\Robot Code\Reefscape2025\.venv\Lib\site-packages\_pytest\runner.py", line 174, in pytest_runtest_call
    item.runtest()
  File "C:\Users\frc40\Documents\Robot Code\Reefscape2025\.venv\Lib\site-packages\_pytest\python.py", line 1627, in runtest
    self.ihook.pytest_pyfunc_call(pyfuncitem=self)
  File "C:\Users\frc40\Documents\Robot Code\Reefscape2025\.venv\Lib\site-packages\pluggy\_hooks.py", line 513, in __call__
    return self._hookexec(self.name, self._hookimpls.copy(), kwargs, firstresult)
  File "C:\Users\frc40\Documents\Robot Code\Reefscape2025\.venv\Lib\site-packages\pluggy\_manager.py", line 120, in _hookexec
    return self._inner_hookexec(hook_name, methods, kwargs, firstresult)
  File "C:\Users\frc40\Documents\Robot Code\Reefscape2025\.venv\Lib\site-packages\pluggy\_callers.py", line 103, in _multicall
    res = hook_impl.function(*args)
  File "C:\Users\frc40\Documents\Robot Code\Reefscape2025\.venv\Lib\site-packages\_pytest\python.py", line 159, in pytest_pyfunc_call
    result = testfunction(**testargs)
  File "C:\Users\frc40\Documents\Robot Code\Reefscape2025\tests\autonomous_test.py", line 15, in test_all_autonomous
    _test_all_autonomous(control)
  File "C:\Users\frc40\Documents\Robot Code\Reefscape2025\.venv\Lib\site-packages\robotpy_ext\autonomous\selector_tests.py", line 34, in test_all_autonomous
    logger.info(f"{'='*10} Testing '{choice}' {'='*10}")
Message: "========== Testing 'Place 2 Coral' =========="
Arguments: ()
--- Logging error ---
Traceback (most recent call last):
  File "C:\Users\frc40\AppData\Roaming\uv\python\cpython-3.12.8-windows-x86_64-none\Lib\logging\__init__.py", line 1163, in emit
    stream.write(msg + self.terminator)
OSError: [WinError 6] The handle is invalid
Call stack:
  File "C:\Users\frc40\AppData\Roaming\uv\python\cpython-3.12.8-windows-x86_64-none\Lib\threading.py", line 1032, in _bootstrap
    self._bootstrap_inner()
  File "C:\Users\frc40\AppData\Roaming\uv\python\cpython-3.12.8-windows-x86_64-none\Lib\threading.py", line 1075, in _bootstrap_inner
    self.run()
  File "C:\Users\frc40\AppData\Roaming\uv\python\cpython-3.12.8-windows-x86_64-none\Lib\threading.py", line 1012, in run
    self._target(*self._args, **self._kwargs)
  File "C:\Users\frc40\Documents\Robot Code\Reefscape2025\.venv\Lib\site-packages\pyfrc\test_support\controller.py", line 42, in _robot_thread
    robot.startCompetition()
  File "C:\Users\frc40\Documents\Robot Code\Reefscape2025\.venv\Lib\site-packages\magicbot\magicrobot.py", line 376, in startCompetition
    self.autonomous()
  File "C:\Users\frc40\Documents\Robot Code\Reefscape2025\.venv\Lib\site-packages\magicbot\magicrobot.py", line 409, in autonomous
    self._automodes.run(
  File "C:\Users\frc40\Documents\Robot Code\Reefscape2025\.venv\Lib\site-packages\robotpy_ext\autonomous\selector.py", line 252, in run
    logger.info("Begin autonomous")
Message: 'Begin autonomous'
Arguments: ()
--- Logging error ---
Traceback (most recent call last):
  File "C:\Users\frc40\AppData\Roaming\uv\python\cpython-3.12.8-windows-x86_64-none\Lib\logging\__init__.py", line 1163, in emit
    stream.write(msg + self.terminator)
OSError: [WinError 6] The handle is invalid
Call stack:
  File "C:\Users\frc40\AppData\Roaming\uv\python\cpython-3.12.8-windows-x86_64-none\Lib\threading.py", line 1032, in _bootstrap
    self._bootstrap_inner()
  File "C:\Users\frc40\AppData\Roaming\uv\python\cpython-3.12.8-windows-x86_64-none\Lib\threading.py", line 1075, in _bootstrap_inner
    self.run()
  File "C:\Users\frc40\AppData\Roaming\uv\python\cpython-3.12.8-windows-x86_64-none\Lib\threading.py", line 1012, in run
    self._target(*self._args, **self._kwargs)
  File "C:\Users\frc40\Documents\Robot Code\Reefscape2025\.venv\Lib\site-packages\pyfrc\test_support\controller.py", line 42, in _robot_thread
    robot.startCompetition()
  File "C:\Users\frc40\Documents\Robot Code\Reefscape2025\.venv\Lib\site-packages\magicbot\magicrobot.py", line 376, in startCompetition
    self.autonomous()
  File "C:\Users\frc40\Documents\Robot Code\Reefscape2025\.venv\Lib\site-packages\magicbot\magicrobot.py", line 409, in autonomous
    self._automodes.run(
  File "C:\Users\frc40\Documents\Robot Code\Reefscape2025\.venv\Lib\site-packages\robotpy_ext\autonomous\selector.py", line 267, in run
    self._on_autonomous_enable()
  File "C:\Users\frc40\Documents\Robot Code\Reefscape2025\.venv\Lib\site-packages\robotpy_ext\autonomous\selector.py", line 374, in _on_autonomous_enable
    logger.info("Enabling '%s'", self.active_mode.MODE_NAME)
Message: "Enabling '%s'"
Arguments: ('Place 2 Coral',)
--- Logging error ---
Traceback (most recent call last):
  File "C:\Users\frc40\AppData\Roaming\uv\python\cpython-3.12.8-windows-x86_64-none\Lib\logging\__init__.py", line 1163, in emit
    stream.write(msg + self.terminator)
OSError: [WinError 6] The handle is invalid
Call stack:
  File "C:\Users\frc40\AppData\Roaming\uv\python\cpython-3.12.8-windows-x86_64-none\Lib\threading.py", line 1032, in _bootstrap
    self._bootstrap_inner()
  File "C:\Users\frc40\AppData\Roaming\uv\python\cpython-3.12.8-windows-x86_64-none\Lib\threading.py", line 1075, in _bootstrap_inner
    self.run()
  File "C:\Users\frc40\AppData\Roaming\uv\python\cpython-3.12.8-windows-x86_64-none\Lib\threading.py", line 1012, in run
    self._target(*self._args, **self._kwargs)
  File "C:\Users\frc40\Documents\Robot Code\Reefscape2025\.venv\Lib\site-packages\pyfrc\test_support\controller.py", line 42, in _robot_thread
    robot.startCompetition()
  File "C:\Users\frc40\Documents\Robot Code\Reefscape2025\.venv\Lib\site-packages\magicbot\magicrobot.py", line 376, in startCompetition
    self.autonomous()
  File "C:\Users\frc40\Documents\Robot Code\Reefscape2025\.venv\Lib\site-packages\magicbot\magicrobot.py", line 409, in autonomous
    self._automodes.run(
  File "C:\Users\frc40\Documents\Robot Code\Reefscape2025\.venv\Lib\site-packages\robotpy_ext\autonomous\selector.py", line 289, in run
    self._on_iteration(timer.get())
  File "C:\Users\frc40\Documents\Robot Code\Reefscape2025\.venv\Lib\site-packages\robotpy_ext\autonomous\selector.py", line 384, in _on_iteration
    self.active_mode.on_iteration(time_elapsed)
  File "C:\Users\frc40\Documents\Robot Code\Reefscape2025\.venv\Lib\site-packages\magicbot\state_machine.py", line 680, in on_iteration
    self.execute()
  File "C:\Users\frc40\Documents\Robot Code\Reefscape2025\.venv\Lib\site-packages\magicbot\state_machine.py", line 638, in execute
    self.logger.info("%.3fs: Entering state: %s", tm, state.name)
Message: '%.3fs: Entering state: %s'
Arguments: (0.0, 'drive_to_reef11')
--- Logging error ---
Traceback (most recent call last):
  File "C:\Users\frc40\AppData\Roaming\uv\python\cpython-3.12.8-windows-x86_64-none\Lib\logging\__init__.py", line 1163, in emit
    stream.write(msg + self.terminator)
OSError: [WinError 6] The handle is invalid
Call stack:
  File "C:\Users\frc40\AppData\Roaming\uv\python\cpython-3.12.8-windows-x86_64-none\Lib\threading.py", line 1032, in _bootstrap
    self._bootstrap_inner()
  File "C:\Users\frc40\AppData\Roaming\uv\python\cpython-3.12.8-windows-x86_64-none\Lib\threading.py", line 1075, in _bootstrap_inner
    self.run()
  File "C:\Users\frc40\AppData\Roaming\uv\python\cpython-3.12.8-windows-x86_64-none\Lib\threading.py", line 1012, in run
    self._target(*self._args, **self._kwargs)
  File "C:\Users\frc40\Documents\Robot Code\Reefscape2025\.venv\Lib\site-packages\pyfrc\test_support\controller.py", line 42, in _robot_thread
    robot.startCompetition()
  File "C:\Users\frc40\Documents\Robot Code\Reefscape2025\.venv\Lib\site-packages\magicbot\magicrobot.py", line 376, in startCompetition
    self.autonomous()
  File "C:\Users\frc40\Documents\Robot Code\Reefscape2025\.venv\Lib\site-packages\magicbot\magicrobot.py", line 409, in autonomous
    self._automodes.run(
  File "C:\Users\frc40\Documents\Robot Code\Reefscape2025\.venv\Lib\site-packages\robotpy_ext\autonomous\selector.py", line 289, in run
    self._on_iteration(timer.get())
  File "C:\Users\frc40\Documents\Robot Code\Reefscape2025\.venv\Lib\site-packages\robotpy_ext\autonomous\selector.py", line 384, in _on_iteration
    self.active_mode.on_iteration(time_elapsed)
  File "C:\Users\frc40\Documents\Robot Code\Reefscape2025\.venv\Lib\site-packages\magicbot\state_machine.py", line 680, in on_iteration
    self.execute()
  File "C:\Users\frc40\Documents\Robot Code\Reefscape2025\.venv\Lib\site-packages\magicbot\state_machine.py", line 638, in execute
    self.logger.info("%.3fs: Entering state: %s", tm, state.name)
Message: '%.3fs: Entering state: %s'
Arguments: (2.020000000000003, 'place_coral')
--- Logging error ---
Traceback (most recent call last):
  File "C:\Users\frc40\AppData\Roaming\uv\python\cpython-3.12.8-windows-x86_64-none\Lib\logging\__init__.py", line 1163, in emit
    stream.write(msg + self.terminator)
OSError: [WinError 6] The handle is invalid
Call stack:
  File "C:\Users\frc40\AppData\Roaming\uv\python\cpython-3.12.8-windows-x86_64-none\Lib\threading.py", line 1032, in _bootstrap
    self._bootstrap_inner()
  File "C:\Users\frc40\AppData\Roaming\uv\python\cpython-3.12.8-windows-x86_64-none\Lib\threading.py", line 1075, in _bootstrap_inner
    self.run()
  File "C:\Users\frc40\AppData\Roaming\uv\python\cpython-3.12.8-windows-x86_64-none\Lib\threading.py", line 1012, in run
    self._target(*self._args, **self._kwargs)
  File "C:\Users\frc40\Documents\Robot Code\Reefscape2025\.venv\Lib\site-packages\pyfrc\test_support\controller.py", line 42, in _robot_thread
    robot.startCompetition()
  File "C:\Users\frc40\Documents\Robot Code\Reefscape2025\.venv\Lib\site-packages\magicbot\magicrobot.py", line 376, in startCompetition
    self.autonomous()
  File "C:\Users\frc40\Documents\Robot Code\Reefscape2025\.venv\Lib\site-packages\magicbot\magicrobot.py", line 409, in autonomous
    self._automodes.run(
  File "C:\Users\frc40\Documents\Robot Code\Reefscape2025\.venv\Lib\site-packages\robotpy_ext\autonomous\selector.py", line 289, in run
    self._on_iteration(timer.get())
  File "C:\Users\frc40\Documents\Robot Code\Reefscape2025\.venv\Lib\site-packages\robotpy_ext\autonomous\selector.py", line 384, in _on_iteration
    self.active_mode.on_iteration(time_elapsed)
  File "C:\Users\frc40\Documents\Robot Code\Reefscape2025\.venv\Lib\site-packages\magicbot\state_machine.py", line 680, in on_iteration
    self.execute()
  File "C:\Users\frc40\Documents\Robot Code\Reefscape2025\.venv\Lib\site-packages\magicbot\state_machine.py", line 638, in execute
    self.logger.info("%.3fs: Entering state: %s", tm, state.name)
Message: '%.3fs: Entering state: %s'
Arguments: (5.020000000000003, 'drive_to_ps')
--- Logging error ---
Traceback (most recent call last):
  File "C:\Users\frc40\AppData\Roaming\uv\python\cpython-3.12.8-windows-x86_64-none\Lib\logging\__init__.py", line 1163, in emit
    stream.write(msg + self.terminator)
OSError: [WinError 6] The handle is invalid
Call stack:
  File "C:\Users\frc40\AppData\Roaming\uv\python\cpython-3.12.8-windows-x86_64-none\Lib\threading.py", line 1032, in _bootstrap
    self._bootstrap_inner()
  File "C:\Users\frc40\AppData\Roaming\uv\python\cpython-3.12.8-windows-x86_64-none\Lib\threading.py", line 1075, in _bootstrap_inner
    self.run()
  File "C:\Users\frc40\AppData\Roaming\uv\python\cpython-3.12.8-windows-x86_64-none\Lib\threading.py", line 1012, in run
    self._target(*self._args, **self._kwargs)
  File "C:\Users\frc40\Documents\Robot Code\Reefscape2025\.venv\Lib\site-packages\pyfrc\test_support\controller.py", line 42, in _robot_thread
    robot.startCompetition()
  File "C:\Users\frc40\Documents\Robot Code\Reefscape2025\.venv\Lib\site-packages\magicbot\magicrobot.py", line 376, in startCompetition
    self.autonomous()
  File "C:\Users\frc40\Documents\Robot Code\Reefscape2025\.venv\Lib\site-packages\magicbot\magicrobot.py", line 409, in autonomous
    self._automodes.run(
  File "C:\Users\frc40\Documents\Robot Code\Reefscape2025\.venv\Lib\site-packages\robotpy_ext\autonomous\selector.py", line 289, in run
    self._on_iteration(timer.get())
  File "C:\Users\frc40\Documents\Robot Code\Reefscape2025\.venv\Lib\site-packages\robotpy_ext\autonomous\selector.py", line 384, in _on_iteration
    self.active_mode.on_iteration(time_elapsed)
  File "C:\Users\frc40\Documents\Robot Code\Reefscape2025\.venv\Lib\site-packages\magicbot\state_machine.py", line 680, in on_iteration
    self.execute()
  File "C:\Users\frc40\Documents\Robot Code\Reefscape2025\.venv\Lib\site-packages\magicbot\state_machine.py", line 638, in execute
    self.logger.info("%.3fs: Entering state: %s", tm, state.name)
Message: '%.3fs: Entering state: %s'
Arguments: (9.020000000000003, 'wait_on_player_coral')
--- Logging error ---
Traceback (most recent call last):
  File "C:\Users\frc40\AppData\Roaming\uv\python\cpython-3.12.8-windows-x86_64-none\Lib\logging\__init__.py", line 1163, in emit
    stream.write(msg + self.terminator)
OSError: [WinError 6] The handle is invalid
Call stack:
  File "C:\Users\frc40\AppData\Roaming\uv\python\cpython-3.12.8-windows-x86_64-none\Lib\threading.py", line 1032, in _bootstrap
    self._bootstrap_inner()
  File "C:\Users\frc40\AppData\Roaming\uv\python\cpython-3.12.8-windows-x86_64-none\Lib\threading.py", line 1075, in _bootstrap_inner
    self.run()
  File "C:\Users\frc40\AppData\Roaming\uv\python\cpython-3.12.8-windows-x86_64-none\Lib\threading.py", line 1012, in run
    self._target(*self._args, **self._kwargs)
  File "C:\Users\frc40\Documents\Robot Code\Reefscape2025\.venv\Lib\site-packages\pyfrc\test_support\controller.py", line 42, in _robot_thread
    robot.startCompetition()
  File "C:\Users\frc40\Documents\Robot Code\Reefscape2025\.venv\Lib\site-packages\magicbot\magicrobot.py", line 376, in startCompetition
    self.autonomous()
  File "C:\Users\frc40\Documents\Robot Code\Reefscape2025\.venv\Lib\site-packages\magicbot\magicrobot.py", line 409, in autonomous
    self._automodes.run(
  File "C:\Users\frc40\Documents\Robot Code\Reefscape2025\.venv\Lib\site-packages\robotpy_ext\autonomous\selector.py", line 289, in run
    self._on_iteration(timer.get())
  File "C:\Users\frc40\Documents\Robot Code\Reefscape2025\.venv\Lib\site-packages\robotpy_ext\autonomous\selector.py", line 384, in _on_iteration
    self.active_mode.on_iteration(time_elapsed)
  File "C:\Users\frc40\Documents\Robot Code\Reefscape2025\.venv\Lib\site-packages\magicbot\state_machine.py", line 680, in on_iteration
    self.execute()
  File "C:\Users\frc40\Documents\Robot Code\Reefscape2025\.venv\Lib\site-packages\magicbot\state_machine.py", line 638, in execute
    self.logger.info("%.3fs: Entering state: %s", tm, state.name)
Message: '%.3fs: Entering state: %s'
Arguments: (11.020000000000003, 'drive_to_reef')
--- Logging error ---
Traceback (most recent call last):
  File "C:\Users\frc40\AppData\Roaming\uv\python\cpython-3.12.8-windows-x86_64-none\Lib\logging\__init__.py", line 1163, in emit
    stream.write(msg + self.terminator)
OSError: [WinError 6] The handle is invalid
Call stack:
  File "C:\Users\frc40\AppData\Roaming\uv\python\cpython-3.12.8-windows-x86_64-none\Lib\threading.py", line 1032, in _bootstrap
    self._bootstrap_inner()
  File "C:\Users\frc40\AppData\Roaming\uv\python\cpython-3.12.8-windows-x86_64-none\Lib\threading.py", line 1075, in _bootstrap_inner
    self.run()
  File "C:\Users\frc40\AppData\Roaming\uv\python\cpython-3.12.8-windows-x86_64-none\Lib\threading.py", line 1012, in run
    self._target(*self._args, **self._kwargs)
  File "C:\Users\frc40\Documents\Robot Code\Reefscape2025\.venv\Lib\site-packages\pyfrc\test_support\controller.py", line 42, in _robot_thread
    robot.startCompetition()
  File "C:\Users\frc40\Documents\Robot Code\Reefscape2025\.venv\Lib\site-packages\magicbot\magicrobot.py", line 376, in startCompetition
    self.autonomous()
  File "C:\Users\frc40\Documents\Robot Code\Reefscape2025\.venv\Lib\site-packages\magicbot\magicrobot.py", line 409, in autonomous
    self._automodes.run(
  File "C:\Users\frc40\Documents\Robot Code\Reefscape2025\.venv\Lib\site-packages\robotpy_ext\autonomous\selector.py", line 312, in run
    self.disable()
  File "C:\Users\frc40\Documents\Robot Code\Reefscape2025\.venv\Lib\site-packages\robotpy_ext\autonomous\selector.py", line 349, in disable
    logger.info("Disabling '%s'", self.active_mode.MODE_NAME)
Message: "Disabling '%s'"
Arguments: ('Place 2 Coral',)
--- Logging error ---
Traceback (most recent call last):
  File "C:\Users\frc40\AppData\Roaming\uv\python\cpython-3.12.8-windows-x86_64-none\Lib\logging\__init__.py", line 1163, in emit
    stream.write(msg + self.terminator)
OSError: [WinError 6] The handle is invalid
Call stack:
  File "C:\Users\frc40\AppData\Roaming\uv\python\cpython-3.12.8-windows-x86_64-none\Lib\threading.py", line 1032, in _bootstrap
    self._bootstrap_inner()
  File "C:\Users\frc40\AppData\Roaming\uv\python\cpython-3.12.8-windows-x86_64-none\Lib\threading.py", line 1075, in _bootstrap_inner
    self.run()
  File "C:\Users\frc40\AppData\Roaming\uv\python\cpython-3.12.8-windows-x86_64-none\Lib\threading.py", line 1012, in run
    self._target(*self._args, **self._kwargs)
  File "C:\Users\frc40\Documents\Robot Code\Reefscape2025\.venv\Lib\site-packages\pyfrc\test_support\controller.py", line 42, in _robot_thread
    robot.startCompetition()
  File "C:\Users\frc40\Documents\Robot Code\Reefscape2025\.venv\Lib\site-packages\magicbot\magicrobot.py", line 376, in startCompetition
    self.autonomous()
  File "C:\Users\frc40\Documents\Robot Code\Reefscape2025\.venv\Lib\site-packages\magicbot\magicrobot.py", line 409, in autonomous
    self._automodes.run(
  File "C:\Users\frc40\Documents\Robot Code\Reefscape2025\.venv\Lib\site-packages\robotpy_ext\autonomous\selector.py", line 312, in run
    self.disable()
  File "C:\Users\frc40\Documents\Robot Code\Reefscape2025\.venv\Lib\site-packages\robotpy_ext\autonomous\selector.py", line 350, in disable
    self.active_mode.on_disable()
  File "C:\Users\frc40\Documents\Robot Code\Reefscape2025\.venv\Lib\site-packages\magicbot\state_machine.py", line 496, in on_disable
    self.done()
  File "C:\Users\frc40\Documents\Robot Code\Reefscape2025\.venv\Lib\site-packages\magicbot\state_machine.py", line 684, in done
    super().done()
  File "C:\Users\frc40\Documents\Robot Code\Reefscape2025\.venv\Lib\site-packages\magicbot\state_machine.py", line 560, in done
    self.logger.info("Stopped state machine execution")
Message: 'Stopped state machine execution'
Arguments: ()
--- Logging error ---
Traceback (most recent call last):
  File "C:\Users\frc40\AppData\Roaming\uv\python\cpython-3.12.8-windows-x86_64-none\Lib\logging\__init__.py", line 1163, in emit
    stream.write(msg + self.terminator)
OSError: [WinError 6] The handle is invalid
Call stack:
  File "C:\Users\frc40\AppData\Roaming\uv\python\cpython-3.12.8-windows-x86_64-none\Lib\threading.py", line 1032, in _bootstrap
    self._bootstrap_inner()
  File "C:\Users\frc40\AppData\Roaming\uv\python\cpython-3.12.8-windows-x86_64-none\Lib\threading.py", line 1075, in _bootstrap_inner
    self.run()
  File "C:\Users\frc40\AppData\Roaming\uv\python\cpython-3.12.8-windows-x86_64-none\Lib\threading.py", line 1012, in run
    self._target(*self._args, **self._kwargs)
  File "C:\Users\frc40\Documents\Robot Code\Reefscape2025\.venv\Lib\site-packages\pyfrc\test_support\controller.py", line 42, in _robot_thread
    robot.startCompetition()
  File "C:\Users\frc40\Documents\Robot Code\Reefscape2025\.venv\Lib\site-packages\magicbot\magicrobot.py", line 376, in startCompetition
    self.autonomous()
  File "C:\Users\frc40\Documents\Robot Code\Reefscape2025\.venv\Lib\site-packages\magicbot\magicrobot.py", line 409, in autonomous
    self._automodes.run(
  File "C:\Users\frc40\Documents\Robot Code\Reefscape2025\.venv\Lib\site-packages\robotpy_ext\autonomous\selector.py", line 316, in run
    logger.info("Autonomous mode ended")
Message: 'Autonomous mode ended'
Arguments: ()
--- Logging error ---
Traceback (most recent call last):
  File "C:\Users\frc40\AppData\Roaming\uv\python\cpython-3.12.8-windows-x86_64-none\Lib\logging\__init__.py", line 1163, in emit
    stream.write(msg + self.terminator)
OSError: [WinError 6] The handle is invalid
Call stack:
  File "<frozen runpy>", line 198, in _run_module_as_main
  File "<frozen runpy>", line 88, in _run_code
  File "C:\Users\frc40\Documents\Robot Code\Reefscape2025\.venv\Scripts\robotpy.exe\__main__.py", line 10, in <module>
    sys.exit(main())
  File "C:\Users\frc40\Documents\Robot Code\Reefscape2025\.venv\Lib\site-packages\robotpy\main.py", line 314, in main
    retval = subcommand.run(**kwargs)
  File "C:\Users\frc40\Documents\Robot Code\Reefscape2025\.venv\Lib\site-packages\pyfrc\mains\cli_test.py", line 62, in run
    return self._run_test(
  File "C:\Users\frc40\Documents\Robot Code\Reefscape2025\.venv\Lib\site-packages\pyfrc\mains\cli_test.py", line 115, in _run_test
    retv = pytest.main(
  File "C:\Users\frc40\Documents\Robot Code\Reefscape2025\.venv\Lib\site-packages\_pytest\config\__init__.py", line 175, in main
    ret: ExitCode | int = config.hook.pytest_cmdline_main(config=config)
  File "C:\Users\frc40\Documents\Robot Code\Reefscape2025\.venv\Lib\site-packages\pluggy\_hooks.py", line 513, in __call__
    return self._hookexec(self.name, self._hookimpls.copy(), kwargs, firstresult)
  File "C:\Users\frc40\Documents\Robot Code\Reefscape2025\.venv\Lib\site-packages\pluggy\_manager.py", line 120, in _hookexec
    return self._inner_hookexec(hook_name, methods, kwargs, firstresult)
  File "C:\Users\frc40\Documents\Robot Code\Reefscape2025\.venv\Lib\site-packages\pluggy\_callers.py", line 103, in _multicall
    res = hook_impl.function(*args)
  File "C:\Users\frc40\Documents\Robot Code\Reefscape2025\.venv\Lib\site-packages\_pytest\main.py", line 330, in pytest_cmdline_main
    return wrap_session(config, _main)
  File "C:\Users\frc40\Documents\Robot Code\Reefscape2025\.venv\Lib\site-packages\_pytest\main.py", line 283, in wrap_session
    session.exitstatus = doit(config, session) or 0
  File "C:\Users\frc40\Documents\Robot Code\Reefscape2025\.venv\Lib\site-packages\_pytest\main.py", line 337, in _main
    config.hook.pytest_runtestloop(session=session)
  File "C:\Users\frc40\Documents\Robot Code\Reefscape2025\.venv\Lib\site-packages\pluggy\_hooks.py", line 513, in __call__
    return self._hookexec(self.name, self._hookimpls.copy(), kwargs, firstresult)
  File "C:\Users\frc40\Documents\Robot Code\Reefscape2025\.venv\Lib\site-packages\pluggy\_manager.py", line 120, in _hookexec
    return self._inner_hookexec(hook_name, methods, kwargs, firstresult)
  File "C:\Users\frc40\Documents\Robot Code\Reefscape2025\.venv\Lib\site-packages\pluggy\_callers.py", line 103, in _multicall
    res = hook_impl.function(*args)
  File "C:\Users\frc40\Documents\Robot Code\Reefscape2025\.venv\Lib\site-packages\_pytest\main.py", line 362, in pytest_runtestloop
    item.config.hook.pytest_runtest_protocol(item=item, nextitem=nextitem)
  File "C:\Users\frc40\Documents\Robot Code\Reefscape2025\.venv\Lib\site-packages\pluggy\_hooks.py", line 513, in __call__
    return self._hookexec(self.name, self._hookimpls.copy(), kwargs, firstresult)
  File "C:\Users\frc40\Documents\Robot Code\Reefscape2025\.venv\Lib\site-packages\pluggy\_manager.py", line 120, in _hookexec
    return self._inner_hookexec(hook_name, methods, kwargs, firstresult)
  File "C:\Users\frc40\Documents\Robot Code\Reefscape2025\.venv\Lib\site-packages\pluggy\_callers.py", line 103, in _multicall
    res = hook_impl.function(*args)
  File "C:\Users\frc40\Documents\Robot Code\Reefscape2025\.venv\Lib\site-packages\_pytest\runner.py", line 113, in pytest_runtest_protocol
    runtestprotocol(item, nextitem=nextitem)
  File "C:\Users\frc40\Documents\Robot Code\Reefscape2025\.venv\Lib\site-packages\_pytest\runner.py", line 132, in runtestprotocol
    reports.append(call_and_report(item, "call", log))
  File "C:\Users\frc40\Documents\Robot Code\Reefscape2025\.venv\Lib\site-packages\_pytest\runner.py", line 241, in call_and_report
    call = CallInfo.from_call(
  File "C:\Users\frc40\Documents\Robot Code\Reefscape2025\.venv\Lib\site-packages\_pytest\runner.py", line 341, in from_call
    result: TResult | None = func()
  File "C:\Users\frc40\Documents\Robot Code\Reefscape2025\.venv\Lib\site-packages\_pytest\runner.py", line 242, in <lambda>
    lambda: runtest_hook(item=item, **kwds), when=when, reraise=reraise
  File "C:\Users\frc40\Documents\Robot Code\Reefscape2025\.venv\Lib\site-packages\pluggy\_hooks.py", line 513, in __call__
    return self._hookexec(self.name, self._hookimpls.copy(), kwargs, firstresult)
  File "C:\Users\frc40\Documents\Robot Code\Reefscape2025\.venv\Lib\site-packages\pluggy\_manager.py", line 120, in _hookexec
    return self._inner_hookexec(hook_name, methods, kwargs, firstresult)
  File "C:\Users\frc40\Documents\Robot Code\Reefscape2025\.venv\Lib\site-packages\pluggy\_callers.py", line 103, in _multicall
    res = hook_impl.function(*args)
  File "C:\Users\frc40\Documents\Robot Code\Reefscape2025\.venv\Lib\site-packages\_pytest\runner.py", line 174, in pytest_runtest_call
    item.runtest()
  File "C:\Users\frc40\Documents\Robot Code\Reefscape2025\.venv\Lib\site-packages\_pytest\python.py", line 1627, in runtest
    self.ihook.pytest_pyfunc_call(pyfuncitem=self)
  File "C:\Users\frc40\Documents\Robot Code\Reefscape2025\.venv\Lib\site-packages\pluggy\_hooks.py", line 513, in __call__
    return self._hookexec(self.name, self._hookimpls.copy(), kwargs, firstresult)
  File "C:\Users\frc40\Documents\Robot Code\Reefscape2025\.venv\Lib\site-packages\pluggy\_manager.py", line 120, in _hookexec
    return self._inner_hookexec(hook_name, methods, kwargs, firstresult)
  File "C:\Users\frc40\Documents\Robot Code\Reefscape2025\.venv\Lib\site-packages\pluggy\_callers.py", line 103, in _multicall
    res = hook_impl.function(*args)
  File "C:\Users\frc40\Documents\Robot Code\Reefscape2025\.venv\Lib\site-packages\_pytest\python.py", line 159, in pytest_pyfunc_call
    result = testfunction(**testargs)
  File "C:\Users\frc40\Documents\Robot Code\Reefscape2025\tests\autonomous_test.py", line 15, in test_all_autonomous
    _test_all_autonomous(control)
  File "C:\Users\frc40\Documents\Robot Code\Reefscape2025\.venv\Lib\site-packages\robotpy_ext\autonomous\selector_tests.py", line 34, in test_all_autonomous
    logger.info(f"{'='*10} Testing '{choice}' {'='*10}")
Message: "========== Testing 'Place 5 Coral' =========="
Arguments: ()
--- Logging error ---
Traceback (most recent call last):
  File "C:\Users\frc40\AppData\Roaming\uv\python\cpython-3.12.8-windows-x86_64-none\Lib\logging\__init__.py", line 1163, in emit
    stream.write(msg + self.terminator)
OSError: [WinError 6] The handle is invalid
Call stack:
  File "C:\Users\frc40\AppData\Roaming\uv\python\cpython-3.12.8-windows-x86_64-none\Lib\threading.py", line 1032, in _bootstrap
    self._bootstrap_inner()
  File "C:\Users\frc40\AppData\Roaming\uv\python\cpython-3.12.8-windows-x86_64-none\Lib\threading.py", line 1075, in _bootstrap_inner
    self.run()
  File "C:\Users\frc40\AppData\Roaming\uv\python\cpython-3.12.8-windows-x86_64-none\Lib\threading.py", line 1012, in run
    self._target(*self._args, **self._kwargs)
  File "C:\Users\frc40\Documents\Robot Code\Reefscape2025\.venv\Lib\site-packages\pyfrc\test_support\controller.py", line 42, in _robot_thread
    robot.startCompetition()
  File "C:\Users\frc40\Documents\Robot Code\Reefscape2025\.venv\Lib\site-packages\magicbot\magicrobot.py", line 376, in startCompetition
    self.autonomous()
  File "C:\Users\frc40\Documents\Robot Code\Reefscape2025\.venv\Lib\site-packages\magicbot\magicrobot.py", line 409, in autonomous
    self._automodes.run(
  File "C:\Users\frc40\Documents\Robot Code\Reefscape2025\.venv\Lib\site-packages\robotpy_ext\autonomous\selector.py", line 252, in run
    logger.info("Begin autonomous")
Message: 'Begin autonomous'
Arguments: ()
--- Logging error ---
Traceback (most recent call last):
  File "C:\Users\frc40\AppData\Roaming\uv\python\cpython-3.12.8-windows-x86_64-none\Lib\logging\__init__.py", line 1163, in emit
    stream.write(msg + self.terminator)
OSError: [WinError 6] The handle is invalid
Call stack:
  File "C:\Users\frc40\AppData\Roaming\uv\python\cpython-3.12.8-windows-x86_64-none\Lib\threading.py", line 1032, in _bootstrap
    self._bootstrap_inner()
  File "C:\Users\frc40\AppData\Roaming\uv\python\cpython-3.12.8-windows-x86_64-none\Lib\threading.py", line 1075, in _bootstrap_inner
    self.run()
  File "C:\Users\frc40\AppData\Roaming\uv\python\cpython-3.12.8-windows-x86_64-none\Lib\threading.py", line 1012, in run
    self._target(*self._args, **self._kwargs)
  File "C:\Users\frc40\Documents\Robot Code\Reefscape2025\.venv\Lib\site-packages\pyfrc\test_support\controller.py", line 42, in _robot_thread
    robot.startCompetition()
  File "C:\Users\frc40\Documents\Robot Code\Reefscape2025\.venv\Lib\site-packages\magicbot\magicrobot.py", line 376, in startCompetition
    self.autonomous()
  File "C:\Users\frc40\Documents\Robot Code\Reefscape2025\.venv\Lib\site-packages\magicbot\magicrobot.py", line 409, in autonomous
    self._automodes.run(
  File "C:\Users\frc40\Documents\Robot Code\Reefscape2025\.venv\Lib\site-packages\robotpy_ext\autonomous\selector.py", line 267, in run
    self._on_autonomous_enable()
  File "C:\Users\frc40\Documents\Robot Code\Reefscape2025\.venv\Lib\site-packages\robotpy_ext\autonomous\selector.py", line 374, in _on_autonomous_enable
    logger.info("Enabling '%s'", self.active_mode.MODE_NAME)
Message: "Enabling '%s'"
Arguments: ('Place 5 Coral',)
--- Logging error ---
Traceback (most recent call last):
  File "C:\Users\frc40\AppData\Roaming\uv\python\cpython-3.12.8-windows-x86_64-none\Lib\logging\__init__.py", line 1163, in emit
    stream.write(msg + self.terminator)
OSError: [WinError 6] The handle is invalid
Call stack:
  File "C:\Users\frc40\AppData\Roaming\uv\python\cpython-3.12.8-windows-x86_64-none\Lib\threading.py", line 1032, in _bootstrap
    self._bootstrap_inner()
  File "C:\Users\frc40\AppData\Roaming\uv\python\cpython-3.12.8-windows-x86_64-none\Lib\threading.py", line 1075, in _bootstrap_inner
    self.run()
  File "C:\Users\frc40\AppData\Roaming\uv\python\cpython-3.12.8-windows-x86_64-none\Lib\threading.py", line 1012, in run
    self._target(*self._args, **self._kwargs)
  File "C:\Users\frc40\Documents\Robot Code\Reefscape2025\.venv\Lib\site-packages\pyfrc\test_support\controller.py", line 42, in _robot_thread
    robot.startCompetition()
  File "C:\Users\frc40\Documents\Robot Code\Reefscape2025\.venv\Lib\site-packages\magicbot\magicrobot.py", line 376, in startCompetition
    self.autonomous()
  File "C:\Users\frc40\Documents\Robot Code\Reefscape2025\.venv\Lib\site-packages\magicbot\magicrobot.py", line 409, in autonomous
    self._automodes.run(
  File "C:\Users\frc40\Documents\Robot Code\Reefscape2025\.venv\Lib\site-packages\robotpy_ext\autonomous\selector.py", line 289, in run
    self._on_iteration(timer.get())
  File "C:\Users\frc40\Documents\Robot Code\Reefscape2025\.venv\Lib\site-packages\robotpy_ext\autonomous\selector.py", line 384, in _on_iteration
    self.active_mode.on_iteration(time_elapsed)
  File "C:\Users\frc40\Documents\Robot Code\Reefscape2025\.venv\Lib\site-packages\magicbot\state_machine.py", line 680, in on_iteration
    self.execute()
  File "C:\Users\frc40\Documents\Robot Code\Reefscape2025\.venv\Lib\site-packages\magicbot\state_machine.py", line 638, in execute
    self.logger.info("%.3fs: Entering state: %s", tm, state.name)
Message: '%.3fs: Entering state: %s'
Arguments: (0.0, 'drive_to_reef11')
------------------------------ Captured log call ------------------------------
INFO     autonomous:selector.py:86 Begin initializing autonomous mode switcher
INFO     autonomous:selector.py:177 Loaded autonomous modes:
INFO     autonomous:selector.py:184  -> Circle Reef
INFO     autonomous:selector.py:184  -> Move Off Line
INFO     autonomous:selector.py:184  -> Place 2 Coral
INFO     autonomous:selector.py:180  -> Place 5 Coral [Default]
INFO     autonomous:selector.py:210 Autonomous switcher initialized
INFO     robot:magicrobot.py:593 Creating magic components
INFO     robot:magicrobot.py:702 -> drive_to_pos (class: DriveToPosition)
INFO     robot:magicrobot.py:702 -> gyro (class: GyroComponent)
INFO     robot:magicrobot.py:702 -> drivetrain (class: DrivetrainComponent)
INFO     robot:magicrobot.py:702 -> vision (class: VisionComponent)
INFO     robot:magicrobot.py:702 -> battery_monitor (class: BatteryMonitorComponent)
INFO     robot:magicrobot.py:702 -> leds (class: LEDComponent)
INFO     test-all-autonomous:selector_tests.py:34 ========== Testing 'Circle Reef' ==========
INFO     autonomous:selector.py:252 Begin autonomous
INFO     autonomous:selector.py:374 Enabling 'Circle Reef'
INFO     Circle Reef:state_machine.py:638 0.000s: Entering state: drive_to_reef11
INFO     autonomous:selector.py:349 Disabling 'Circle Reef'
INFO     Circle Reef:state_machine.py:560 Stopped state machine execution
INFO     autonomous:selector.py:316 Autonomous mode ended
INFO     test-all-autonomous:selector_tests.py:34 ========== Testing 'Move Off Line' ==========
INFO     autonomous:selector.py:252 Begin autonomous
INFO     autonomous:selector.py:374 Enabling 'Move Off Line'
INFO     Move Off Line:state_machine.py:638 0.000s: Entering state: drive
INFO     Move Off Line:state_machine.py:560 Stopped state machine execution
INFO     autonomous:selector.py:349 Disabling 'Move Off Line'
INFO     autonomous:selector.py:316 Autonomous mode ended
INFO     test-all-autonomous:selector_tests.py:34 ========== Testing 'None' ==========
INFO     autonomous:selector.py:252 Begin autonomous
WARNING  autonomous:selector.py:377 No autonomous modes were selected, not enabling autonomous mode
INFO     autonomous:selector.py:316 Autonomous mode ended
INFO     test-all-autonomous:selector_tests.py:34 ========== Testing 'Place 2 Coral' ==========
INFO     autonomous:selector.py:252 Begin autonomous
INFO     autonomous:selector.py:374 Enabling 'Place 2 Coral'
INFO     Place 2 Coral:state_machine.py:638 0.000s: Entering state: drive_to_reef11
INFO     Place 2 Coral:state_machine.py:638 2.020s: Entering state: place_coral
INFO     Place 2 Coral:state_machine.py:638 5.020s: Entering state: drive_to_ps
INFO     Place 2 Coral:state_machine.py:638 9.020s: Entering state: wait_on_player_coral
INFO     Place 2 Coral:state_machine.py:638 11.020s: Entering state: drive_to_reef
INFO     autonomous:selector.py:349 Disabling 'Place 2 Coral'
INFO     Place 2 Coral:state_machine.py:560 Stopped state machine execution
INFO     autonomous:selector.py:316 Autonomous mode ended
INFO     test-all-autonomous:selector_tests.py:34 ========== Testing 'Place 5 Coral' ==========
INFO     autonomous:selector.py:252 Begin autonomous
INFO     autonomous:selector.py:374 Enabling 'Place 5 Coral'
INFO     Place 5 Coral:state_machine.py:638 0.000s: Entering state: drive_to_reef11
============================== warnings summary ===============================
tests/autonomous_test.py::test_all_autonomous[Red]
tests/autonomous_test.py::test_all_autonomous[Blue]
  C:\Users\frc40\Documents\Robot Code\Reefscape2025\.venv\Lib\site-packages\_pytest\runner.py:242: PluggyTeardownRaisedWarning: A plugin raised an exception during an old-style hookwrapper teardown.
  Plugin: reraise, Hook: pytest_runtest_call
  KeyError: 'place_coral'
  For more information see https://pluggy.readthedocs.io/en/stable/api_reference.html#pluggy.PluggyTeardownRaisedWarning
    lambda: runtest_hook(item=item, **kwds), when=when, reraise=reraise

-- Docs: https://docs.pytest.org/en/stable/how-to/capture-warnings.html
=========================== short test summary info ===========================
FAILED autonomous_test.py::test_all_autonomous[Red] - KeyError: 'place_coral'
FAILED autonomous_test.py::test_all_autonomous[Blue] - KeyError: 'place_coral'
!!!!!!!!!!!!!!!!!!!!!!!!!! stopping after 2 failures !!!!!!!!!!!!!!!!!!!!!!!!!!
================== 2 failed, 9 passed, 2 warnings in 21.71s ===================
